20:22:37 **** Build of project bold_zynq_FSBL_0_0_bsp ****
make -k all 
Running Make include in ps7_cortexa9_0/libsrc/canps_v2_0/src
make -C ps7_cortexa9_0/libsrc/canps_v2_0/src -s include -e "SHELL=/bin/sh" "COMPILER=arm-xilinx-eabi-gcc" "ARCHIVER=arm-xilinx-eabi-ar" "COMPILER_FLAGS=  -O2 -c" "EXTRA_COMPILER_FLAGS=-g"
Running Make include in ps7_cortexa9_0/libsrc/cpu_cortexa9_v2_0/src
make -C ps7_cortexa9_0/libsrc/cpu_cortexa9_v2_0/src -s include -e "SHELL=/bin/sh" "COMPILER=arm-xilinx-eabi-gcc" "ARCHIVER=arm-xilinx-eabi-ar" "COMPILER_FLAGS=  -O2 -c" "EXTRA_COMPILER_FLAGS=-g"
Running Make include in ps7_cortexa9_0/libsrc/devcfg_v3_0/src
make -C ps7_cortexa9_0/libsrc/devcfg_v3_0/src -s include -e "SHELL=/bin/sh" "COMPILER=arm-xilinx-eabi-gcc" "ARCHIVER=arm-xilinx-eabi-ar" "COMPILER_FLAGS=  -O2 -c" "EXTRA_COMPILER_FLAGS=-g"
Running Make include in ps7_cortexa9_0/libsrc/dmaps_v2_0/src
make -C ps7_cortexa9_0/libsrc/dmaps_v2_0/src -s include -e "SHELL=/bin/sh" "COMPILER=arm-xilinx-eabi-gcc" "ARCHIVER=arm-xilinx-eabi-ar" "COMPILER_FLAGS=  -O2 -c" "EXTRA_COMPILER_FLAGS=-g"
Running Make include in ps7_cortexa9_0/libsrc/emacps_v2_0/src
make -C ps7_cortexa9_0/libsrc/emacps_v2_0/src -s include -e "SHELL=/bin/sh" "COMPILER=arm-xilinx-eabi-gcc" "ARCHIVER=arm-xilinx-eabi-ar" "COMPILER_FLAGS=  -O2 -c" "EXTRA_COMPILER_FLAGS=-g"
make[1]: arm-xilinx-eabi-gcc: Command not found
Running Make include in ps7_cortexa9_0/libsrc/gpiops_v2_0/src
make[1]: *** [xcanps.o] Error 127
make -C ps7_cortexa9_0/libsrc/gpiops_v2_0/src -s include -e "SHELL=/bin/sh" "COMPILER=arm-xilinx-eabi-gcc" "ARCHIVER=arm-xilinx-eabi-ar" "COMPILER_FLAGS=  -O2 -c" "EXTRA_COMPILER_FLAGS=-g"
Running Make include in ps7_cortexa9_0/libsrc/iicps_v2_0/src
make -C ps7_cortexa9_0/libsrc/iicps_v2_0/src -s include -e "SHELL=/bin/sh" "COMPILER=arm-xilinx-eabi-gcc" "ARCHIVER=arm-xilinx-eabi-ar" "COMPILER_FLAGS=  -O2 -c" "EXTRA_COMPILER_FLAGS=-g"
make[1]: arm-xilinx-eabi-gcc: Command not found
make[1]: *** [xcanps_g.o] Error 127
Running Make include in ps7_cortexa9_0/libsrc/qspips_v3_0/src
make[1]: arm-xilinx-eabi-gcc: Command not found
make -C ps7_cortexa9_0/libsrc/qspips_v3_0/src -s include -e "SHELL=/bin/sh" "COMPILER=arm-xilinx-eabi-gcc" "ARCHIVER=arm-xilinx-eabi-ar" "COMPILER_FLAGS=  -O2 -c" "EXTRA_COMPILER_FLAGS=-g"
make[1]: *** [xcanps_hw.o] Error 127
Running Make include in ps7_cortexa9_0/libsrc/scugic_v2_0/src
make -C ps7_cortexa9_0/libsrc/scugic_v2_0/src -s include -e "SHELL=/bin/sh" "COMPILER=arm-xilinx-eabi-gcc" "ARCHIVER=arm-xilinx-eabi-ar" "COMPILER_FLAGS=  -O2 -c" "EXTRA_COMPILER_FLAGS=-g"
make[1]: arm-xilinx-eabi-gcc: Command not found
Running Make include in ps7_cortexa9_0/libsrc/scutimer_v2_0/src
make[1]: *** [xcanps_intr.o] Error 127
make[1]: arm-xilinx-eabi-gcc: Command not found
make[1]: *** [xcanps_selftest.o] Error 127
make[1]: arm-xilinx-eabi-gcc: Command not found
make[1]: *** [xcanps_sinit.o] Error 127
make[1]: Target `libs' not remade because of errors.
make: *** [ps7_cortexa9_0/libsrc/canps_v2_0/src/make.libs] Error 2
make[1]: arm-xilinx-eabi-gcc: Command not found
make[1]: *** [xdevcfg.o] Error 127
make[1]: arm-xilinx-eabi-gcc: Command not found
make[1]: *** [xdevcfg_g.o] Error 127
make[1]: arm-xilinx-eabi-gcc: Command not found
make[1]: *** [xdevcfg_hw.o] Error 127
make[1]: arm-xilinx-eabi-gcc: Command not found
make[1]: *** [xdevcfg_intr.o] Error 127
make[1]: arm-xilinx-eabi-gcc: Command not found
make[1]: *** [xdevcfg_selftest.o] Error 127
make[1]: arm-xilinx-eabi-gcc: Command not found
make[1]: *** [xdevcfg_sinit.o] Error 127
make[1]: Target `libs' not remade because of errors.
make: *** [ps7_cortexa9_0/libsrc/devcfg_v3_0/src/make.libs] Error 2
make[1]: arm-xilinx-eabi-gcc: Command not found
make[1]: *** [xdmaps.o] Error 127
make[1]: arm-xilinx-eabi-gcc: Command not found
make[1]: *** [xdmaps_g.o] Error 127
make[1]: arm-xilinx-eabi-gcc: Command not found
make[1]: *** [xdmaps_hw.o] Error 127
make[1]: arm-xilinx-eabi-gcc: Command not found
make[1]: *** [xdmaps_selftest.o] Error 127
make[1]: arm-xilinx-eabi-gcc: Command not found
make[1]: *** [xdmaps_sinit.o] Error 127
make[1]: Target `libs' not remade because of errors.
make: *** [ps7_cortexa9_0/libsrc/dmaps_v2_0/src/make.libs] Error 2
make -C ps7_cortexa9_0/libsrc/scutimer_v2_0/src -s include -e "SHELL=/bin/sh" "COMPILER=arm-xilinx-eabi-gcc" "ARCHIVER=arm-xilinx-eabi-ar" "COMPILER_FLAGS=  -O2 -c" "EXTRA_COMPILER_FLAGS=-g"
Running Make include in ps7_cortexa9_0/libsrc/scuwdt_v2_0/src
make -C ps7_cortexa9_0/libsrc/scuwdt_v2_0/src -s include -e "SHELL=/bin/sh" "COMPILER=arm-xilinx-eabi-gcc" "ARCHIVER=arm-xilinx-eabi-ar" "COMPILER_FLAGS=  -O2 -c" "EXTRA_COMPILER_FLAGS=-g"
Running Make include in ps7_cortexa9_0/libsrc/sdps_v2_0/src
make -C ps7_cortexa9_0/libsrc/sdps_v2_0/src -s include -e "SHELL=/bin/sh" "COMPILER=arm-xilinx-eabi-gcc" "ARCHIVER=arm-xilinx-eabi-ar" "COMPILER_FLAGS=  -O2 -c" "EXTRA_COMPILER_FLAGS=-g"
make[1]: arm-xilinx-eabi-gcc: Command not found
Running Make include in ps7_cortexa9_0/libsrc/standalone_v4_0/src
make -C ps7_cortexa9_0/libsrc/standalone_v4_0/src -s include -e "SHELL=/bin/sh" "COMPILER=arm-xilinx-eabi-gcc" "ARCHIVER=arm-xilinx-eabi-ar" "COMPILER_FLAGS=  -O2 -c" "EXTRA_COMPILER_FLAGS=-g"
make[2]: Entering directory `/home/jared/Research/workspace/bold_zynq_FSBL_0_0_bsp/ps7_cortexa9_0/libsrc/standalone_v4_0/src/profile'
cp -rf profile.h mblaze_nt_types.h _profile_timer_hw.h ../../../../include
make[2]: Leaving directory `/home/jared/Research/workspace/bold_zynq_FSBL_0_0_bsp/ps7_cortexa9_0/libsrc/standalone_v4_0/src/profile'
Running Make include in ps7_cortexa9_0/libsrc/ttcps_v2_0/src
make -C ps7_cortexa9_0/libsrc/ttcps_v2_0/src -s include -e "SHELL=/bin/sh" "COMPILER=arm-xilinx-eabi-gcc" "ARCHIVER=arm-xilinx-eabi-ar" "COMPILER_FLAGS=  -O2 -c" "EXTRA_COMPILER_FLAGS=-g"
Running Make include in ps7_cortexa9_0/libsrc/uartps_v2_0/src
make -C ps7_cortexa9_0/libsrc/uartps_v2_0/src -s include -e "SHELL=/bin/sh" "COMPILER=arm-xilinx-eabi-gcc" "ARCHIVER=arm-xilinx-eabi-ar" "COMPILER_FLAGS=  -O2 -c" "EXTRA_COMPILER_FLAGS=-g"
Running Make include in ps7_cortexa9_0/libsrc/usbps_v2_0/src
make -C ps7_cortexa9_0/libsrc/usbps_v2_0/src -s include -e "SHELL=/bin/sh" "COMPILER=arm-xilinx-eabi-gcc" "ARCHIVER=arm-xilinx-eabi-ar" "COMPILER_FLAGS=  -O2 -c" "EXTRA_COMPILER_FLAGS=-g"
Running Make include in ps7_cortexa9_0/libsrc/xadcps_v2_0/src
make -C ps7_cortexa9_0/libsrc/xadcps_v2_0/src -s include -e "SHELL=/bin/sh" "COMPILER=arm-xilinx-eabi-gcc" "ARCHIVER=arm-xilinx-eabi-ar" "COMPILER_FLAGS=  -O2 -c" "EXTRA_COMPILER_FLAGS=-g"
Running Make include in ps7_cortexa9_0/libsrc/xilffs_v2_0/src
make -C ps7_cortexa9_0/libsrc/xilffs_v2_0/src -s include -e "SHELL=/bin/sh" "COMPILER=arm-xilinx-eabi-gcc" "ARCHIVER=arm-xilinx-eabi-ar" "COMPILER_FLAGS=  -O2 -c" "EXTRA_COMPILER_FLAGS=-g"
Running Make libs in ps7_cortexa9_0/libsrc/canps_v2_0/src
make -C ps7_cortexa9_0/libsrc/canps_v2_0/src -s libs -e "SHELL=/bin/sh" "COMPILER=arm-xilinx-eabi-gcc" "ARCHIVER=arm-xilinx-eabi-ar" "COMPILER_FLAGS=  -O2 -c" "EXTRA_COMPILER_FLAGS=-g"
Compiling canps
Running Make libs in ps7_cortexa9_0/libsrc/cpu_cortexa9_v2_0/src
make -C ps7_cortexa9_0/libsrc/cpu_cortexa9_v2_0/src -s libs -e "SHELL=/bin/sh" "COMPILER=arm-xilinx-eabi-gcc" "ARCHIVER=arm-xilinx-eabi-ar" "COMPILER_FLAGS=  -O2 -c" "EXTRA_COMPILER_FLAGS=-g"
Compiling cpu_cortexa9
Running Make libs in ps7_cortexa9_0/libsrc/devcfg_v3_0/src
make -C ps7_cortexa9_0/libsrc/devcfg_v3_0/src -s libs -e "SHELL=/bin/sh" "COMPILER=arm-xilinx-eabi-gcc" "ARCHIVER=arm-xilinx-eabi-ar" "COMPILER_FLAGS=  -O2 -c" "EXTRA_COMPILER_FLAGS=-g"
make[1]: *** [xemacps_bdring.o] Error 127
make[1]: arm-xilinx-eabi-gcc: Command not found
make[1]: *** [xemacps.o] Error 127
make[1]: arm-xilinx-eabi-gcc: Command not found
make[1]: *** [xemacps_control.o] Error 127
make[1]: arm-xilinx-eabi-gcc: Command not found
make[1]: *** [xemacps_g.o] Error 127
make[1]: arm-xilinx-eabi-gcc: Command not found
make[1]: *** [xemacps_hw.o] Error 127
make[1]: arm-xilinx-eabi-gcc: Command not found
make[1]: *** [xemacps_intr.o] Error 127
make[1]: arm-xilinx-eabi-gcc: Command not found
make[1]: *** [xemacps_sinit.o] Error 127
make[1]: Target `libs' not remade because of errors.
make: *** [ps7_cortexa9_0/libsrc/emacps_v2_0/src/make.libs] Error 2
make[1]: arm-xilinx-eabi-gcc: Command not found
make[1]: *** [xgpiops.o] Error 127
make[1]: arm-xilinx-eabi-gcc: Command not found
make[1]: *** [xgpiops_g.o] Error 127
make[1]: arm-xilinx-eabi-gcc: Command not found
make[1]: *** [xgpiops_hw.o] Error 127
make[1]: arm-xilinx-eabi-gcc: Command not found
make[1]: *** [xgpiops_intr.o] Error 127
Compiling devcfg
make[1]: arm-xilinx-eabi-gcc: Command not found
make[1]: *** [xgpiops_selftest.o] Error 127
make[1]: arm-xilinx-eabi-gcc: Command not found
make[1]: *** [xgpiops_sinit.o] Error 127
make[1]: Target `libs' not remade because of errors.
make: *** [ps7_cortexa9_0/libsrc/gpiops_v2_0/src/make.libs] Error 2
make[1]: arm-xilinx-eabi-gcc: Command not found
make[1]: *** [xiicps.o] Error 127
make[1]: arm-xilinx-eabi-gcc: Command not found
make[1]: *** [xiicps_g.o] Error 127
make[1]: arm-xilinx-eabi-gcc: Command not found
make[1]: *** [xiicps_hw.o] Error 127
make[1]: arm-xilinx-eabi-gcc: Command not found
make[1]: *** [xiicps_intr.o] Error 127
make[1]: arm-xilinx-eabi-gcc: Command not found
make[1]: *** [xiicps_master.o] Error 127
make[1]: arm-xilinx-eabi-gcc: Command not found
make[1]: *** [xiicps_options.o] Error 127
make[1]: arm-xilinx-eabi-gcc: Command not found
make[1]: *** [xiicps_selftest.o] Error 127
make[1]: arm-xilinx-eabi-gcc: Command not found
make[1]: *** [xiicps_sinit.o] Error 127
make[1]: arm-xilinx-eabi-gcc: Command not found
make[1]: *** [xiicps_slave.o] Error 127
make[1]: Target `libs' not remade because of errors.
make: *** [ps7_cortexa9_0/libsrc/iicps_v2_0/src/make.libs] Error 2
make[1]: arm-xilinx-eabi-gcc: Command not found
make[1]: *** [xqspips.o] Error 127
make[1]: arm-xilinx-eabi-gcc: Command not found
make[1]: *** [xqspips_g.o] Error 127
make[1]: arm-xilinx-eabi-gcc: Command not found
make[1]: *** [xqspips_hw.o] Error 127
make[1]: arm-xilinx-eabi-gcc: Command not found
make[1]: *** [xqspips_options.o] Error 127
make[1]: arm-xilinx-eabi-gcc: Command not found
make[1]: *** [xqspips_selftest.o] Error 127
make[1]: arm-xilinx-eabi-gcc: Command not found
make[1]: *** [xqspips_sinit.o] Error 127
make[1]: Target `libs' not remade because of errors.
make: *** [ps7_cortexa9_0/libsrc/qspips_v3_0/src/make.libs] Error 2
make[1]: arm-xilinx-eabi-gcc: Command not found
make[1]: *** [xscugic.o] Error 127
make[1]: arm-xilinx-eabi-gcc: Command not found
make[1]: *** [xscugic_g.o] Error 127
make[1]: arm-xilinx-eabi-gcc: Command not found
make[1]: *** [xscugic_hw.o] Error 127
make[1]: arm-xilinx-eabi-gcc: Command not found
make[1]: *** [xscugic_intr.o] Error 127
make[1]: arm-xilinx-eabi-gcc: Command not found
make[1]: *** [xscugic_selftest.o] Error 127
make[1]: arm-xilinx-eabi-gcc: Command not found
make[1]: *** [xscugic_sinit.o] Error 127
make[1]: Target `libs' not remade because of errors.
make: *** [ps7_cortexa9_0/libsrc/scugic_v2_0/src/make.libs] Error 2
make[1]: arm-xilinx-eabi-gcc: Command not found
make[1]: *** [xscutimer.o] Error 127
make[1]: arm-xilinx-eabi-gcc: Command not found
make[1]: *** [xscutimer_g.o] Error 127
make[1]: arm-xilinx-eabi-gcc: Command not found
make[1]: *** [xscutimer_selftest.o] Error 127
make[1]: arm-xilinx-eabi-gcc: Command not found
make[1]: *** [xscutimer_sinit.o] Error 127
make[1]: Target `libs' not remade because of errors.
make: *** [ps7_cortexa9_0/libsrc/scutimer_v2_0/src/make.libs] Error 2
make[1]: arm-xilinx-eabi-gcc: Command not found
make[1]: *** [xscuwdt.o] Error 127
make[1]: arm-xilinx-eabi-gcc: Command not found
make[1]: *** [xscuwdt_g.o] Error 127
make[1]: arm-xilinx-eabi-gcc: Command not found
make[1]: *** [xscuwdt_selftest.o] Error 127
make[1]: arm-xilinx-eabi-gcc: Command not found
make[1]: *** [xscuwdt_sinit.o] Error 127
make[1]: Target `libs' not remade because of errors.
make: *** [ps7_cortexa9_0/libsrc/scuwdt_v2_0/src/make.libs] Error 2
make[1]: arm-xilinx-eabi-gcc: Command not found
make[1]: *** [xsdps.o] Error 127
make[1]: arm-xilinx-eabi-gcc: Command not found
make[1]: *** [xsdps_g.o] Error 127
make[1]: arm-xilinx-eabi-gcc: Command not found
Running Make libs in ps7_cortexa9_0/libsrc/dmaps_v2_0/src
make[1]: *** [xsdps_options.o] Error 127
make[1]: arm-xilinx-eabi-gcc: Command not found
make[1]: *** [xsdps_sinit.o] Error 127
make[1]: Target `libs' not remade because of errors.
make: *** [ps7_cortexa9_0/libsrc/sdps_v2_0/src/make.libs] Error 2
make[1]: arm-xilinx-eabi-gcc: Command not found
make[1]: *** [standalone_libs] Error 127
make[1]: Target `libs' not remade because of errors.
make: *** [ps7_cortexa9_0/libsrc/standalone_v4_0/src/make.libs] Error 2
make[1]: arm-xilinx-eabi-gcc: Command not found
make[1]: *** [xttcps.o] Error 127
make[1]: arm-xilinx-eabi-gcc: Command not found
make[1]: *** [xttcps_g.o] Error 127
make[1]: arm-xilinx-eabi-gcc: Command not found
make[1]: *** [xttcps_options.o] Error 127
make[1]: arm-xilinx-eabi-gcc: Command not found
make[1]: *** [xttcps_selftest.o] Error 127
make[1]: arm-xilinx-eabi-gcc: Command not found
make[1]: *** [xttcps_sinit.o] Error 127
make[1]: Target `libs' not remade because of errors.
make: *** [ps7_cortexa9_0/libsrc/ttcps_v2_0/src/make.libs] Error 2
make[1]: arm-xilinx-eabi-gcc: Command not found
make[1]: *** [xuartps.o] Error 127
make[1]: arm-xilinx-eabi-gcc: Command not found
make[1]: *** [xuartps_g.o] Error 127
make[1]: arm-xilinx-eabi-gcc: Command not found
make[1]: *** [xuartps_hw.o] Error 127
make[1]: arm-xilinx-eabi-gcc: Command not found
make[1]: *** [xuartps_intr.o] Error 127
make[1]: arm-xilinx-eabi-gcc: Command not found
make[1]: *** [xuartps_options.o] Error 127
make[1]: arm-xilinx-eabi-gcc: Command not found
make[1]: *** [xuartps_selftest.o] Error 127
make[1]: arm-xilinx-eabi-gcc: Command not found
make[1]: *** [xuartps_sinit.o] Error 127
make[1]: Target `libs' not remade because of errors.
make: *** [ps7_cortexa9_0/libsrc/uartps_v2_0/src/make.libs] Error 2
make[1]: arm-xilinx-eabi-gcc: Command not found
make[1]: *** [xusbps.o] Error 127
make[1]: arm-xilinx-eabi-gcc: Command not found
make -C ps7_cortexa9_0/libsrc/dmaps_v2_0/src -s libs -e "SHELL=/bin/sh" "COMPILER=arm-xilinx-eabi-gcc" "ARCHIVER=arm-xilinx-eabi-ar" "COMPILER_FLAGS=  -O2 -c" "EXTRA_COMPILER_FLAGS=-g"
make[1]: *** [xusbps_endpoint.o] Error 127
make[1]: arm-xilinx-eabi-gcc: Command not found
make[1]: *** [xusbps_g.o] Error 127
make[1]: arm-xilinx-eabi-gcc: Command not found
make[1]: *** [xusbps_hw.o] Error 127
make[1]: arm-xilinx-eabi-gcc: Command not found
make[1]: *** [xusbps_intr.o] Error 127
make[1]: arm-xilinx-eabi-gcc: Command not found
make[1]: *** [xusbps_sinit.o] Error 127
make[1]: Target `libs' not remade because of errors.
make: *** [ps7_cortexa9_0/libsrc/usbps_v2_0/src/make.libs] Error 2
make[1]: arm-xilinx-eabi-gcc: Command not found
make[1]: *** [xadcps.o] Error 127
make[1]: arm-xilinx-eabi-gcc: Command not found
make[1]: *** [xadcps_g.o] Error 127
make[1]: arm-xilinx-eabi-gcc: Command not found
make[1]: *** [xadcps_intr.o] Error 127
make[1]: arm-xilinx-eabi-gcc: Command not found
make[1]: *** [xadcps_selftest.o] Error 127
make[1]: arm-xilinx-eabi-gcc: Command not found
make[1]: *** [xadcps_sinit.o] Error 127
make[1]: Target `libs' not remade because of errors.
Compiling dmaps
make: *** [ps7_cortexa9_0/libsrc/xadcps_v2_0/src/make.libs] Error 2
make[1]: arm-xilinx-eabi-gcc: Command not found
make[1]: *** [ff.o] Error 127
make[1]: arm-xilinx-eabi-gcc: Command not found
make[1]: *** [diskio.o] Error 127
make[1]: Target `libs' not remade because of errors.
make: *** [ps7_cortexa9_0/libsrc/xilffs_v2_0/src/make.libs] Error 2
make: Target `all' not remade because of errors.
Running Make libs in ps7_cortexa9_0/libsrc/emacps_v2_0/src
make -C ps7_cortexa9_0/libsrc/emacps_v2_0/src -s libs -e "SHELL=/bin/sh" "COMPILER=arm-xilinx-eabi-gcc" "ARCHIVER=arm-xilinx-eabi-ar" "COMPILER_FLAGS=  -O2 -c" "EXTRA_COMPILER_FLAGS=-g"
Compiling emacps
Running Make libs in ps7_cortexa9_0/libsrc/gpiops_v2_0/src
make -C ps7_cortexa9_0/libsrc/gpiops_v2_0/src -s libs -e "SHELL=/bin/sh" "COMPILER=arm-xilinx-eabi-gcc" "ARCHIVER=arm-xilinx-eabi-ar" "COMPILER_FLAGS=  -O2 -c" "EXTRA_COMPILER_FLAGS=-g"
Compiling gpiops
Running Make libs in ps7_cortexa9_0/libsrc/iicps_v2_0/src
make -C ps7_cortexa9_0/libsrc/iicps_v2_0/src -s libs -e "SHELL=/bin/sh" "COMPILER=arm-xilinx-eabi-gcc" "ARCHIVER=arm-xilinx-eabi-ar" "COMPILER_FLAGS=  -O2 -c" "EXTRA_COMPILER_FLAGS=-g"
Compiling iicps
Running Make libs in ps7_cortexa9_0/libsrc/qspips_v3_0/src
make -C ps7_cortexa9_0/libsrc/qspips_v3_0/src -s libs -e "SHELL=/bin/sh" "COMPILER=arm-xilinx-eabi-gcc" "ARCHIVER=arm-xilinx-eabi-ar" "COMPILER_FLAGS=  -O2 -c" "EXTRA_COMPILER_FLAGS=-g"
Compiling qspips
Running Make libs in ps7_cortexa9_0/libsrc/scugic_v2_0/src
make -C ps7_cortexa9_0/libsrc/scugic_v2_0/src -s libs -e "SHELL=/bin/sh" "COMPILER=arm-xilinx-eabi-gcc" "ARCHIVER=arm-xilinx-eabi-ar" "COMPILER_FLAGS=  -O2 -c" "EXTRA_COMPILER_FLAGS=-g"
Compiling scugic
Running Make libs in ps7_cortexa9_0/libsrc/scutimer_v2_0/src
make -C ps7_cortexa9_0/libsrc/scutimer_v2_0/src -s libs -e "SHELL=/bin/sh" "COMPILER=arm-xilinx-eabi-gcc" "ARCHIVER=arm-xilinx-eabi-ar" "COMPILER_FLAGS=  -O2 -c" "EXTRA_COMPILER_FLAGS=-g"
Compiling scutimer
Running Make libs in ps7_cortexa9_0/libsrc/scuwdt_v2_0/src
make -C ps7_cortexa9_0/libsrc/scuwdt_v2_0/src -s libs -e "SHELL=/bin/sh" "COMPILER=arm-xilinx-eabi-gcc" "ARCHIVER=arm-xilinx-eabi-ar" "COMPILER_FLAGS=  -O2 -c" "EXTRA_COMPILER_FLAGS=-g"
Compiling scuwdt
Running Make libs in ps7_cortexa9_0/libsrc/sdps_v2_0/src
make -C ps7_cortexa9_0/libsrc/sdps_v2_0/src -s libs -e "SHELL=/bin/sh" "COMPILER=arm-xilinx-eabi-gcc" "ARCHIVER=arm-xilinx-eabi-ar" "COMPILER_FLAGS=  -O2 -c" "EXTRA_COMPILER_FLAGS=-g"
Compiling sdps
Running Make libs in ps7_cortexa9_0/libsrc/standalone_v4_0/src
make -C ps7_cortexa9_0/libsrc/standalone_v4_0/src -s libs -e "SHELL=/bin/sh" "COMPILER=arm-xilinx-eabi-gcc" "ARCHIVER=arm-xilinx-eabi-ar" "COMPILER_FLAGS=  -O2 -c" "EXTRA_COMPILER_FLAGS=-g"
Compiling standalone
Running Make libs in ps7_cortexa9_0/libsrc/ttcps_v2_0/src
make -C ps7_cortexa9_0/libsrc/ttcps_v2_0/src -s libs -e "SHELL=/bin/sh" "COMPILER=arm-xilinx-eabi-gcc" "ARCHIVER=arm-xilinx-eabi-ar" "COMPILER_FLAGS=  -O2 -c" "EXTRA_COMPILER_FLAGS=-g"
Compiling ttcps
Running Make libs in ps7_cortexa9_0/libsrc/uartps_v2_0/src
make -C ps7_cortexa9_0/libsrc/uartps_v2_0/src -s libs -e "SHELL=/bin/sh" "COMPILER=arm-xilinx-eabi-gcc" "ARCHIVER=arm-xilinx-eabi-ar" "COMPILER_FLAGS=  -O2 -c" "EXTRA_COMPILER_FLAGS=-g"
Compiling uartps
Running Make libs in ps7_cortexa9_0/libsrc/usbps_v2_0/src
make -C ps7_cortexa9_0/libsrc/usbps_v2_0/src -s libs -e "SHELL=/bin/sh" "COMPILER=arm-xilinx-eabi-gcc" "ARCHIVER=arm-xilinx-eabi-ar" "COMPILER_FLAGS=  -O2 -c" "EXTRA_COMPILER_FLAGS=-g"
Compiling usbps
Running Make libs in ps7_cortexa9_0/libsrc/xadcps_v2_0/src
make -C ps7_cortexa9_0/libsrc/xadcps_v2_0/src -s libs -e "SHELL=/bin/sh" "COMPILER=arm-xilinx-eabi-gcc" "ARCHIVER=arm-xilinx-eabi-ar" "COMPILER_FLAGS=  -O2 -c" "EXTRA_COMPILER_FLAGS=-g"
Compiling xadcps
Running Make libs in ps7_cortexa9_0/libsrc/xilffs_v2_0/src
make -C ps7_cortexa9_0/libsrc/xilffs_v2_0/src -s libs -e "SHELL=/bin/sh" "COMPILER=arm-xilinx-eabi-gcc" "ARCHIVER=arm-xilinx-eabi-ar" "COMPILER_FLAGS=  -O2 -c" "EXTRA_COMPILER_FLAGS=-g"
Compiling XilFFs Library
20:22:39 **** Build of configuration Debug for project bold_zynq_FSBL_0_0 ****
make all 
Building file: ../src/ddr_init.c
Invoking: ARM gcc compiler
arm-xilinx-eabi-gcc -Wall -O0 -g3 -I"/home/jared/Research/workspace/ZC702_hw_platform" -c -fmessage-length=0 -I../../bold_zynq_FSBL_0_0_bsp/ps7_cortexa9_0/include -MMD -MP -MF"src/ddr_init.d" -MT"src/ddr_init.d" -o "src/ddr_init.o" "../src/ddr_init.c"
/bin/sh: 1: arm-xilinx-eabi-gcc: not found
make: *** [src/ddr_init.o] Error 127
20:35:50 **** Auto Build of project bold_zynq_FSBL_0_0_bsp ****
make -k all 
Running Make include in ps7_cortexa9_0/libsrc/canps_v2_0/src
make -C ps7_cortexa9_0/libsrc/canps_v2_0/src -s include -e "SHELL=/bin/sh" "COMPILER=arm-xilinx-eabi-gcc" "ARCHIVER=arm-xilinx-eabi-ar" "COMPILER_FLAGS=  -O2 -c" "EXTRA_COMPILER_FLAGS=-g"
Running Make include in ps7_cortexa9_0/libsrc/cpu_cortexa9_v2_0/src
make -C ps7_cortexa9_0/libsrc/cpu_cortexa9_v2_0/src -s include -e "SHELL=/bin/sh" "COMPILER=arm-xilinx-eabi-gcc" "ARCHIVER=arm-xilinx-eabi-ar" "COMPILER_FLAGS=  -O2 -c" "EXTRA_COMPILER_FLAGS=-g"
Running Make include in ps7_cortexa9_0/libsrc/devcfg_v3_0/src
make -C ps7_cortexa9_0/libsrc/devcfg_v3_0/src -s include -e "SHELL=/bin/sh" "COMPILER=arm-xilinx-eabi-gcc" "ARCHIVER=arm-xilinx-eabi-ar" "COMPILER_FLAGS=  -O2 -c" "EXTRA_COMPILER_FLAGS=-g"
Running Make include in ps7_cortexa9_0/libsrc/dmaps_v2_0/src
make -C ps7_cortexa9_0/libsrc/dmaps_v2_0/src -s include -e "SHELL=/bin/sh" "COMPILER=arm-xilinx-eabi-gcc" "ARCHIVER=arm-xilinx-eabi-ar" "COMPILER_FLAGS=  -O2 -c" "EXTRA_COMPILER_FLAGS=-g"
make[1]: arm-xilinx-eabi-gcc: Command not found
Running Make include in ps7_cortexa9_0/libsrc/emacps_v2_0/src
make -C ps7_cortexa9_0/libsrc/emacps_v2_0/src -s include -e "SHELL=/bin/sh" "COMPILER=arm-xilinx-eabi-gcc" "ARCHIVER=arm-xilinx-eabi-ar" "COMPILER_FLAGS=  -O2 -c" "EXTRA_COMPILER_FLAGS=-g"
make[1]: *** [xcanps.o] Error 127
make[1]: arm-xilinx-eabi-gcc: Command not found
Running Make include in ps7_cortexa9_0/libsrc/gpiops_v2_0/src
make[1]: *** [xcanps_g.o] Error 127
make -C ps7_cortexa9_0/libsrc/gpiops_v2_0/src -s include -e "SHELL=/bin/sh" "COMPILER=arm-xilinx-eabi-gcc" "ARCHIVER=arm-xilinx-eabi-ar" "COMPILER_FLAGS=  -O2 -c" "EXTRA_COMPILER_FLAGS=-g"
make[1]: arm-xilinx-eabi-gcc: Command not found
make[1]: *** [xcanps_hw.o] Error 127
make[1]: arm-xilinx-eabi-gcc: Command not found
Running Make include in ps7_cortexa9_0/libsrc/iicps_v2_0/src
make[1]: *** [xcanps_intr.o] Error 127
make[1]: arm-xilinx-eabi-gcc: Command not found
make[1]: *** [xcanps_selftest.o] Error 127
make[1]: arm-xilinx-eabi-gcc: Command not found
make -C ps7_cortexa9_0/libsrc/iicps_v2_0/src -s include -e "SHELL=/bin/sh" "COMPILER=arm-xilinx-eabi-gcc" "ARCHIVER=arm-xilinx-eabi-ar" "COMPILER_FLAGS=  -O2 -c" "EXTRA_COMPILER_FLAGS=-g"
make[1]: *** [xcanps_sinit.o] Error 127
make[1]: Target `libs' not remade because of errors.
Running Make include in ps7_cortexa9_0/libsrc/qspips_v3_0/src
make: *** [ps7_cortexa9_0/libsrc/canps_v2_0/src/make.libs] Error 2
make -C ps7_cortexa9_0/libsrc/qspips_v3_0/src -s include -e "SHELL=/bin/sh" "COMPILER=arm-xilinx-eabi-gcc" "ARCHIVER=arm-xilinx-eabi-ar" "COMPILER_FLAGS=  -O2 -c" "EXTRA_COMPILER_FLAGS=-g"
Running Make include in ps7_cortexa9_0/libsrc/scugic_v2_0/src
make -C ps7_cortexa9_0/libsrc/scugic_v2_0/src -s include -e "SHELL=/bin/sh" "COMPILER=arm-xilinx-eabi-gcc" "ARCHIVER=arm-xilinx-eabi-ar" "COMPILER_FLAGS=  -O2 -c" "EXTRA_COMPILER_FLAGS=-g"
Running Make include in ps7_cortexa9_0/libsrc/scutimer_v2_0/src
make -C ps7_cortexa9_0/libsrc/scutimer_v2_0/src -s include -e "SHELL=/bin/sh" "COMPILER=arm-xilinx-eabi-gcc" "ARCHIVER=arm-xilinx-eabi-ar" "COMPILER_FLAGS=  -O2 -c" "EXTRA_COMPILER_FLAGS=-g"
Running Make include in ps7_cortexa9_0/libsrc/scuwdt_v2_0/src
make -C ps7_cortexa9_0/libsrc/scuwdt_v2_0/src -s include -e "SHELL=/bin/sh" "COMPILER=arm-xilinx-eabi-gcc" "ARCHIVER=arm-xilinx-eabi-ar" "COMPILER_FLAGS=  -O2 -c" "EXTRA_COMPILER_FLAGS=-g"
Running Make include in ps7_cortexa9_0/libsrc/sdps_v2_0/src
make -C ps7_cortexa9_0/libsrc/sdps_v2_0/src -s include -e "SHELL=/bin/sh" "COMPILER=arm-xilinx-eabi-gcc" "ARCHIVER=arm-xilinx-eabi-ar" "COMPILER_FLAGS=  -O2 -c" "EXTRA_COMPILER_FLAGS=-g"
Running Make include in ps7_cortexa9_0/libsrc/standalone_v4_0/src
make[1]: arm-xilinx-eabi-gcc: Command not found
make[1]: *** [xdevcfg.o] Error 127
make[1]: arm-xilinx-eabi-gcc: Command not found
make[1]: *** [xdevcfg_g.o] Error 127
make[1]: arm-xilinx-eabi-gcc: Command not found
make[1]: *** [xdevcfg_hw.o] Error 127
make[1]: arm-xilinx-eabi-gcc: Command not found
make[1]: *** [xdevcfg_intr.o] Error 127
make[1]: arm-xilinx-eabi-gcc: Command not found
make[1]: *** [xdevcfg_selftest.o] Error 127
make[1]: arm-xilinx-eabi-gcc: Command not found
make[1]: *** [xdevcfg_sinit.o] Error 127
make[1]: Target `libs' not remade because of errors.
make: *** [ps7_cortexa9_0/libsrc/devcfg_v3_0/src/make.libs] Error 2
make[1]: arm-xilinx-eabi-gcc: Command not found
make[1]: *** [xdmaps.o] Error 127
make[1]: arm-xilinx-eabi-gcc: Command not found
make[1]: *** [xdmaps_g.o] Error 127
make[1]: arm-xilinx-eabi-gcc: Command not found
make[1]: *** [xdmaps_hw.o] Error 127
make[1]: arm-xilinx-eabi-gcc: Command not found
make[1]: *** [xdmaps_selftest.o] Error 127
make[1]: arm-xilinx-eabi-gcc: Command not found
make[1]: *** [xdmaps_sinit.o] Error 127
make[1]: Target `libs' not remade because of errors.
make: *** [ps7_cortexa9_0/libsrc/dmaps_v2_0/src/make.libs] Error 2
make[1]: arm-xilinx-eabi-gcc: Command not found
make[1]: *** [xemacps_bdring.o] Error 127
make[1]: arm-xilinx-eabi-gcc: Command not found
make[1]: *** [xemacps.o] Error 127
make[1]: arm-xilinx-eabi-gcc: Command not found
make[1]: *** [xemacps_control.o] Error 127
make -C ps7_cortexa9_0/libsrc/standalone_v4_0/src -s include -e "SHELL=/bin/sh" "COMPILER=arm-xilinx-eabi-gcc" "ARCHIVER=arm-xilinx-eabi-ar" "COMPILER_FLAGS=  -O2 -c" "EXTRA_COMPILER_FLAGS=-g"
make[2]: Entering directory `/home/jared/Research/workspace/bold_zynq_FSBL_0_0_bsp/ps7_cortexa9_0/libsrc/standalone_v4_0/src/profile'
cp -rf profile.h mblaze_nt_types.h _profile_timer_hw.h ../../../../include
make[2]: Leaving directory `/home/jared/Research/workspace/bold_zynq_FSBL_0_0_bsp/ps7_cortexa9_0/libsrc/standalone_v4_0/src/profile'
Running Make include in ps7_cortexa9_0/libsrc/ttcps_v2_0/src
make -C ps7_cortexa9_0/libsrc/ttcps_v2_0/src -s include -e "SHELL=/bin/sh" "COMPILER=arm-xilinx-eabi-gcc" "ARCHIVER=arm-xilinx-eabi-ar" "COMPILER_FLAGS=  -O2 -c" "EXTRA_COMPILER_FLAGS=-g"
Running Make include in ps7_cortexa9_0/libsrc/uartps_v2_0/src
make -C ps7_cortexa9_0/libsrc/uartps_v2_0/src -s include -e "SHELL=/bin/sh" "COMPILER=arm-xilinx-eabi-gcc" "ARCHIVER=arm-xilinx-eabi-ar" "COMPILER_FLAGS=  -O2 -c" "EXTRA_COMPILER_FLAGS=-g"
Running Make include in ps7_cortexa9_0/libsrc/usbps_v2_0/src
make -C ps7_cortexa9_0/libsrc/usbps_v2_0/src -s include -e "SHELL=/bin/sh" "COMPILER=arm-xilinx-eabi-gcc" "ARCHIVER=arm-xilinx-eabi-ar" "COMPILER_FLAGS=  -O2 -c" "EXTRA_COMPILER_FLAGS=-g"
Running Make include in ps7_cortexa9_0/libsrc/xadcps_v2_0/src
make -C ps7_cortexa9_0/libsrc/xadcps_v2_0/src -s include -e "SHELL=/bin/sh" "COMPILER=arm-xilinx-eabi-gcc" "ARCHIVER=arm-xilinx-eabi-ar" "COMPILER_FLAGS=  -O2 -c" "EXTRA_COMPILER_FLAGS=-g"
Running Make include in ps7_cortexa9_0/libsrc/xilffs_v2_0/src
make -C ps7_cortexa9_0/libsrc/xilffs_v2_0/src -s include -e "SHELL=/bin/sh" "COMPILER=arm-xilinx-eabi-gcc" "ARCHIVER=arm-xilinx-eabi-ar" "COMPILER_FLAGS=  -O2 -c" "EXTRA_COMPILER_FLAGS=-g"
Running Make libs in ps7_cortexa9_0/libsrc/canps_v2_0/src
make -C ps7_cortexa9_0/libsrc/canps_v2_0/src -s libs -e "SHELL=/bin/sh" "COMPILER=arm-xilinx-eabi-gcc" "ARCHIVER=arm-xilinx-eabi-ar" "COMPILER_FLAGS=  -O2 -c" "EXTRA_COMPILER_FLAGS=-g"
Compiling canps
make[1]: arm-xilinx-eabi-gcc: Command not found
make[1]: *** [xemacps_g.o] Error 127
make[1]: arm-xilinx-eabi-gcc: Command not found
make[1]: *** [xemacps_hw.o] Error 127
make[1]: arm-xilinx-eabi-gcc: Command not found
make[1]: *** [xemacps_intr.o] Error 127
make[1]: arm-xilinx-eabi-gcc: Command not found
make[1]: *** [xemacps_sinit.o] Error 127
make[1]: Target `libs' not remade because of errors.
make: *** [ps7_cortexa9_0/libsrc/emacps_v2_0/src/make.libs] Error 2
make[1]: arm-xilinx-eabi-gcc: Command not found
make[1]: *** [xgpiops.o] Error 127
make[1]: arm-xilinx-eabi-gcc: Command not found
make[1]: *** [xgpiops_g.o] Error 127
make[1]: arm-xilinx-eabi-gcc: Command not found
make[1]: *** [xgpiops_hw.o] Error 127
make[1]: arm-xilinx-eabi-gcc: Command not found
make[1]: *** [xgpiops_intr.o] Error 127
make[1]: arm-xilinx-eabi-gcc: Command not found
make[1]: *** [xgpiops_selftest.o] Error 127
make[1]: arm-xilinx-eabi-gcc: Command not found
make[1]: *** [xgpiops_sinit.o] Error 127
make[1]: Target `libs' not remade because of errors.
make: *** [ps7_cortexa9_0/libsrc/gpiops_v2_0/src/make.libs] Error 2
make[1]: arm-xilinx-eabi-gcc: Command not found
make[1]: *** [xiicps.o] Error 127
make[1]: arm-xilinx-eabi-gcc: Command not found
make[1]: *** [xiicps_g.o] Error 127
make[1]: arm-xilinx-eabi-gcc: Command not found
make[1]: *** [xiicps_hw.o] Error 127
make[1]: arm-xilinx-eabi-gcc: Command not found
make[1]: *** [xiicps_intr.o] Error 127
make[1]: arm-xilinx-eabi-gcc: Command not found
make[1]: *** [xiicps_master.o] Error 127
make[1]: arm-xilinx-eabi-gcc: Command not found
make[1]: *** [xiicps_options.o] Error 127
make[1]: arm-xilinx-eabi-gcc: Command not found
make[1]: *** [xiicps_selftest.o] Error 127
make[1]: arm-xilinx-eabi-gcc: Command not found
make[1]: *** [xiicps_sinit.o] Error 127
make[1]: arm-xilinx-eabi-gcc: Command not found
make[1]: *** [xiicps_slave.o] Error 127
make[1]: Target `libs' not remade because of errors.
make: *** [ps7_cortexa9_0/libsrc/iicps_v2_0/src/make.libs] Error 2
make[1]: arm-xilinx-eabi-gcc: Command not found
Running Make libs in ps7_cortexa9_0/libsrc/cpu_cortexa9_v2_0/src
make -C ps7_cortexa9_0/libsrc/cpu_cortexa9_v2_0/src -s libs -e "SHELL=/bin/sh" "COMPILER=arm-xilinx-eabi-gcc" "ARCHIVER=arm-xilinx-eabi-ar" "COMPILER_FLAGS=  -O2 -c" "EXTRA_COMPILER_FLAGS=-g"
Compiling cpu_cortexa9
Running Make libs in ps7_cortexa9_0/libsrc/devcfg_v3_0/src
make[1]: *** [xqspips.o] Error 127
make[1]: arm-xilinx-eabi-gcc: Command not found
make[1]: *** [xqspips_g.o] Error 127
make[1]: arm-xilinx-eabi-gcc: Command not found
make[1]: *** [xqspips_hw.o] Error 127
make[1]: arm-xilinx-eabi-gcc: Command not found
make[1]: *** [xqspips_options.o] Error 127
make[1]: arm-xilinx-eabi-gcc: Command not found
make[1]: *** [xqspips_selftest.o] Error 127
make[1]: arm-xilinx-eabi-gcc: Command not found
make[1]: *** [xqspips_sinit.o] Error 127
make[1]: Target `libs' not remade because of errors.
make: *** [ps7_cortexa9_0/libsrc/qspips_v3_0/src/make.libs] Error 2
make[1]: arm-xilinx-eabi-gcc: Command not found
make[1]: *** [xscugic.o] Error 127
make[1]: arm-xilinx-eabi-gcc: Command not found
make[1]: *** [xscugic_g.o] Error 127
make[1]: arm-xilinx-eabi-gcc: Command not found
make[1]: *** [xscugic_hw.o] Error 127
make[1]: arm-xilinx-eabi-gcc: Command not found
make[1]: *** [xscugic_intr.o] Error 127
make[1]: arm-xilinx-eabi-gcc: Command not found
make[1]: *** [xscugic_selftest.o] Error 127
make[1]: arm-xilinx-eabi-gcc: Command not found
make[1]: *** [xscugic_sinit.o] Error 127
make[1]: Target `libs' not remade because of errors.
make: *** [ps7_cortexa9_0/libsrc/scugic_v2_0/src/make.libs] Error 2
make[1]: arm-xilinx-eabi-gcc: Command not found
make[1]: *** [xscutimer.o] Error 127
make[1]: arm-xilinx-eabi-gcc: Command not found
make[1]: *** [xscutimer_g.o] Error 127
make[1]: arm-xilinx-eabi-gcc: Command not found
make[1]: *** [xscutimer_selftest.o] Error 127
make[1]: arm-xilinx-eabi-gcc: Command not found
make[1]: *** [xscutimer_sinit.o] Error 127
make[1]: Target `libs' not remade because of errors.
make: *** [ps7_cortexa9_0/libsrc/scutimer_v2_0/src/make.libs] Error 2
make[1]: arm-xilinx-eabi-gcc: Command not found
make[1]: *** [xscuwdt.o] Error 127
make[1]: arm-xilinx-eabi-gcc: Command not found
make[1]: *** [xscuwdt_g.o] Error 127
make[1]: arm-xilinx-eabi-gcc: Command not found
make[1]: *** [xscuwdt_selftest.o] Error 127
make[1]: arm-xilinx-eabi-gcc: Command not found
make[1]: *** [xscuwdt_sinit.o] Error 127
make[1]: Target `libs' not remade because of errors.
make: *** [ps7_cortexa9_0/libsrc/scuwdt_v2_0/src/make.libs] Error 2
make[1]: arm-xilinx-eabi-gcc: Command not found
make[1]: *** [xsdps.o] Error 127
make[1]: arm-xilinx-eabi-gcc: Command not found
make[1]: *** [xsdps_g.o] Error 127
make[1]: arm-xilinx-eabi-gcc: Command not found
make -C ps7_cortexa9_0/libsrc/devcfg_v3_0/src -s libs -e "SHELL=/bin/sh" "COMPILER=arm-xilinx-eabi-gcc" "ARCHIVER=arm-xilinx-eabi-ar" "COMPILER_FLAGS=  -O2 -c" "EXTRA_COMPILER_FLAGS=-g"
Compiling devcfg
Running Make libs in ps7_cortexa9_0/libsrc/dmaps_v2_0/src
make -C ps7_cortexa9_0/libsrc/dmaps_v2_0/src -s libs -e "SHELL=/bin/sh" "COMPILER=arm-xilinx-eabi-gcc" "ARCHIVER=arm-xilinx-eabi-ar" "COMPILER_FLAGS=  -O2 -c" "EXTRA_COMPILER_FLAGS=-g"
Compiling dmaps
Running Make libs in ps7_cortexa9_0/libsrc/emacps_v2_0/src
make -C ps7_cortexa9_0/libsrc/emacps_v2_0/src -s libs -e "SHELL=/bin/sh" "COMPILER=arm-xilinx-eabi-gcc" "ARCHIVER=arm-xilinx-eabi-ar" "COMPILER_FLAGS=  -O2 -c" "EXTRA_COMPILER_FLAGS=-g"
Compiling emacps
Running Make libs in ps7_cortexa9_0/libsrc/gpiops_v2_0/src
make -C ps7_cortexa9_0/libsrc/gpiops_v2_0/src -s libs -e "SHELL=/bin/sh" "COMPILER=arm-xilinx-eabi-gcc" "ARCHIVER=arm-xilinx-eabi-ar" "COMPILER_FLAGS=  -O2 -c" "EXTRA_COMPILER_FLAGS=-g"
Compiling gpiops
Running Make libs in ps7_cortexa9_0/libsrc/iicps_v2_0/src
make -C ps7_cortexa9_0/libsrc/iicps_v2_0/src -s libs -e "SHELL=/bin/sh" "COMPILER=arm-xilinx-eabi-gcc" "ARCHIVER=arm-xilinx-eabi-ar" "COMPILER_FLAGS=  -O2 -c" "EXTRA_COMPILER_FLAGS=-g"
Compiling iicps
Running Make libs in ps7_cortexa9_0/libsrc/qspips_v3_0/src
make -C ps7_cortexa9_0/libsrc/qspips_v3_0/src -s libs -e "SHELL=/bin/sh" "COMPILER=arm-xilinx-eabi-gcc" "ARCHIVER=arm-xilinx-eabi-ar" "COMPILER_FLAGS=  -O2 -c" "EXTRA_COMPILER_FLAGS=-g"
Compiling qspips
Running Make libs in ps7_cortexa9_0/libsrc/scugic_v2_0/src
make -C ps7_cortexa9_0/libsrc/scugic_v2_0/src -s libs -e "SHELL=/bin/sh" "COMPILER=arm-xilinx-eabi-gcc" "ARCHIVER=arm-xilinx-eabi-ar" "COMPILER_FLAGS=  -O2 -c" "EXTRA_COMPILER_FLAGS=-g"
Compiling scugic
Running Make libs in ps7_cortexa9_0/libsrc/scutimer_v2_0/src
make -C ps7_cortexa9_0/libsrc/scutimer_v2_0/src -s libs -e "SHELL=/bin/sh" "COMPILER=arm-xilinx-eabi-gcc" "ARCHIVER=arm-xilinx-eabi-ar" "COMPILER_FLAGS=  -O2 -c" "EXTRA_COMPILER_FLAGS=-g"
Compiling scutimer
Running Make libs in ps7_cortexa9_0/libsrc/scuwdt_v2_0/src
make -C ps7_cortexa9_0/libsrc/scuwdt_v2_0/src -s libs -e "SHELL=/bin/sh" "COMPILER=arm-xilinx-eabi-gcc" "ARCHIVER=arm-xilinx-eabi-ar" "COMPILER_FLAGS=  -O2 -c" "EXTRA_COMPILER_FLAGS=-g"
make[1]: *** [xsdps_options.o] Error 127
make[1]: arm-xilinx-eabi-gcc: Command not found
make[1]: *** [xsdps_sinit.o] Error 127
make[1]: Target `libs' not remade because of errors.
make: *** [ps7_cortexa9_0/libsrc/sdps_v2_0/src/make.libs] Error 2
make[1]: arm-xilinx-eabi-gcc: Command not found
make[1]: *** [standalone_libs] Error 127
make[1]: Target `libs' not remade because of errors.
make: *** [ps7_cortexa9_0/libsrc/standalone_v4_0/src/make.libs] Error 2
make[1]: arm-xilinx-eabi-gcc: Command not found
make[1]: *** [xttcps.o] Error 127
make[1]: arm-xilinx-eabi-gcc: Command not found
make[1]: *** [xttcps_g.o] Error 127
make[1]: arm-xilinx-eabi-gcc: Command not found
make[1]: *** [xttcps_options.o] Error 127
make[1]: arm-xilinx-eabi-gcc: Command not found
make[1]: *** [xttcps_selftest.o] Error 127
make[1]: arm-xilinx-eabi-gcc: Command not found
make[1]: *** [xttcps_sinit.o] Error 127
make[1]: Target `libs' not remade because of errors.
make: *** [ps7_cortexa9_0/libsrc/ttcps_v2_0/src/make.libs] Error 2
make[1]: arm-xilinx-eabi-gcc: Command not found
make[1]: *** [xuartps.o] Error 127
make[1]: arm-xilinx-eabi-gcc: Command not found
make[1]: *** [xuartps_g.o] Error 127
make[1]: arm-xilinx-eabi-gcc: Command not found
make[1]: *** [xuartps_hw.o] Error 127
make[1]: arm-xilinx-eabi-gcc: Command not found
make[1]: *** [xuartps_intr.o] Error 127
make[1]: arm-xilinx-eabi-gcc: Command not found
make[1]: *** [xuartps_options.o] Error 127
make[1]: arm-xilinx-eabi-gcc: Command not found
make[1]: *** [xuartps_selftest.o] Error 127
make[1]: arm-xilinx-eabi-gcc: Command not found
make[1]: *** [xuartps_sinit.o] Error 127
make[1]: Target `libs' not remade because of errors.
make: *** [ps7_cortexa9_0/libsrc/uartps_v2_0/src/make.libs] Error 2
Compiling scuwdt
Running Make libs in ps7_cortexa9_0/libsrc/sdps_v2_0/src
make -C ps7_cortexa9_0/libsrc/sdps_v2_0/src -s libs -e "SHELL=/bin/sh" "COMPILER=arm-xilinx-eabi-gcc" "ARCHIVER=arm-xilinx-eabi-ar" "COMPILER_FLAGS=  -O2 -c" "EXTRA_COMPILER_FLAGS=-g"
Compiling sdps
Running Make libs in ps7_cortexa9_0/libsrc/standalone_v4_0/src
make -C ps7_cortexa9_0/libsrc/standalone_v4_0/src -s libs -e "SHELL=/bin/sh" "COMPILER=arm-xilinx-eabi-gcc" "ARCHIVER=arm-xilinx-eabi-ar" "COMPILER_FLAGS=  -O2 -c" "EXTRA_COMPILER_FLAGS=-g"
Compiling standalone
Running Make libs in ps7_cortexa9_0/libsrc/ttcps_v2_0/src
make -C ps7_cortexa9_0/libsrc/ttcps_v2_0/src -s libs -e "SHELL=/bin/sh" "COMPILER=arm-xilinx-eabi-gcc" "ARCHIVER=arm-xilinx-eabi-ar" "COMPILER_FLAGS=  -O2 -c" "EXTRA_COMPILER_FLAGS=-g"
Compiling ttcps
Running Make libs in ps7_cortexa9_0/libsrc/uartps_v2_0/src
make -C ps7_cortexa9_0/libsrc/uartps_v2_0/src -s libs -e "SHELL=/bin/sh" "COMPILER=arm-xilinx-eabi-gcc" "ARCHIVER=arm-xilinx-eabi-ar" "COMPILER_FLAGS=  -O2 -c" "EXTRA_COMPILER_FLAGS=-g"
Compiling uartps
Running Make libs in ps7_cortexa9_0/libsrc/usbps_v2_0/src
make -C ps7_cortexa9_0/libsrc/usbps_v2_0/src -s libs -e "SHELL=/bin/sh" "COMPILER=arm-xilinx-eabi-gcc" "ARCHIVER=arm-xilinx-eabi-ar" "COMPILER_FLAGS=  -O2 -c" "EXTRA_COMPILER_FLAGS=-g"
Compiling usbps
Running Make libs in ps7_cortexa9_0/libsrc/xadcps_v2_0/src
make -C ps7_cortexa9_0/libsrc/xadcps_v2_0/src -s libs -e "SHELL=/bin/sh" "COMPILER=arm-xilinx-eabi-gcc" "ARCHIVER=arm-xilinx-eabi-ar" "COMPILER_FLAGS=  -O2 -c" "EXTRA_COMPILER_FLAGS=-g"
Compiling xadcps
Running Make libs in ps7_cortexa9_0/libsrc/xilffs_v2_0/src
make -C ps7_cortexa9_0/libsrc/xilffs_v2_0/src -s libs -e "SHELL=/bin/sh" "COMPILER=arm-xilinx-eabi-gcc" "ARCHIVER=arm-xilinx-eabi-ar" "COMPILER_FLAGS=  -O2 -c" "EXTRA_COMPILER_FLAGS=-g"
Compiling XilFFs Library
make[1]: arm-xilinx-eabi-gcc: Command not found
make[1]: *** [xusbps.o] Error 127
make[1]: arm-xilinx-eabi-gcc: Command not found
make[1]: *** [xusbps_endpoint.o] Error 127
make[1]: arm-xilinx-eabi-gcc: Command not found
make[1]: *** [xusbps_g.o] Error 127
make[1]: arm-xilinx-eabi-gcc: Command not found
make[1]: *** [xusbps_hw.o] Error 127
make[1]: arm-xilinx-eabi-gcc: Command not found
make[1]: *** [xusbps_intr.o] Error 127
make[1]: arm-xilinx-eabi-gcc: Command not found
make[1]: *** [xusbps_sinit.o] Error 127
make[1]: Target `libs' not remade because of errors.
make: *** [ps7_cortexa9_0/libsrc/usbps_v2_0/src/make.libs] Error 2
make[1]: arm-xilinx-eabi-gcc: Command not found
make[1]: *** [xadcps.o] Error 127
make[1]: arm-xilinx-eabi-gcc: Command not found
make[1]: *** [xadcps_g.o] Error 127
make[1]: arm-xilinx-eabi-gcc: Command not found
make[1]: *** [xadcps_intr.o] Error 127
make[1]: arm-xilinx-eabi-gcc: Command not found
make[1]: *** [xadcps_selftest.o] Error 127
make[1]: arm-xilinx-eabi-gcc: Command not found
make[1]: *** [xadcps_sinit.o] Error 127
make[1]: Target `libs' not remade because of errors.
make: *** [ps7_cortexa9_0/libsrc/xadcps_v2_0/src/make.libs] Error 2
make[1]: arm-xilinx-eabi-gcc: Command not found
make[1]: *** [ff.o] Error 127
make[1]: arm-xilinx-eabi-gcc: Command not found
make[1]: *** [diskio.o] Error 127
make[1]: Target `libs' not remade because of errors.
make: *** [ps7_cortexa9_0/libsrc/xilffs_v2_0/src/make.libs] Error 2
make: Target `all' not remade because of errors.
20:35:51 **** Auto Build of configuration Debug for project bold_zynq_FSBL_0_0 ****
make all 
Building file: ../src/ddr_init.c
Invoking: ARM gcc compiler
arm-xilinx-eabi-gcc -Wall -O0 -g3 -I"/home/jared/Research/workspace/ZC702_hw_platform" -c -fmessage-length=0 -I../../bold_zynq_FSBL_0_0_bsp/ps7_cortexa9_0/include -MMD -MP -MF"src/ddr_init.d" -MT"src/ddr_init.d" -o "src/ddr_init.o" "../src/ddr_init.c"
/bin/sh: 1: arm-xilinx-eabi-gcc: not found
make: *** [src/ddr_init.o] Error 127
20:38:36 **** Auto Build of project bold_zynq_FSBL_0_0_bsp ****
make -k all 
Running Make include in ps7_cortexa9_0/libsrc/canps_v2_0/src
make -C ps7_cortexa9_0/libsrc/canps_v2_0/src -s include -e "SHELL=/bin/sh" "COMPILER=arm-xilinx-eabi-gcc" "ARCHIVER=arm-xilinx-eabi-ar" "COMPILER_FLAGS=  -O2 -c" "EXTRA_COMPILER_FLAGS=-g"
Running Make include in ps7_cortexa9_0/libsrc/cpu_cortexa9_v2_0/src
make -C ps7_cortexa9_0/libsrc/cpu_cortexa9_v2_0/src -s include -e "SHELL=/bin/sh" "COMPILER=arm-xilinx-eabi-gcc" "ARCHIVER=arm-xilinx-eabi-ar" "COMPILER_FLAGS=  -O2 -c" "EXTRA_COMPILER_FLAGS=-g"
Running Make include in ps7_cortexa9_0/libsrc/devcfg_v3_0/src
make -C ps7_cortexa9_0/libsrc/devcfg_v3_0/src -s include -e "SHELL=/bin/sh" "COMPILER=arm-xilinx-eabi-gcc" "ARCHIVER=arm-xilinx-eabi-ar" "COMPILER_FLAGS=  -O2 -c" "EXTRA_COMPILER_FLAGS=-g"
Running Make include in ps7_cortexa9_0/libsrc/dmaps_v2_0/src
make -C ps7_cortexa9_0/libsrc/dmaps_v2_0/src -s include -e "SHELL=/bin/sh" "COMPILER=arm-xilinx-eabi-gcc" "ARCHIVER=arm-xilinx-eabi-ar" "COMPILER_FLAGS=  -O2 -c" "EXTRA_COMPILER_FLAGS=-g"
make[1]: arm-xilinx-eabi-gcc: Command not found
Running Make include in ps7_cortexa9_0/libsrc/emacps_v2_0/src
make -C ps7_cortexa9_0/libsrc/emacps_v2_0/src -s include -e "SHELL=/bin/sh" "COMPILER=arm-xilinx-eabi-gcc" "ARCHIVER=arm-xilinx-eabi-ar" "COMPILER_FLAGS=  -O2 -c" "EXTRA_COMPILER_FLAGS=-g"
make[1]: *** [xcanps.o] Error 127
make[1]: arm-xilinx-eabi-gcc: Command not found
make[1]: *** [xcanps_g.o] Error 127
make[1]: arm-xilinx-eabi-gcc: Command not found
Running Make include in ps7_cortexa9_0/libsrc/gpiops_v2_0/src
make[1]: *** [xcanps_hw.o] Error 127
make[1]: arm-xilinx-eabi-gcc: Command not found
make[1]: *** [xcanps_intr.o] Error 127
make -C ps7_cortexa9_0/libsrc/gpiops_v2_0/src -s include -e "SHELL=/bin/sh" "COMPILER=arm-xilinx-eabi-gcc" "ARCHIVER=arm-xilinx-eabi-ar" "COMPILER_FLAGS=  -O2 -c" "EXTRA_COMPILER_FLAGS=-g"
Running Make include in ps7_cortexa9_0/libsrc/iicps_v2_0/src
make -C ps7_cortexa9_0/libsrc/iicps_v2_0/src -s include -e "SHELL=/bin/sh" "COMPILER=arm-xilinx-eabi-gcc" "ARCHIVER=arm-xilinx-eabi-ar" "COMPILER_FLAGS=  -O2 -c" "EXTRA_COMPILER_FLAGS=-g"
Running Make include in ps7_cortexa9_0/libsrc/qspips_v3_0/src
make -C ps7_cortexa9_0/libsrc/qspips_v3_0/src -s include -e "SHELL=/bin/sh" "COMPILER=arm-xilinx-eabi-gcc" "ARCHIVER=arm-xilinx-eabi-ar" "COMPILER_FLAGS=  -O2 -c" "EXTRA_COMPILER_FLAGS=-g"
Running Make include in ps7_cortexa9_0/libsrc/scugic_v2_0/src
make[1]: arm-xilinx-eabi-gcc: Command not found
make[1]: *** [xcanps_selftest.o] Error 127
make -C ps7_cortexa9_0/libsrc/scugic_v2_0/src -s include -e "SHELL=/bin/sh" "COMPILER=arm-xilinx-eabi-gcc" "ARCHIVER=arm-xilinx-eabi-ar" "COMPILER_FLAGS=  -O2 -c" "EXTRA_COMPILER_FLAGS=-g"
Running Make include in ps7_cortexa9_0/libsrc/scutimer_v2_0/src
make -C ps7_cortexa9_0/libsrc/scutimer_v2_0/src -s include -e "SHELL=/bin/sh" "COMPILER=arm-xilinx-eabi-gcc" "ARCHIVER=arm-xilinx-eabi-ar" "COMPILER_FLAGS=  -O2 -c" "EXTRA_COMPILER_FLAGS=-g"
Running Make include in ps7_cortexa9_0/libsrc/scuwdt_v2_0/src
make -C ps7_cortexa9_0/libsrc/scuwdt_v2_0/src -s include -e "SHELL=/bin/sh" "COMPILER=arm-xilinx-eabi-gcc" "ARCHIVER=arm-xilinx-eabi-ar" "COMPILER_FLAGS=  -O2 -c" "EXTRA_COMPILER_FLAGS=-g"
Running Make include in ps7_cortexa9_0/libsrc/sdps_v2_0/src
make -C ps7_cortexa9_0/libsrc/sdps_v2_0/src -s include -e "SHELL=/bin/sh" "COMPILER=arm-xilinx-eabi-gcc" "ARCHIVER=arm-xilinx-eabi-ar" "COMPILER_FLAGS=  -O2 -c" "EXTRA_COMPILER_FLAGS=-g"
Running Make include in ps7_cortexa9_0/libsrc/standalone_v4_0/src
make -C ps7_cortexa9_0/libsrc/standalone_v4_0/src -s include -e "SHELL=/bin/sh" "COMPILER=arm-xilinx-eabi-gcc" "ARCHIVER=arm-xilinx-eabi-ar" "COMPILER_FLAGS=  -O2 -c" "EXTRA_COMPILER_FLAGS=-g"
make[2]: Entering directory `/home/jared/Research/workspace/bold_zynq_FSBL_0_0_bsp/ps7_cortexa9_0/libsrc/standalone_v4_0/src/profile'
cp -rf profile.h mblaze_nt_types.h _profile_timer_hw.h ../../../../include
make[2]: Leaving directory `/home/jared/Research/workspace/bold_zynq_FSBL_0_0_bsp/ps7_cortexa9_0/libsrc/standalone_v4_0/src/profile'
Running Make include in ps7_cortexa9_0/libsrc/ttcps_v2_0/src
make -C ps7_cortexa9_0/libsrc/ttcps_v2_0/src -s include -e "SHELL=/bin/sh" "COMPILER=arm-xilinx-eabi-gcc" "ARCHIVER=arm-xilinx-eabi-ar" "COMPILER_FLAGS=  -O2 -c" "EXTRA_COMPILER_FLAGS=-g"
Running Make include in ps7_cortexa9_0/libsrc/uartps_v2_0/src
make -C ps7_cortexa9_0/libsrc/uartps_v2_0/src -s include -e "SHELL=/bin/sh" "COMPILER=arm-xilinx-eabi-gcc" "ARCHIVER=arm-xilinx-eabi-ar" "COMPILER_FLAGS=  -O2 -c" "EXTRA_COMPILER_FLAGS=-g"
Running Make include in ps7_cortexa9_0/libsrc/usbps_v2_0/src
make -C ps7_cortexa9_0/libsrc/usbps_v2_0/src -s include -e "SHELL=/bin/sh" "COMPILER=arm-xilinx-eabi-gcc" "ARCHIVER=arm-xilinx-eabi-ar" "COMPILER_FLAGS=  -O2 -c" "EXTRA_COMPILER_FLAGS=-g"
Running Make include in ps7_cortexa9_0/libsrc/xadcps_v2_0/src
make -C ps7_cortexa9_0/libsrc/xadcps_v2_0/src -s include -e "SHELL=/bin/sh" "COMPILER=arm-xilinx-eabi-gcc" "ARCHIVER=arm-xilinx-eabi-ar" "COMPILER_FLAGS=  -O2 -c" "EXTRA_COMPILER_FLAGS=-g"
Running Make include in ps7_cortexa9_0/libsrc/xilffs_v2_0/src
make -C ps7_cortexa9_0/libsrc/xilffs_v2_0/src -s include -e "SHELL=/bin/sh" "COMPILER=arm-xilinx-eabi-gcc" "ARCHIVER=arm-xilinx-eabi-ar" "COMPILER_FLAGS=  -O2 -c" "EXTRA_COMPILER_FLAGS=-g"
Running Make libs in ps7_cortexa9_0/libsrc/canps_v2_0/src
make -C ps7_cortexa9_0/libsrc/canps_v2_0/src -s libs -e "SHELL=/bin/sh" "COMPILER=arm-xilinx-eabi-gcc" "ARCHIVER=arm-xilinx-eabi-ar" "COMPILER_FLAGS=  -O2 -c" "EXTRA_COMPILER_FLAGS=-g"
Compiling canps
Running Make libs in ps7_cortexa9_0/libsrc/cpu_cortexa9_v2_0/src
make -C ps7_cortexa9_0/libsrc/cpu_cortexa9_v2_0/src -s libs -e "SHELL=/bin/sh" "COMPILER=arm-xilinx-eabi-gcc" "ARCHIVER=arm-xilinx-eabi-ar" "COMPILER_FLAGS=  -O2 -c" "EXTRA_COMPILER_FLAGS=-g"
Compiling cpu_cortexa9
Running Make libs in ps7_cortexa9_0/libsrc/devcfg_v3_0/src
make -C ps7_cortexa9_0/libsrc/devcfg_v3_0/src -s libs -e "SHELL=/bin/sh" "COMPILER=arm-xilinx-eabi-gcc" "ARCHIVER=arm-xilinx-eabi-ar" "COMPILER_FLAGS=  -O2 -c" "EXTRA_COMPILER_FLAGS=-g"
Compiling devcfg
make[1]: arm-xilinx-eabi-gcc: Command not found
make[1]: *** [xcanps_sinit.o] Error 127
make[1]: Target `libs' not remade because of errors.
make: *** [ps7_cortexa9_0/libsrc/canps_v2_0/src/make.libs] Error 2
make[1]: arm-xilinx-eabi-gcc: Command not found
make[1]: *** [xdevcfg.o] Error 127
make[1]: arm-xilinx-eabi-gcc: Command not found
make[1]: *** [xdevcfg_g.o] Error 127
make[1]: arm-xilinx-eabi-gcc: Command not found
make[1]: *** [xdevcfg_hw.o] Error 127
make[1]: arm-xilinx-eabi-gcc: Command not found
make[1]: *** [xdevcfg_intr.o] Error 127
make[1]: arm-xilinx-eabi-gcc: Command not found
make[1]: *** [xdevcfg_selftest.o] Error 127
make[1]: arm-xilinx-eabi-gcc: Command not found
make[1]: *** [xdevcfg_sinit.o] Error 127
make[1]: Target `libs' not remade because of errors.
make: *** [ps7_cortexa9_0/libsrc/devcfg_v3_0/src/make.libs] Error 2
make[1]: arm-xilinx-eabi-gcc: Command not found
make[1]: *** [xdmaps.o] Error 127
make[1]: arm-xilinx-eabi-gcc: Command not found
make[1]: *** [xdmaps_g.o] Error 127
Running Make libs in ps7_cortexa9_0/libsrc/dmaps_v2_0/src
make[1]: arm-xilinx-eabi-gcc: Command not found
make -C ps7_cortexa9_0/libsrc/dmaps_v2_0/src -s libs -e "SHELL=/bin/sh" "COMPILER=arm-xilinx-eabi-gcc" "ARCHIVER=arm-xilinx-eabi-ar" "COMPILER_FLAGS=  -O2 -c" "EXTRA_COMPILER_FLAGS=-g"
Compiling dmaps
Running Make libs in ps7_cortexa9_0/libsrc/emacps_v2_0/src
make -C ps7_cortexa9_0/libsrc/emacps_v2_0/src -s libs -e "SHELL=/bin/sh" "COMPILER=arm-xilinx-eabi-gcc" "ARCHIVER=arm-xilinx-eabi-ar" "COMPILER_FLAGS=  -O2 -c" "EXTRA_COMPILER_FLAGS=-g"
Compiling emacps
Running Make libs in ps7_cortexa9_0/libsrc/gpiops_v2_0/src
make -C ps7_cortexa9_0/libsrc/gpiops_v2_0/src -s libs -e "SHELL=/bin/sh" "COMPILER=arm-xilinx-eabi-gcc" "ARCHIVER=arm-xilinx-eabi-ar" "COMPILER_FLAGS=  -O2 -c" "EXTRA_COMPILER_FLAGS=-g"
Compiling gpiops
Running Make libs in ps7_cortexa9_0/libsrc/iicps_v2_0/src
make -C ps7_cortexa9_0/libsrc/iicps_v2_0/src -s libs -e "SHELL=/bin/sh" "COMPILER=arm-xilinx-eabi-gcc" "ARCHIVER=arm-xilinx-eabi-ar" "COMPILER_FLAGS=  -O2 -c" "EXTRA_COMPILER_FLAGS=-g"
Compiling iicps
Running Make libs in ps7_cortexa9_0/libsrc/qspips_v3_0/src
make -C ps7_cortexa9_0/libsrc/qspips_v3_0/src -s libs -e "SHELL=/bin/sh" "COMPILER=arm-xilinx-eabi-gcc" "ARCHIVER=arm-xilinx-eabi-ar" "COMPILER_FLAGS=  -O2 -c" "EXTRA_COMPILER_FLAGS=-g"
Compiling qspips
Running Make libs in ps7_cortexa9_0/libsrc/scugic_v2_0/src
make -C ps7_cortexa9_0/libsrc/scugic_v2_0/src -s libs -e "SHELL=/bin/sh" "COMPILER=arm-xilinx-eabi-gcc" "ARCHIVER=arm-xilinx-eabi-ar" "COMPILER_FLAGS=  -O2 -c" "EXTRA_COMPILER_FLAGS=-g"
Compiling scugic
Running Make libs in ps7_cortexa9_0/libsrc/scutimer_v2_0/src
make -C ps7_cortexa9_0/libsrc/scutimer_v2_0/src -s libs -e "SHELL=/bin/sh" "COMPILER=arm-xilinx-eabi-gcc" "ARCHIVER=arm-xilinx-eabi-ar" "COMPILER_FLAGS=  -O2 -c" "EXTRA_COMPILER_FLAGS=-g"
Compiling scutimer
Running Make libs in ps7_cortexa9_0/libsrc/scuwdt_v2_0/src
make -C ps7_cortexa9_0/libsrc/scuwdt_v2_0/src -s libs -e "SHELL=/bin/sh" "COMPILER=arm-xilinx-eabi-gcc" "ARCHIVER=arm-xilinx-eabi-ar" "COMPILER_FLAGS=  -O2 -c" "EXTRA_COMPILER_FLAGS=-g"
Compiling scuwdt
Running Make libs in ps7_cortexa9_0/libsrc/sdps_v2_0/src
make -C ps7_cortexa9_0/libsrc/sdps_v2_0/src -s libs -e "SHELL=/bin/sh" "COMPILER=arm-xilinx-eabi-gcc" "ARCHIVER=arm-xilinx-eabi-ar" "COMPILER_FLAGS=  -O2 -c" "EXTRA_COMPILER_FLAGS=-g"
Compiling sdps
Running Make libs in ps7_cortexa9_0/libsrc/standalone_v4_0/src
make -C ps7_cortexa9_0/libsrc/standalone_v4_0/src -s libs -e "SHELL=/bin/sh" "COMPILER=arm-xilinx-eabi-gcc" "ARCHIVER=arm-xilinx-eabi-ar" "COMPILER_FLAGS=  -O2 -c" "EXTRA_COMPILER_FLAGS=-g"
Compiling standalone
Running Make libs in ps7_cortexa9_0/libsrc/ttcps_v2_0/src
make -C ps7_cortexa9_0/libsrc/ttcps_v2_0/src -s libs -e "SHELL=/bin/sh" "COMPILER=arm-xilinx-eabi-gcc" "ARCHIVER=arm-xilinx-eabi-ar" "COMPILER_FLAGS=  -O2 -c" "EXTRA_COMPILER_FLAGS=-g"
Compiling ttcps
Running Make libs in ps7_cortexa9_0/libsrc/uartps_v2_0/src
make -C ps7_cortexa9_0/libsrc/uartps_v2_0/src -s libs -e "SHELL=/bin/sh" "COMPILER=arm-xilinx-eabi-gcc" "ARCHIVER=arm-xilinx-eabi-ar" "COMPILER_FLAGS=  -O2 -c" "EXTRA_COMPILER_FLAGS=-g"
Compiling uartps
Running Make libs in ps7_cortexa9_0/libsrc/usbps_v2_0/src
make -C ps7_cortexa9_0/libsrc/usbps_v2_0/src -s libs -e "SHELL=/bin/sh" "COMPILER=arm-xilinx-eabi-gcc" "ARCHIVER=arm-xilinx-eabi-ar" "COMPILER_FLAGS=  -O2 -c" "EXTRA_COMPILER_FLAGS=-g"
Compiling usbps
Running Make libs in ps7_cortexa9_0/libsrc/xadcps_v2_0/src
make -C ps7_cortexa9_0/libsrc/xadcps_v2_0/src -s libs -e "SHELL=/bin/sh" "COMPILER=arm-xilinx-eabi-gcc" "ARCHIVER=arm-xilinx-eabi-ar" "COMPILER_FLAGS=  -O2 -c" "EXTRA_COMPILER_FLAGS=-g"
Compiling xadcps
Running Make libs in ps7_cortexa9_0/libsrc/xilffs_v2_0/src
make -C ps7_cortexa9_0/libsrc/xilffs_v2_0/src -s libs -e "SHELL=/bin/sh" "COMPILER=arm-xilinx-eabi-gcc" "ARCHIVER=arm-xilinx-eabi-ar" "COMPILER_FLAGS=  -O2 -c" "EXTRA_COMPILER_FLAGS=-g"
Compiling XilFFs Library
make[1]: *** [xdmaps_hw.o] Error 127
make[1]: arm-xilinx-eabi-gcc: Command not found
make[1]: *** [xdmaps_selftest.o] Error 127
make[1]: arm-xilinx-eabi-gcc: Command not found
make[1]: *** [xdmaps_sinit.o] Error 127
make[1]: Target `libs' not remade because of errors.
make: *** [ps7_cortexa9_0/libsrc/dmaps_v2_0/src/make.libs] Error 2
make[1]: arm-xilinx-eabi-gcc: Command not found
make[1]: *** [xemacps_bdring.o] Error 127
make[1]: arm-xilinx-eabi-gcc: Command not found
make[1]: *** [xemacps.o] Error 127
make[1]: arm-xilinx-eabi-gcc: Command not found
make[1]: *** [xemacps_control.o] Error 127
make[1]: arm-xilinx-eabi-gcc: Command not found
make[1]: *** [xemacps_g.o] Error 127
make[1]: arm-xilinx-eabi-gcc: Command not found
make[1]: *** [xemacps_hw.o] Error 127
make[1]: arm-xilinx-eabi-gcc: Command not found
make[1]: *** [xemacps_intr.o] Error 127
make[1]: arm-xilinx-eabi-gcc: Command not found
make[1]: *** [xemacps_sinit.o] Error 127
make[1]: Target `libs' not remade because of errors.
make: *** [ps7_cortexa9_0/libsrc/emacps_v2_0/src/make.libs] Error 2
make[1]: arm-xilinx-eabi-gcc: Command not found
make[1]: *** [xgpiops.o] Error 127
make[1]: arm-xilinx-eabi-gcc: Command not found
make[1]: *** [xgpiops_g.o] Error 127
make[1]: arm-xilinx-eabi-gcc: Command not found
make[1]: *** [xgpiops_hw.o] Error 127
make[1]: arm-xilinx-eabi-gcc: Command not found
make[1]: *** [xgpiops_intr.o] Error 127
make[1]: arm-xilinx-eabi-gcc: Command not found
make[1]: *** [xgpiops_selftest.o] Error 127
make[1]: arm-xilinx-eabi-gcc: Command not found
make[1]: *** [xgpiops_sinit.o] Error 127
make[1]: Target `libs' not remade because of errors.
make: *** [ps7_cortexa9_0/libsrc/gpiops_v2_0/src/make.libs] Error 2
make[1]: arm-xilinx-eabi-gcc: Command not found
make[1]: *** [xiicps.o] Error 127
make[1]: arm-xilinx-eabi-gcc: Command not found
make[1]: *** [xiicps_g.o] Error 127
make[1]: arm-xilinx-eabi-gcc: Command not found
make[1]: *** [xiicps_hw.o] Error 127
make[1]: arm-xilinx-eabi-gcc: Command not found
make[1]: *** [xiicps_intr.o] Error 127
make[1]: arm-xilinx-eabi-gcc: Command not found
make[1]: *** [xiicps_master.o] Error 127
make[1]: arm-xilinx-eabi-gcc: Command not found
make[1]: *** [xiicps_options.o] Error 127
make[1]: arm-xilinx-eabi-gcc: Command not found
make[1]: *** [xiicps_selftest.o] Error 127
make[1]: arm-xilinx-eabi-gcc: Command not found
make[1]: *** [xiicps_sinit.o] Error 127
make[1]: arm-xilinx-eabi-gcc: Command not found
make[1]: *** [xiicps_slave.o] Error 127
make[1]: Target `libs' not remade because of errors.
make: *** [ps7_cortexa9_0/libsrc/iicps_v2_0/src/make.libs] Error 2
make[1]: arm-xilinx-eabi-gcc: Command not found
make[1]: *** [xqspips.o] Error 127
make[1]: arm-xilinx-eabi-gcc: Command not found
make[1]: *** [xqspips_g.o] Error 127
make[1]: arm-xilinx-eabi-gcc: Command not found
make[1]: *** [xqspips_hw.o] Error 127
make[1]: arm-xilinx-eabi-gcc: Command not found
make[1]: *** [xqspips_options.o] Error 127
make[1]: arm-xilinx-eabi-gcc: Command not found
make[1]: *** [xqspips_selftest.o] Error 127
make[1]: arm-xilinx-eabi-gcc: Command not found
make[1]: *** [xqspips_sinit.o] Error 127
make[1]: Target `libs' not remade because of errors.
make: *** [ps7_cortexa9_0/libsrc/qspips_v3_0/src/make.libs] Error 2
make[1]: arm-xilinx-eabi-gcc: Command not found
make[1]: *** [xscugic.o] Error 127
make[1]: arm-xilinx-eabi-gcc: Command not found
make[1]: *** [xscugic_g.o] Error 127
make[1]: arm-xilinx-eabi-gcc: Command not found
make[1]: *** [xscugic_hw.o] Error 127
make[1]: arm-xilinx-eabi-gcc: Command not found
make[1]: *** [xscugic_intr.o] Error 127
make[1]: arm-xilinx-eabi-gcc: Command not found
make[1]: *** [xscugic_selftest.o] Error 127
make[1]: arm-xilinx-eabi-gcc: Command not found
make[1]: *** [xscugic_sinit.o] Error 127
make[1]: Target `libs' not remade because of errors.
make: *** [ps7_cortexa9_0/libsrc/scugic_v2_0/src/make.libs] Error 2
make[1]: arm-xilinx-eabi-gcc: Command not found
make[1]: *** [xscutimer.o] Error 127
make[1]: arm-xilinx-eabi-gcc: Command not found
make[1]: *** [xscutimer_g.o] Error 127
make[1]: arm-xilinx-eabi-gcc: Command not found
make[1]: *** [xscutimer_selftest.o] Error 127
make[1]: arm-xilinx-eabi-gcc: Command not found
make[1]: *** [xscutimer_sinit.o] Error 127
make[1]: Target `libs' not remade because of errors.
make: *** [ps7_cortexa9_0/libsrc/scutimer_v2_0/src/make.libs] Error 2
make[1]: arm-xilinx-eabi-gcc: Command not found
make[1]: *** [xscuwdt.o] Error 127
make[1]: arm-xilinx-eabi-gcc: Command not found
make[1]: *** [xscuwdt_g.o] Error 127
make[1]: arm-xilinx-eabi-gcc: Command not found
make[1]: *** [xscuwdt_selftest.o] Error 127
make[1]: arm-xilinx-eabi-gcc: Command not found
make[1]: *** [xscuwdt_sinit.o] Error 127
make[1]: Target `libs' not remade because of errors.
make: *** [ps7_cortexa9_0/libsrc/scuwdt_v2_0/src/make.libs] Error 2
make[1]: arm-xilinx-eabi-gcc: Command not found
make[1]: *** [xsdps.o] Error 127
make[1]: arm-xilinx-eabi-gcc: Command not found
make[1]: *** [xsdps_g.o] Error 127
make[1]: arm-xilinx-eabi-gcc: Command not found
make[1]: *** [xsdps_options.o] Error 127
make[1]: arm-xilinx-eabi-gcc: Command not found
make[1]: *** [xsdps_sinit.o] Error 127
make[1]: Target `libs' not remade because of errors.
make: *** [ps7_cortexa9_0/libsrc/sdps_v2_0/src/make.libs] Error 2
make[1]: arm-xilinx-eabi-gcc: Command not found
make[1]: *** [standalone_libs] Error 127
make[1]: Target `libs' not remade because of errors.
make: *** [ps7_cortexa9_0/libsrc/standalone_v4_0/src/make.libs] Error 2
make[1]: arm-xilinx-eabi-gcc: Command not found
make[1]: *** [xttcps.o] Error 127
make[1]: arm-xilinx-eabi-gcc: Command not found
make[1]: *** [xttcps_g.o] Error 127
make[1]: arm-xilinx-eabi-gcc: Command not found
make[1]: *** [xttcps_options.o] Error 127
make[1]: arm-xilinx-eabi-gcc: Command not found
make[1]: *** [xttcps_selftest.o] Error 127
make[1]: arm-xilinx-eabi-gcc: Command not found
make[1]: *** [xttcps_sinit.o] Error 127
make[1]: Target `libs' not remade because of errors.
make: *** [ps7_cortexa9_0/libsrc/ttcps_v2_0/src/make.libs] Error 2
make[1]: arm-xilinx-eabi-gcc: Command not found
make[1]: *** [xuartps.o] Error 127
make[1]: arm-xilinx-eabi-gcc: Command not found
make[1]: *** [xuartps_g.o] Error 127
make[1]: arm-xilinx-eabi-gcc: Command not found
make[1]: *** [xuartps_hw.o] Error 127
make[1]: arm-xilinx-eabi-gcc: Command not found
make[1]: *** [xuartps_intr.o] Error 127
make[1]: arm-xilinx-eabi-gcc: Command not found
make[1]: *** [xuartps_options.o] Error 127
make[1]: arm-xilinx-eabi-gcc: Command not found
make[1]: *** [xuartps_selftest.o] Error 127
make[1]: arm-xilinx-eabi-gcc: Command not found
make[1]: *** [xuartps_sinit.o] Error 127
make[1]: Target `libs' not remade because of errors.
make: *** [ps7_cortexa9_0/libsrc/uartps_v2_0/src/make.libs] Error 2
make[1]: arm-xilinx-eabi-gcc: Command not found
make[1]: *** [xusbps.o] Error 127
make[1]: arm-xilinx-eabi-gcc: Command not found
make[1]: *** [xusbps_endpoint.o] Error 127
make[1]: arm-xilinx-eabi-gcc: Command not found
make[1]: *** [xusbps_g.o] Error 127
make[1]: arm-xilinx-eabi-gcc: Command not found
make[1]: *** [xusbps_hw.o] Error 127
make[1]: arm-xilinx-eabi-gcc: Command not found
make[1]: *** [xusbps_intr.o] Error 127
make[1]: arm-xilinx-eabi-gcc: Command not found
make[1]: *** [xusbps_sinit.o] Error 127
make[1]: Target `libs' not remade because of errors.
make: *** [ps7_cortexa9_0/libsrc/usbps_v2_0/src/make.libs] Error 2
make[1]: arm-xilinx-eabi-gcc: Command not found
make[1]: *** [xadcps.o] Error 127
make[1]: arm-xilinx-eabi-gcc: Command not found
make[1]: *** [xadcps_g.o] Error 127
make[1]: arm-xilinx-eabi-gcc: Command not found
make[1]: *** [xadcps_intr.o] Error 127
make[1]: arm-xilinx-eabi-gcc: Command not found
make[1]: *** [xadcps_selftest.o] Error 127
make[1]: arm-xilinx-eabi-gcc: Command not found
make[1]: *** [xadcps_sinit.o] Error 127
make[1]: Target `libs' not remade because of errors.
make: *** [ps7_cortexa9_0/libsrc/xadcps_v2_0/src/make.libs] Error 2
make[1]: arm-xilinx-eabi-gcc: Command not found
make[1]: *** [ff.o] Error 127
make[1]: arm-xilinx-eabi-gcc: Command not found
make[1]: *** [diskio.o] Error 127
make[1]: Target `libs' not remade because of errors.
make: *** [ps7_cortexa9_0/libsrc/xilffs_v2_0/src/make.libs] Error 2
make: Target `all' not remade because of errors.
20:38:38 **** Clean-only build of configuration Debug for project bold_zynq_FSBL_0_0 ****
make clean 
rm -rf  ./src/ddr_init.o ./src/fsbl_handoff.o ./src/fsbl_hooks.o ./src/image_mover.o ./src/main.o ./src/md5.o ./src/nand.o ./src/nor.o ./src/pcap.o ./src/ps7_init.o ./src/qspi.o ./src/rsa.o ./src/sd.o  ./src/ddr_init.d ./src/fsbl_hooks.d ./src/image_mover.d ./src/main.d ./src/md5.d ./src/nand.d ./src/nor.d ./src/pcap.d ./src/ps7_init.d ./src/qspi.d ./src/rsa.d ./src/sd.d  bold_zynq_FSBL_0_0.elf.size  ./src/fsbl_handoff.d  bold_zynq_FSBL_0_0.elf
 
20:38:39 **** Auto Build of configuration Debug for project bold_zynq_FSBL_0_0 ****
make all 
Building file: ../src/ddr_init.c
Invoking: ARM gcc compiler
arm-xilinx-eabi-gcc -Wall -O0 -g3 -I"/home/jared/Research/workspace/ZC702_hw_platform" -c -fmessage-length=0 -I../../bold_zynq_FSBL_0_0_bsp/ps7_cortexa9_0/include -MMD -MP -MF"src/ddr_init.d" -MT"src/ddr_init.d" -o "src/ddr_init.o" "../src/ddr_init.c"
/bin/sh: 1: arm-xilinx-eabi-gcc: not found
make: *** [src/ddr_init.o] Error 127
20:47:22 **** Auto Build of project bold_zynq_FSBL_0_0_bsp ****
make -k all 
Running Make include in ps7_cortexa9_0/libsrc/canps_v2_0/src
make -C ps7_cortexa9_0/libsrc/canps_v2_0/src -s include -e "SHELL=/bin/sh" "COMPILER=arm-xilinx-eabi-gcc" "ARCHIVER=arm-xilinx-eabi-ar" "COMPILER_FLAGS=  -O2 -c" "EXTRA_COMPILER_FLAGS=-g"
Running Make include in ps7_cortexa9_0/libsrc/cpu_cortexa9_v2_0/src
make -C ps7_cortexa9_0/libsrc/cpu_cortexa9_v2_0/src -s include -e "SHELL=/bin/sh" "COMPILER=arm-xilinx-eabi-gcc" "ARCHIVER=arm-xilinx-eabi-ar" "COMPILER_FLAGS=  -O2 -c" "EXTRA_COMPILER_FLAGS=-g"
Running Make include in ps7_cortexa9_0/libsrc/devcfg_v3_0/src
make -C ps7_cortexa9_0/libsrc/devcfg_v3_0/src -s include -e "SHELL=/bin/sh" "COMPILER=arm-xilinx-eabi-gcc" "ARCHIVER=arm-xilinx-eabi-ar" "COMPILER_FLAGS=  -O2 -c" "EXTRA_COMPILER_FLAGS=-g"
Running Make include in ps7_cortexa9_0/libsrc/dmaps_v2_0/src
make -C ps7_cortexa9_0/libsrc/dmaps_v2_0/src -s include -e "SHELL=/bin/sh" "COMPILER=arm-xilinx-eabi-gcc" "ARCHIVER=arm-xilinx-eabi-ar" "COMPILER_FLAGS=  -O2 -c" "EXTRA_COMPILER_FLAGS=-g"
Running Make include in ps7_cortexa9_0/libsrc/emacps_v2_0/src
make -C ps7_cortexa9_0/libsrc/emacps_v2_0/src -s include -e "SHELL=/bin/sh" "COMPILER=arm-xilinx-eabi-gcc" "ARCHIVER=arm-xilinx-eabi-ar" "COMPILER_FLAGS=  -O2 -c" "EXTRA_COMPILER_FLAGS=-g"
Running Make include in ps7_cortexa9_0/libsrc/gpiops_v2_0/src
make[1]: arm-xilinx-eabi-gcc: Command not found
make -C ps7_cortexa9_0/libsrc/gpiops_v2_0/src -s include -e "SHELL=/bin/sh" "COMPILER=arm-xilinx-eabi-gcc" "ARCHIVER=arm-xilinx-eabi-ar" "COMPILER_FLAGS=  -O2 -c" "EXTRA_COMPILER_FLAGS=-g"
make[1]: *** [xcanps.o] Error 127
make[1]: arm-xilinx-eabi-gcc: Command not found
Running Make include in ps7_cortexa9_0/libsrc/iicps_v2_0/src
make -C ps7_cortexa9_0/libsrc/iicps_v2_0/src -s include -e "SHELL=/bin/sh" "COMPILER=arm-xilinx-eabi-gcc" "ARCHIVER=arm-xilinx-eabi-ar" "COMPILER_FLAGS=  -O2 -c" "EXTRA_COMPILER_FLAGS=-g"
Running Make include in ps7_cortexa9_0/libsrc/qspips_v3_0/src
make -C ps7_cortexa9_0/libsrc/qspips_v3_0/src -s include -e "SHELL=/bin/sh" "COMPILER=arm-xilinx-eabi-gcc" "ARCHIVER=arm-xilinx-eabi-ar" "COMPILER_FLAGS=  -O2 -c" "EXTRA_COMPILER_FLAGS=-g"
Running Make include in ps7_cortexa9_0/libsrc/scugic_v2_0/src
make -C ps7_cortexa9_0/libsrc/scugic_v2_0/src -s include -e "SHELL=/bin/sh" "COMPILER=arm-xilinx-eabi-gcc" "ARCHIVER=arm-xilinx-eabi-ar" "COMPILER_FLAGS=  -O2 -c" "EXTRA_COMPILER_FLAGS=-g"
Running Make include in ps7_cortexa9_0/libsrc/scutimer_v2_0/src
make -C ps7_cortexa9_0/libsrc/scutimer_v2_0/src -s include -e "SHELL=/bin/sh" "COMPILER=arm-xilinx-eabi-gcc" "ARCHIVER=arm-xilinx-eabi-ar" "COMPILER_FLAGS=  -O2 -c" "EXTRA_COMPILER_FLAGS=-g"
make[1]: *** [xcanps_g.o] Error 127
make[1]: arm-xilinx-eabi-gcc: Command not found
make[1]: *** [xcanps_hw.o] Error 127
make[1]: arm-xilinx-eabi-gcc: Command not found
make[1]: *** [xcanps_intr.o] Error 127
make[1]: arm-xilinx-eabi-gcc: Command not found
make[1]: *** [xcanps_selftest.o] Error 127
make[1]: arm-xilinx-eabi-gcc: Command not found
make[1]: *** [xcanps_sinit.o] Error 127
make[1]: Target `libs' not remade because of errors.
make: *** [ps7_cortexa9_0/libsrc/canps_v2_0/src/make.libs] Error 2
make[1]: arm-xilinx-eabi-gcc: Command not found
make[1]: *** [xdevcfg.o] Error 127
make[1]: arm-xilinx-eabi-gcc: Command not found
make[1]: *** [xdevcfg_g.o] Error 127
make[1]: arm-xilinx-eabi-gcc: Command not found
make[1]: *** [xdevcfg_hw.o] Error 127
make[1]: arm-xilinx-eabi-gcc: Command not found
make[1]: *** [xdevcfg_intr.o] Error 127
make[1]: arm-xilinx-eabi-gcc: Command not found
make[1]: *** [xdevcfg_selftest.o] Error 127
make[1]: arm-xilinx-eabi-gcc: Command not found
make[1]: *** [xdevcfg_sinit.o] Error 127
make[1]: Target `libs' not remade because of errors.
make: *** [ps7_cortexa9_0/libsrc/devcfg_v3_0/src/make.libs] Error 2
make[1]: arm-xilinx-eabi-gcc: Command not found
make[1]: *** [xdmaps.o] Error 127
make[1]: arm-xilinx-eabi-gcc: Command not found
make[1]: *** [xdmaps_g.o] Error 127
make[1]: arm-xilinx-eabi-gcc: Command not found
make[1]: *** [xdmaps_hw.o] Error 127
make[1]: arm-xilinx-eabi-gcc: Command not found
make[1]: *** [xdmaps_selftest.o] Error 127
make[1]: arm-xilinx-eabi-gcc: Command not found
make[1]: *** [xdmaps_sinit.o] Error 127
make[1]: Target `libs' not remade because of errors.
make: *** [ps7_cortexa9_0/libsrc/dmaps_v2_0/src/make.libs] Error 2
make[1]: arm-xilinx-eabi-gcc: Command not found
make[1]: *** [xemacps_bdring.o] Error 127
make[1]: arm-xilinx-eabi-gcc: Command not found
make[1]: *** [xemacps.o] Error 127
make[1]: arm-xilinx-eabi-gcc: Command not found
make[1]: *** [xemacps_control.o] Error 127
make[1]: arm-xilinx-eabi-gcc: Command not found
make[1]: *** [xemacps_g.o] Error 127
make[1]: arm-xilinx-eabi-gcc: Command not found
make[1]: *** [xemacps_hw.o] Error 127
make[1]: arm-xilinx-eabi-gcc: Command not found
make[1]: *** [xemacps_intr.o] Error 127
make[1]: arm-xilinx-eabi-gcc: Command not found
make[1]: *** [xemacps_sinit.o] Error 127
make[1]: Target `libs' not remade because of errors.
Running Make include in ps7_cortexa9_0/libsrc/scuwdt_v2_0/src
make: *** [ps7_cortexa9_0/libsrc/emacps_v2_0/src/make.libs] Error 2
make -C ps7_cortexa9_0/libsrc/scuwdt_v2_0/src -s include -e "SHELL=/bin/sh" "COMPILER=arm-xilinx-eabi-gcc" "ARCHIVER=arm-xilinx-eabi-ar" "COMPILER_FLAGS=  -O2 -c" "EXTRA_COMPILER_FLAGS=-g"
Running Make include in ps7_cortexa9_0/libsrc/sdps_v2_0/src
make -C ps7_cortexa9_0/libsrc/sdps_v2_0/src -s include -e "SHELL=/bin/sh" "COMPILER=arm-xilinx-eabi-gcc" "ARCHIVER=arm-xilinx-eabi-ar" "COMPILER_FLAGS=  -O2 -c" "EXTRA_COMPILER_FLAGS=-g"
Running Make include in ps7_cortexa9_0/libsrc/standalone_v4_0/src
make -C ps7_cortexa9_0/libsrc/standalone_v4_0/src -s include -e "SHELL=/bin/sh" "COMPILER=arm-xilinx-eabi-gcc" "ARCHIVER=arm-xilinx-eabi-ar" "COMPILER_FLAGS=  -O2 -c" "EXTRA_COMPILER_FLAGS=-g"
make[2]: Entering directory `/home/jared/Research/workspace/bold_zynq_FSBL_0_0_bsp/ps7_cortexa9_0/libsrc/standalone_v4_0/src/profile'
cp -rf profile.h mblaze_nt_types.h _profile_timer_hw.h ../../../../include
make[2]: Leaving directory `/home/jared/Research/workspace/bold_zynq_FSBL_0_0_bsp/ps7_cortexa9_0/libsrc/standalone_v4_0/src/profile'
Running Make include in ps7_cortexa9_0/libsrc/ttcps_v2_0/src
make -C ps7_cortexa9_0/libsrc/ttcps_v2_0/src -s include -e "SHELL=/bin/sh" "COMPILER=arm-xilinx-eabi-gcc" "ARCHIVER=arm-xilinx-eabi-ar" "COMPILER_FLAGS=  -O2 -c" "EXTRA_COMPILER_FLAGS=-g"
Running Make include in ps7_cortexa9_0/libsrc/uartps_v2_0/src
make -C ps7_cortexa9_0/libsrc/uartps_v2_0/src -s include -e "SHELL=/bin/sh" "COMPILER=arm-xilinx-eabi-gcc" "ARCHIVER=arm-xilinx-eabi-ar" "COMPILER_FLAGS=  -O2 -c" "EXTRA_COMPILER_FLAGS=-g"
Running Make include in ps7_cortexa9_0/libsrc/usbps_v2_0/src
make -C ps7_cortexa9_0/libsrc/usbps_v2_0/src -s include -e "SHELL=/bin/sh" "COMPILER=arm-xilinx-eabi-gcc" "ARCHIVER=arm-xilinx-eabi-ar" "COMPILER_FLAGS=  -O2 -c" "EXTRA_COMPILER_FLAGS=-g"
Running Make include in ps7_cortexa9_0/libsrc/xadcps_v2_0/src
make -C ps7_cortexa9_0/libsrc/xadcps_v2_0/src -s include -e "SHELL=/bin/sh" "COMPILER=arm-xilinx-eabi-gcc" "ARCHIVER=arm-xilinx-eabi-ar" "COMPILER_FLAGS=  -O2 -c" "EXTRA_COMPILER_FLAGS=-g"
Running Make include in ps7_cortexa9_0/libsrc/xilffs_v2_0/src
make -C ps7_cortexa9_0/libsrc/xilffs_v2_0/src -s include -e "SHELL=/bin/sh" "COMPILER=arm-xilinx-eabi-gcc" "ARCHIVER=arm-xilinx-eabi-ar" "COMPILER_FLAGS=  -O2 -c" "EXTRA_COMPILER_FLAGS=-g"
Running Make libs in ps7_cortexa9_0/libsrc/canps_v2_0/src
make -C ps7_cortexa9_0/libsrc/canps_v2_0/src -s libs -e "SHELL=/bin/sh" "COMPILER=arm-xilinx-eabi-gcc" "ARCHIVER=arm-xilinx-eabi-ar" "COMPILER_FLAGS=  -O2 -c" "EXTRA_COMPILER_FLAGS=-g"
Compiling canps
Running Make libs in ps7_cortexa9_0/libsrc/cpu_cortexa9_v2_0/src
make -C ps7_cortexa9_0/libsrc/cpu_cortexa9_v2_0/src -s libs -e "SHELL=/bin/sh" "COMPILER=arm-xilinx-eabi-gcc" "ARCHIVER=arm-xilinx-eabi-ar" "COMPILER_FLAGS=  -O2 -c" "EXTRA_COMPILER_FLAGS=-g"
Compiling cpu_cortexa9
Running Make libs in ps7_cortexa9_0/libsrc/devcfg_v3_0/src
make -C ps7_cortexa9_0/libsrc/devcfg_v3_0/src -s libs -e "SHELL=/bin/sh" "COMPILER=arm-xilinx-eabi-gcc" "ARCHIVER=arm-xilinx-eabi-ar" "COMPILER_FLAGS=  -O2 -c" "EXTRA_COMPILER_FLAGS=-g"
Compiling devcfg
Running Make libs in ps7_cortexa9_0/libsrc/dmaps_v2_0/src
make -C ps7_cortexa9_0/libsrc/dmaps_v2_0/src -s libs -e "SHELL=/bin/sh" "COMPILER=arm-xilinx-eabi-gcc" "ARCHIVER=arm-xilinx-eabi-ar" "COMPILER_FLAGS=  -O2 -c" "EXTRA_COMPILER_FLAGS=-g"
Compiling dmaps
Running Make libs in ps7_cortexa9_0/libsrc/emacps_v2_0/src
make -C ps7_cortexa9_0/libsrc/emacps_v2_0/src -s libs -e "SHELL=/bin/sh" "COMPILER=arm-xilinx-eabi-gcc" "ARCHIVER=arm-xilinx-eabi-ar" "COMPILER_FLAGS=  -O2 -c" "EXTRA_COMPILER_FLAGS=-g"
Compiling emacps
Running Make libs in ps7_cortexa9_0/libsrc/gpiops_v2_0/src
make -C ps7_cortexa9_0/libsrc/gpiops_v2_0/src -s libs -e "SHELL=/bin/sh" "COMPILER=arm-xilinx-eabi-gcc" "ARCHIVER=arm-xilinx-eabi-ar" "COMPILER_FLAGS=  -O2 -c" "EXTRA_COMPILER_FLAGS=-g"
Compiling gpiops
Running Make libs in ps7_cortexa9_0/libsrc/iicps_v2_0/src
make -C ps7_cortexa9_0/libsrc/iicps_v2_0/src -s libs -e "SHELL=/bin/sh" "COMPILER=arm-xilinx-eabi-gcc" "ARCHIVER=arm-xilinx-eabi-ar" "COMPILER_FLAGS=  -O2 -c" "EXTRA_COMPILER_FLAGS=-g"
Compiling iicps
Running Make libs in ps7_cortexa9_0/libsrc/qspips_v3_0/src
make -C ps7_cortexa9_0/libsrc/qspips_v3_0/src -s libs -e "SHELL=/bin/sh" "COMPILER=arm-xilinx-eabi-gcc" "ARCHIVER=arm-xilinx-eabi-ar" "COMPILER_FLAGS=  -O2 -c" "EXTRA_COMPILER_FLAGS=-g"
Compiling qspips
Running Make libs in ps7_cortexa9_0/libsrc/scugic_v2_0/src
make -C ps7_cortexa9_0/libsrc/scugic_v2_0/src -s libs -e "SHELL=/bin/sh" "COMPILER=arm-xilinx-eabi-gcc" "ARCHIVER=arm-xilinx-eabi-ar" "COMPILER_FLAGS=  -O2 -c" "EXTRA_COMPILER_FLAGS=-g"
Compiling scugic
Running Make libs in ps7_cortexa9_0/libsrc/scutimer_v2_0/src
make -C ps7_cortexa9_0/libsrc/scutimer_v2_0/src -s libs -e "SHELL=/bin/sh" "COMPILER=arm-xilinx-eabi-gcc" "ARCHIVER=arm-xilinx-eabi-ar" "COMPILER_FLAGS=  -O2 -c" "EXTRA_COMPILER_FLAGS=-g"
Compiling scutimer
make[1]: arm-xilinx-eabi-gcc: Command not found
make[1]: *** [xgpiops.o] Error 127
make[1]: arm-xilinx-eabi-gcc: Command not found
make[1]: *** [xgpiops_g.o] Error 127
make[1]: arm-xilinx-eabi-gcc: Command not found
make[1]: *** [xgpiops_hw.o] Error 127
make[1]: arm-xilinx-eabi-gcc: Command not found
make[1]: *** [xgpiops_intr.o] Error 127
make[1]: arm-xilinx-eabi-gcc: Command not found
make[1]: *** [xgpiops_selftest.o] Error 127
make[1]: arm-xilinx-eabi-gcc: Command not found
make[1]: *** [xgpiops_sinit.o] Error 127
make[1]: Target `libs' not remade because of errors.
make: *** [ps7_cortexa9_0/libsrc/gpiops_v2_0/src/make.libs] Error 2
make[1]: arm-xilinx-eabi-gcc: Command not found
make[1]: *** [xiicps.o] Error 127
make[1]: arm-xilinx-eabi-gcc: Command not found
make[1]: *** [xiicps_g.o] Error 127
make[1]: arm-xilinx-eabi-gcc: Command not found
make[1]: *** [xiicps_hw.o] Error 127
make[1]: arm-xilinx-eabi-gcc: Command not found
make[1]: *** [xiicps_intr.o] Error 127
Running Make libs in ps7_cortexa9_0/libsrc/scuwdt_v2_0/src
make -C ps7_cortexa9_0/libsrc/scuwdt_v2_0/src -s libs -e "SHELL=/bin/sh" "COMPILER=arm-xilinx-eabi-gcc" "ARCHIVER=arm-xilinx-eabi-ar" "COMPILER_FLAGS=  -O2 -c" "EXTRA_COMPILER_FLAGS=-g"
Compiling scuwdt
Running Make libs in ps7_cortexa9_0/libsrc/sdps_v2_0/src
make -C ps7_cortexa9_0/libsrc/sdps_v2_0/src -s libs -e "SHELL=/bin/sh" "COMPILER=arm-xilinx-eabi-gcc" "ARCHIVER=arm-xilinx-eabi-ar" "COMPILER_FLAGS=  -O2 -c" "EXTRA_COMPILER_FLAGS=-g"
Compiling sdps
Running Make libs in ps7_cortexa9_0/libsrc/standalone_v4_0/src
make -C ps7_cortexa9_0/libsrc/standalone_v4_0/src -s libs -e "SHELL=/bin/sh" "COMPILER=arm-xilinx-eabi-gcc" "ARCHIVER=arm-xilinx-eabi-ar" "COMPILER_FLAGS=  -O2 -c" "EXTRA_COMPILER_FLAGS=-g"
Compiling standalone
Running Make libs in ps7_cortexa9_0/libsrc/ttcps_v2_0/src
make -C ps7_cortexa9_0/libsrc/ttcps_v2_0/src -s libs -e "SHELL=/bin/sh" "COMPILER=arm-xilinx-eabi-gcc" "ARCHIVER=arm-xilinx-eabi-ar" "COMPILER_FLAGS=  -O2 -c" "EXTRA_COMPILER_FLAGS=-g"
Compiling ttcps
Running Make libs in ps7_cortexa9_0/libsrc/uartps_v2_0/src
make -C ps7_cortexa9_0/libsrc/uartps_v2_0/src -s libs -e "SHELL=/bin/sh" "COMPILER=arm-xilinx-eabi-gcc" "ARCHIVER=arm-xilinx-eabi-ar" "COMPILER_FLAGS=  -O2 -c" "EXTRA_COMPILER_FLAGS=-g"
Compiling uartps
Running Make libs in ps7_cortexa9_0/libsrc/usbps_v2_0/src
make -C ps7_cortexa9_0/libsrc/usbps_v2_0/src -s libs -e "SHELL=/bin/sh" "COMPILER=arm-xilinx-eabi-gcc" "ARCHIVER=arm-xilinx-eabi-ar" "COMPILER_FLAGS=  -O2 -c" "EXTRA_COMPILER_FLAGS=-g"
Compiling usbps
Running Make libs in ps7_cortexa9_0/libsrc/xadcps_v2_0/src
make -C ps7_cortexa9_0/libsrc/xadcps_v2_0/src -s libs -e "SHELL=/bin/sh" "COMPILER=arm-xilinx-eabi-gcc" "ARCHIVER=arm-xilinx-eabi-ar" "COMPILER_FLAGS=  -O2 -c" "EXTRA_COMPILER_FLAGS=-g"
Compiling xadcps
Running Make libs in ps7_cortexa9_0/libsrc/xilffs_v2_0/src
make -C ps7_cortexa9_0/libsrc/xilffs_v2_0/src -s libs -e "SHELL=/bin/sh" "COMPILER=arm-xilinx-eabi-gcc" "ARCHIVER=arm-xilinx-eabi-ar" "COMPILER_FLAGS=  -O2 -c" "EXTRA_COMPILER_FLAGS=-g"
Compiling XilFFs Library
make[1]: arm-xilinx-eabi-gcc: Command not found
make[1]: *** [xiicps_master.o] Error 127
make[1]: arm-xilinx-eabi-gcc: Command not found
make[1]: *** [xiicps_options.o] Error 127
make[1]: arm-xilinx-eabi-gcc: Command not found
make[1]: *** [xiicps_selftest.o] Error 127
make[1]: arm-xilinx-eabi-gcc: Command not found
make[1]: *** [xiicps_sinit.o] Error 127
make[1]: arm-xilinx-eabi-gcc: Command not found
make[1]: *** [xiicps_slave.o] Error 127
make[1]: Target `libs' not remade because of errors.
make: *** [ps7_cortexa9_0/libsrc/iicps_v2_0/src/make.libs] Error 2
make[1]: arm-xilinx-eabi-gcc: Command not found
make[1]: *** [xqspips.o] Error 127
make[1]: arm-xilinx-eabi-gcc: Command not found
make[1]: *** [xqspips_g.o] Error 127
make[1]: arm-xilinx-eabi-gcc: Command not found
make[1]: *** [xqspips_hw.o] Error 127
make[1]: arm-xilinx-eabi-gcc: Command not found
make[1]: *** [xqspips_options.o] Error 127
make[1]: arm-xilinx-eabi-gcc: Command not found
make[1]: *** [xqspips_selftest.o] Error 127
make[1]: arm-xilinx-eabi-gcc: Command not found
make[1]: *** [xqspips_sinit.o] Error 127
make[1]: Target `libs' not remade because of errors.
make: *** [ps7_cortexa9_0/libsrc/qspips_v3_0/src/make.libs] Error 2
make[1]: arm-xilinx-eabi-gcc: Command not found
make[1]: *** [xscugic.o] Error 127
make[1]: arm-xilinx-eabi-gcc: Command not found
make[1]: *** [xscugic_g.o] Error 127
make[1]: arm-xilinx-eabi-gcc: Command not found
make[1]: *** [xscugic_hw.o] Error 127
make[1]: arm-xilinx-eabi-gcc: Command not found
make[1]: *** [xscugic_intr.o] Error 127
make[1]: arm-xilinx-eabi-gcc: Command not found
make[1]: *** [xscugic_selftest.o] Error 127
make[1]: arm-xilinx-eabi-gcc: Command not found
make[1]: *** [xscugic_sinit.o] Error 127
make[1]: Target `libs' not remade because of errors.
make: *** [ps7_cortexa9_0/libsrc/scugic_v2_0/src/make.libs] Error 2
make[1]: arm-xilinx-eabi-gcc: Command not found
make[1]: *** [xscutimer.o] Error 127
make[1]: arm-xilinx-eabi-gcc: Command not found
make[1]: *** [xscutimer_g.o] Error 127
make[1]: arm-xilinx-eabi-gcc: Command not found
make[1]: *** [xscutimer_selftest.o] Error 127
make[1]: arm-xilinx-eabi-gcc: Command not found
make[1]: *** [xscutimer_sinit.o] Error 127
make[1]: Target `libs' not remade because of errors.
make: *** [ps7_cortexa9_0/libsrc/scutimer_v2_0/src/make.libs] Error 2
make[1]: arm-xilinx-eabi-gcc: Command not found
make[1]: *** [xscuwdt.o] Error 127
make[1]: arm-xilinx-eabi-gcc: Command not found
make[1]: *** [xscuwdt_g.o] Error 127
make[1]: arm-xilinx-eabi-gcc: Command not found
make[1]: *** [xscuwdt_selftest.o] Error 127
make[1]: arm-xilinx-eabi-gcc: Command not found
make[1]: *** [xscuwdt_sinit.o] Error 127
make[1]: Target `libs' not remade because of errors.
make: *** [ps7_cortexa9_0/libsrc/scuwdt_v2_0/src/make.libs] Error 2
make[1]: arm-xilinx-eabi-gcc: Command not found
make[1]: *** [xsdps.o] Error 127
make[1]: arm-xilinx-eabi-gcc: Command not found
make[1]: *** [xsdps_g.o] Error 127
make[1]: arm-xilinx-eabi-gcc: Command not found
make[1]: *** [xsdps_options.o] Error 127
make[1]: arm-xilinx-eabi-gcc: Command not found
make[1]: *** [xsdps_sinit.o] Error 127
make[1]: Target `libs' not remade because of errors.
make: *** [ps7_cortexa9_0/libsrc/sdps_v2_0/src/make.libs] Error 2
make[1]: arm-xilinx-eabi-gcc: Command not found
make[1]: *** [standalone_libs] Error 127
make[1]: Target `libs' not remade because of errors.
make: *** [ps7_cortexa9_0/libsrc/standalone_v4_0/src/make.libs] Error 2
make[1]: arm-xilinx-eabi-gcc: Command not found
make[1]: *** [xttcps.o] Error 127
make[1]: arm-xilinx-eabi-gcc: Command not found
make[1]: *** [xttcps_g.o] Error 127
make[1]: arm-xilinx-eabi-gcc: Command not found
make[1]: *** [xttcps_options.o] Error 127
make[1]: arm-xilinx-eabi-gcc: Command not found
make[1]: *** [xttcps_selftest.o] Error 127
make[1]: arm-xilinx-eabi-gcc: Command not found
make[1]: *** [xttcps_sinit.o] Error 127
make[1]: Target `libs' not remade because of errors.
make: *** [ps7_cortexa9_0/libsrc/ttcps_v2_0/src/make.libs] Error 2
make[1]: arm-xilinx-eabi-gcc: Command not found
make[1]: *** [xuartps.o] Error 127
make[1]: arm-xilinx-eabi-gcc: Command not found
make[1]: *** [xuartps_g.o] Error 127
make[1]: arm-xilinx-eabi-gcc: Command not found
make[1]: *** [xuartps_hw.o] Error 127
make[1]: arm-xilinx-eabi-gcc: Command not found
make[1]: *** [xuartps_intr.o] Error 127
make[1]: arm-xilinx-eabi-gcc: Command not found
make[1]: *** [xuartps_options.o] Error 127
make[1]: arm-xilinx-eabi-gcc: Command not found
make[1]: *** [xuartps_selftest.o] Error 127
make[1]: arm-xilinx-eabi-gcc: Command not found
make[1]: *** [xuartps_sinit.o] Error 127
make[1]: Target `libs' not remade because of errors.
make: *** [ps7_cortexa9_0/libsrc/uartps_v2_0/src/make.libs] Error 2
make[1]: arm-xilinx-eabi-gcc: Command not found
make[1]: *** [xusbps.o] Error 127
make[1]: arm-xilinx-eabi-gcc: Command not found
make[1]: *** [xusbps_endpoint.o] Error 127
make[1]: arm-xilinx-eabi-gcc: Command not found
make[1]: *** [xusbps_g.o] Error 127
make[1]: arm-xilinx-eabi-gcc: Command not found
make[1]: *** [xusbps_hw.o] Error 127
make[1]: arm-xilinx-eabi-gcc: Command not found
make[1]: *** [xusbps_intr.o] Error 127
make[1]: arm-xilinx-eabi-gcc: Command not found
make[1]: *** [xusbps_sinit.o] Error 127
make[1]: Target `libs' not remade because of errors.
make: *** [ps7_cortexa9_0/libsrc/usbps_v2_0/src/make.libs] Error 2
make[1]: arm-xilinx-eabi-gcc: Command not found
make[1]: *** [xadcps.o] Error 127
make[1]: arm-xilinx-eabi-gcc: Command not found
make[1]: *** [xadcps_g.o] Error 127
make[1]: arm-xilinx-eabi-gcc: Command not found
make[1]: *** [xadcps_intr.o] Error 127
make[1]: arm-xilinx-eabi-gcc: Command not found
make[1]: *** [xadcps_selftest.o] Error 127
make[1]: arm-xilinx-eabi-gcc: Command not found
make[1]: *** [xadcps_sinit.o] Error 127
make[1]: Target `libs' not remade because of errors.
make: *** [ps7_cortexa9_0/libsrc/xadcps_v2_0/src/make.libs] Error 2
make[1]: arm-xilinx-eabi-gcc: Command not found
make[1]: *** [ff.o] Error 127
make[1]: arm-xilinx-eabi-gcc: Command not found
make[1]: *** [diskio.o] Error 127
make[1]: Target `libs' not remade because of errors.
[...]
Finished building: ../FSBL_0_0_bsp/ps7_cortexa9_0/libsrc/uartps_v2_0/src/xuartps_sinit.c
 
Building file: ../FSBL_0_0_bsp/ps7_cortexa9_0/libsrc/ttcps_v2_0/src/xttcps.c
Invoking: ARM gcc compiler
arm-xilinx-eabi-gcc -Wall -O0 -g3 -I"/home/jared/Research/workspace/ZC702_hw_platform" -c -fmessage-length=0 -I/home/jared/Research/Zynq_Kernel/FSBL/FSBL_0_0_bsp/ps7_cortexa9_0/include -MMD -MP -MF"FSBL_0_0_bsp/ps7_cortexa9_0/libsrc/ttcps_v2_0/src/xttcps.d" -MT"FSBL_0_0_bsp/ps7_cortexa9_0/libsrc/ttcps_v2_0/src/xttcps.d" -o "FSBL_0_0_bsp/ps7_cortexa9_0/libsrc/ttcps_v2_0/src/xttcps.o" "../FSBL_0_0_bsp/ps7_cortexa9_0/libsrc/ttcps_v2_0/src/xttcps.c"
Finished building: ../FSBL_0_0_bsp/ps7_cortexa9_0/libsrc/ttcps_v2_0/src/xttcps.c
 
Building file: ../FSBL_0_0_bsp/ps7_cortexa9_0/libsrc/ttcps_v2_0/src/xttcps_g.c
Invoking: ARM gcc compiler
arm-xilinx-eabi-gcc -Wall -O0 -g3 -I"/home/jared/Research/workspace/ZC702_hw_platform" -c -fmessage-length=0 -I/home/jared/Research/Zynq_Kernel/FSBL/FSBL_0_0_bsp/ps7_cortexa9_0/include -MMD -MP -MF"FSBL_0_0_bsp/ps7_cortexa9_0/libsrc/ttcps_v2_0/src/xttcps_g.d" -MT"FSBL_0_0_bsp/ps7_cortexa9_0/libsrc/ttcps_v2_0/src/xttcps_g.d" -o "FSBL_0_0_bsp/ps7_cortexa9_0/libsrc/ttcps_v2_0/src/xttcps_g.o" "../FSBL_0_0_bsp/ps7_cortexa9_0/libsrc/ttcps_v2_0/src/xttcps_g.c"
Finished building: ../FSBL_0_0_bsp/ps7_cortexa9_0/libsrc/ttcps_v2_0/src/xttcps_g.c
 
Building file: ../FSBL_0_0_bsp/ps7_cortexa9_0/libsrc/ttcps_v2_0/src/xttcps_options.c
Invoking: ARM gcc compiler
arm-xilinx-eabi-gcc -Wall -O0 -g3 -I"/home/jared/Research/workspace/ZC702_hw_platform" -c -fmessage-length=0 -I/home/jared/Research/Zynq_Kernel/FSBL/FSBL_0_0_bsp/ps7_cortexa9_0/include -MMD -MP -MF"FSBL_0_0_bsp/ps7_cortexa9_0/libsrc/ttcps_v2_0/src/xttcps_options.d" -MT"FSBL_0_0_bsp/ps7_cortexa9_0/libsrc/ttcps_v2_0/src/xttcps_options.d" -o "FSBL_0_0_bsp/ps7_cortexa9_0/libsrc/ttcps_v2_0/src/xttcps_options.o" "../FSBL_0_0_bsp/ps7_cortexa9_0/libsrc/ttcps_v2_0/src/xttcps_options.c"
Finished building: ../FSBL_0_0_bsp/ps7_cortexa9_0/libsrc/ttcps_v2_0/src/xttcps_options.c
 
Building file: ../FSBL_0_0_bsp/ps7_cortexa9_0/libsrc/ttcps_v2_0/src/xttcps_selftest.c
Invoking: ARM gcc compiler
arm-xilinx-eabi-gcc -Wall -O0 -g3 -I"/home/jared/Research/workspace/ZC702_hw_platform" -c -fmessage-length=0 -I/home/jared/Research/Zynq_Kernel/FSBL/FSBL_0_0_bsp/ps7_cortexa9_0/include -MMD -MP -MF"FSBL_0_0_bsp/ps7_cortexa9_0/libsrc/ttcps_v2_0/src/xttcps_selftest.d" -MT"FSBL_0_0_bsp/ps7_cortexa9_0/libsrc/ttcps_v2_0/src/xttcps_selftest.d" -o "FSBL_0_0_bsp/ps7_cortexa9_0/libsrc/ttcps_v2_0/src/xttcps_selftest.o" "../FSBL_0_0_bsp/ps7_cortexa9_0/libsrc/ttcps_v2_0/src/xttcps_selftest.c"
Finished building: ../FSBL_0_0_bsp/ps7_cortexa9_0/libsrc/ttcps_v2_0/src/xttcps_selftest.c
 
Building file: ../FSBL_0_0_bsp/ps7_cortexa9_0/libsrc/ttcps_v2_0/src/xttcps_sinit.c
Invoking: ARM gcc compiler
arm-xilinx-eabi-gcc -Wall -O0 -g3 -I"/home/jared/Research/workspace/ZC702_hw_platform" -c -fmessage-length=0 -I/home/jared/Research/Zynq_Kernel/FSBL/FSBL_0_0_bsp/ps7_cortexa9_0/include -MMD -MP -MF"FSBL_0_0_bsp/ps7_cortexa9_0/libsrc/ttcps_v2_0/src/xttcps_sinit.d" -MT"FSBL_0_0_bsp/ps7_cortexa9_0/libsrc/ttcps_v2_0/src/xttcps_sinit.d" -o "FSBL_0_0_bsp/ps7_cortexa9_0/libsrc/ttcps_v2_0/src/xttcps_sinit.o" "../FSBL_0_0_bsp/ps7_cortexa9_0/libsrc/ttcps_v2_0/src/xttcps_sinit.c"
Finished building: ../FSBL_0_0_bsp/ps7_cortexa9_0/libsrc/ttcps_v2_0/src/xttcps_sinit.c
 
Building file: ../FSBL_0_0_bsp/ps7_cortexa9_0/libsrc/standalone_v4_0/src/profile/_profile_clean.c
Invoking: ARM gcc compiler
arm-xilinx-eabi-gcc -Wall -O0 -g3 -I"/home/jared/Research/workspace/ZC702_hw_platform" -c -fmessage-length=0 -I/home/jared/Research/Zynq_Kernel/FSBL/FSBL_0_0_bsp/ps7_cortexa9_0/include -MMD -MP -MF"FSBL_0_0_bsp/ps7_cortexa9_0/libsrc/standalone_v4_0/src/profile/_profile_clean.d" -MT"FSBL_0_0_bsp/ps7_cortexa9_0/libsrc/standalone_v4_0/src/profile/_profile_clean.d" -o "FSBL_0_0_bsp/ps7_cortexa9_0/libsrc/standalone_v4_0/src/profile/_profile_clean.o" "../FSBL_0_0_bsp/ps7_cortexa9_0/libsrc/standalone_v4_0/src/profile/_profile_clean.c"
00:16:22 **** Build of project zynq_fsbl_0_bsp ****
make -k all 
Running Make include in ps7_cortexa9_0/libsrc/canps_v2_0/src
make -C ps7_cortexa9_0/libsrc/canps_v2_0/src -s include -e "SHELL=/bin/sh" "COMPILER=arm-xilinx-eabi-gcc" "ARCHIVER=arm-xilinx-eabi-ar" "COMPILER_FLAGS=  -O2 -c" "EXTRA_COMPILER_FLAGS=-g"
Running Make include in ps7_cortexa9_0/libsrc/cpu_cortexa9_v2_0/src
make -C ps7_cortexa9_0/libsrc/cpu_cortexa9_v2_0/src -s include -e "SHELL=/bin/sh" "COMPILER=arm-xilinx-eabi-gcc" "ARCHIVER=arm-xilinx-eabi-ar" "COMPILER_FLAGS=  -O2 -c" "EXTRA_COMPILER_FLAGS=-g"
Running Make include in ps7_cortexa9_0/libsrc/devcfg_v3_0/src
make -C ps7_cortexa9_0/libsrc/devcfg_v3_0/src -s include -e "SHELL=/bin/sh" "COMPILER=arm-xilinx-eabi-gcc" "ARCHIVER=arm-xilinx-eabi-ar" "COMPILER_FLAGS=  -O2 -c" "EXTRA_COMPILER_FLAGS=-g"
Running Make include in ps7_cortexa9_0/libsrc/dmaps_v2_0/src
make -C ps7_cortexa9_0/libsrc/dmaps_v2_0/src -s include -e "SHELL=/bin/sh" "COMPILER=arm-xilinx-eabi-gcc" "ARCHIVER=arm-xilinx-eabi-ar" "COMPILER_FLAGS=  -O2 -c" "EXTRA_COMPILER_FLAGS=-g"
Running Make include in ps7_cortexa9_0/libsrc/emacps_v2_0/src
make -C ps7_cortexa9_0/libsrc/emacps_v2_0/src -s include -e "SHELL=/bin/sh" "COMPILER=arm-xilinx-eabi-gcc" "ARCHIVER=arm-xilinx-eabi-ar" "COMPILER_FLAGS=  -O2 -c" "EXTRA_COMPILER_FLAGS=-g"
Running Make include in ps7_cortexa9_0/libsrc/gpiops_v2_0/src
make -C ps7_cortexa9_0/libsrc/gpiops_v2_0/src -s include -e "SHELL=/bin/sh" "COMPILER=arm-xilinx-eabi-gcc" "ARCHIVER=arm-xilinx-eabi-ar" "COMPILER_FLAGS=  -O2 -c" "EXTRA_COMPILER_FLAGS=-g"
Running Make include in ps7_cortexa9_0/libsrc/iicps_v2_0/src
make -C ps7_cortexa9_0/libsrc/iicps_v2_0/src -s include -e "SHELL=/bin/sh" "COMPILER=arm-xilinx-eabi-gcc" "ARCHIVER=arm-xilinx-eabi-ar" "COMPILER_FLAGS=  -O2 -c" "EXTRA_COMPILER_FLAGS=-g"
Running Make include in ps7_cortexa9_0/libsrc/qspips_v3_0/src
make -C ps7_cortexa9_0/libsrc/qspips_v3_0/src -s include -e "SHELL=/bin/sh" "COMPILER=arm-xilinx-eabi-gcc" "ARCHIVER=arm-xilinx-eabi-ar" "COMPILER_FLAGS=  -O2 -c" "EXTRA_COMPILER_FLAGS=-g"
Running Make include in ps7_cortexa9_0/libsrc/scugic_v2_0/src
make -C ps7_cortexa9_0/libsrc/scugic_v2_0/src -s include -e "SHELL=/bin/sh" "COMPILER=arm-xilinx-eabi-gcc" "ARCHIVER=arm-xilinx-eabi-ar" "COMPILER_FLAGS=  -O2 -c" "EXTRA_COMPILER_FLAGS=-g"
Running Make include in ps7_cortexa9_0/libsrc/scutimer_v2_0/src
make -C ps7_cortexa9_0/libsrc/scutimer_v2_0/src -s include -e "SHELL=/bin/sh" "COMPILER=arm-xilinx-eabi-gcc" "ARCHIVER=arm-xilinx-eabi-ar" "COMPILER_FLAGS=  -O2 -c" "EXTRA_COMPILER_FLAGS=-g"
Running Make include in ps7_cortexa9_0/libsrc/scuwdt_v2_0/src
make -C ps7_cortexa9_0/libsrc/scuwdt_v2_0/src -s include -e "SHELL=/bin/sh" "COMPILER=arm-xilinx-eabi-gcc" "ARCHIVER=arm-xilinx-eabi-ar" "COMPILER_FLAGS=  -O2 -c" "EXTRA_COMPILER_FLAGS=-g"
Running Make include in ps7_cortexa9_0/libsrc/sdps_v2_0/src
make -C ps7_cortexa9_0/libsrc/sdps_v2_0/src -s include -e "SHELL=/bin/sh" "COMPILER=arm-xilinx-eabi-gcc" "ARCHIVER=arm-xilinx-eabi-ar" "COMPILER_FLAGS=  -O2 -c" "EXTRA_COMPILER_FLAGS=-g"
Running Make include in ps7_cortexa9_0/libsrc/standalone_v4_0/src
make -C ps7_cortexa9_0/libsrc/standalone_v4_0/src -s include -e "SHELL=/bin/sh" "COMPILER=arm-xilinx-eabi-gcc" "ARCHIVER=arm-xilinx-eabi-ar" "COMPILER_FLAGS=  -O2 -c" "EXTRA_COMPILER_FLAGS=-g"
make[2]: Entering directory `/home/jared/Research/workspace/zynq_fsbl_0_bsp/ps7_cortexa9_0/libsrc/standalone_v4_0/src/profile'
cp -rf profile.h mblaze_nt_types.h _profile_timer_hw.h ../../../../include
make[2]: Leaving directory `/home/jared/Research/workspace/zynq_fsbl_0_bsp/ps7_cortexa9_0/libsrc/standalone_v4_0/src/profile'
Running Make include in ps7_cortexa9_0/libsrc/ttcps_v2_0/src
make -C ps7_cortexa9_0/libsrc/ttcps_v2_0/src -s include -e "SHELL=/bin/sh" "COMPILER=arm-xilinx-eabi-gcc" "ARCHIVER=arm-xilinx-eabi-ar" "COMPILER_FLAGS=  -O2 -c" "EXTRA_COMPILER_FLAGS=-g"
Running Make include in ps7_cortexa9_0/libsrc/uartps_v2_0/src
make -C ps7_cortexa9_0/libsrc/uartps_v2_0/src -s include -e "SHELL=/bin/sh" "COMPILER=arm-xilinx-eabi-gcc" "ARCHIVER=arm-xilinx-eabi-ar" "COMPILER_FLAGS=  -O2 -c" "EXTRA_COMPILER_FLAGS=-g"
Running Make include in ps7_cortexa9_0/libsrc/usbps_v2_0/src
make -C ps7_cortexa9_0/libsrc/usbps_v2_0/src -s include -e "SHELL=/bin/sh" "COMPILER=arm-xilinx-eabi-gcc" "ARCHIVER=arm-xilinx-eabi-ar" "COMPILER_FLAGS=  -O2 -c" "EXTRA_COMPILER_FLAGS=-g"
Running Make include in ps7_cortexa9_0/libsrc/xadcps_v2_0/src
make -C ps7_cortexa9_0/libsrc/xadcps_v2_0/src -s include -e "SHELL=/bin/sh" "COMPILER=arm-xilinx-eabi-gcc" "ARCHIVER=arm-xilinx-eabi-ar" "COMPILER_FLAGS=  -O2 -c" "EXTRA_COMPILER_FLAGS=-g"
Running Make include in ps7_cortexa9_0/libsrc/xilffs_v2_0/src
make -C ps7_cortexa9_0/libsrc/xilffs_v2_0/src -s include -e "SHELL=/bin/sh" "COMPILER=arm-xilinx-eabi-gcc" "ARCHIVER=arm-xilinx-eabi-ar" "COMPILER_FLAGS=  -O2 -c" "EXTRA_COMPILER_FLAGS=-g"
Running Make libs in ps7_cortexa9_0/libsrc/canps_v2_0/src
make -C ps7_cortexa9_0/libsrc/canps_v2_0/src -s libs -e "SHELL=/bin/sh" "COMPILER=arm-xilinx-eabi-gcc" "ARCHIVER=arm-xilinx-eabi-ar" "COMPILER_FLAGS=  -O2 -c" "EXTRA_COMPILER_FLAGS=-g"
Compiling canps
arm-xilinx-eabi-ar: creating ../../../lib/libxil.a
Running Make libs in ps7_cortexa9_0/libsrc/cpu_cortexa9_v2_0/src
make -C ps7_cortexa9_0/libsrc/cpu_cortexa9_v2_0/src -s libs -e "SHELL=/bin/sh" "COMPILER=arm-xilinx-eabi-gcc" "ARCHIVER=arm-xilinx-eabi-ar" "COMPILER_FLAGS=  -O2 -c" "EXTRA_COMPILER_FLAGS=-g"
Compiling cpu_cortexa9
Running Make libs in ps7_cortexa9_0/libsrc/devcfg_v3_0/src
make -C ps7_cortexa9_0/libsrc/devcfg_v3_0/src -s libs -e "SHELL=/bin/sh" "COMPILER=arm-xilinx-eabi-gcc" "ARCHIVER=arm-xilinx-eabi-ar" "COMPILER_FLAGS=  -O2 -c" "EXTRA_COMPILER_FLAGS=-g"
Compiling devcfg
Running Make libs in ps7_cortexa9_0/libsrc/dmaps_v2_0/src
make -C ps7_cortexa9_0/libsrc/dmaps_v2_0/src -s libs -e "SHELL=/bin/sh" "COMPILER=arm-xilinx-eabi-gcc" "ARCHIVER=arm-xilinx-eabi-ar" "COMPILER_FLAGS=  -O2 -c" "EXTRA_COMPILER_FLAGS=-g"
Compiling dmaps
Running Make libs in ps7_cortexa9_0/libsrc/emacps_v2_0/src
make -C ps7_cortexa9_0/libsrc/emacps_v2_0/src -s libs -e "SHELL=/bin/sh" "COMPILER=arm-xilinx-eabi-gcc" "ARCHIVER=arm-xilinx-eabi-ar" "COMPILER_FLAGS=  -O2 -c" "EXTRA_COMPILER_FLAGS=-g"
Compiling emacps
Running Make libs in ps7_cortexa9_0/libsrc/gpiops_v2_0/src
make -C ps7_cortexa9_0/libsrc/gpiops_v2_0/src -s libs -e "SHELL=/bin/sh" "COMPILER=arm-xilinx-eabi-gcc" "ARCHIVER=arm-xilinx-eabi-ar" "COMPILER_FLAGS=  -O2 -c" "EXTRA_COMPILER_FLAGS=-g"
Compiling gpiops
Running Make libs in ps7_cortexa9_0/libsrc/iicps_v2_0/src
make -C ps7_cortexa9_0/libsrc/iicps_v2_0/src -s libs -e "SHELL=/bin/sh" "COMPILER=arm-xilinx-eabi-gcc" "ARCHIVER=arm-xilinx-eabi-ar" "COMPILER_FLAGS=  -O2 -c" "EXTRA_COMPILER_FLAGS=-g"
Compiling iicps
Running Make libs in ps7_cortexa9_0/libsrc/qspips_v3_0/src
make -C ps7_cortexa9_0/libsrc/qspips_v3_0/src -s libs -e "SHELL=/bin/sh" "COMPILER=arm-xilinx-eabi-gcc" "ARCHIVER=arm-xilinx-eabi-ar" "COMPILER_FLAGS=  -O2 -c" "EXTRA_COMPILER_FLAGS=-g"
Compiling qspips
Running Make libs in ps7_cortexa9_0/libsrc/scugic_v2_0/src
make -C ps7_cortexa9_0/libsrc/scugic_v2_0/src -s libs -e "SHELL=/bin/sh" "COMPILER=arm-xilinx-eabi-gcc" "ARCHIVER=arm-xilinx-eabi-ar" "COMPILER_FLAGS=  -O2 -c" "EXTRA_COMPILER_FLAGS=-g"
Compiling scugic
Running Make libs in ps7_cortexa9_0/libsrc/scutimer_v2_0/src
make -C ps7_cortexa9_0/libsrc/scutimer_v2_0/src -s libs -e "SHELL=/bin/sh" "COMPILER=arm-xilinx-eabi-gcc" "ARCHIVER=arm-xilinx-eabi-ar" "COMPILER_FLAGS=  -O2 -c" "EXTRA_COMPILER_FLAGS=-g"
Compiling scutimer
Running Make libs in ps7_cortexa9_0/libsrc/scuwdt_v2_0/src
make -C ps7_cortexa9_0/libsrc/scuwdt_v2_0/src -s libs -e "SHELL=/bin/sh" "COMPILER=arm-xilinx-eabi-gcc" "ARCHIVER=arm-xilinx-eabi-ar" "COMPILER_FLAGS=  -O2 -c" "EXTRA_COMPILER_FLAGS=-g"
Compiling scuwdt
Running Make libs in ps7_cortexa9_0/libsrc/sdps_v2_0/src
make -C ps7_cortexa9_0/libsrc/sdps_v2_0/src -s libs -e "SHELL=/bin/sh" "COMPILER=arm-xilinx-eabi-gcc" "ARCHIVER=arm-xilinx-eabi-ar" "COMPILER_FLAGS=  -O2 -c" "EXTRA_COMPILER_FLAGS=-g"
Compiling sdps
Running Make libs in ps7_cortexa9_0/libsrc/standalone_v4_0/src
make -C ps7_cortexa9_0/libsrc/standalone_v4_0/src -s libs -e "SHELL=/bin/sh" "COMPILER=arm-xilinx-eabi-gcc" "ARCHIVER=arm-xilinx-eabi-ar" "COMPILER_FLAGS=  -O2 -c" "EXTRA_COMPILER_FLAGS=-g"
Compiling standalone
Running Make libs in ps7_cortexa9_0/libsrc/ttcps_v2_0/src
make -C ps7_cortexa9_0/libsrc/ttcps_v2_0/src -s libs -e "SHELL=/bin/sh" "COMPILER=arm-xilinx-eabi-gcc" "ARCHIVER=arm-xilinx-eabi-ar" "COMPILER_FLAGS=  -O2 -c" "EXTRA_COMPILER_FLAGS=-g"
Compiling ttcps
Running Make libs in ps7_cortexa9_0/libsrc/uartps_v2_0/src
make -C ps7_cortexa9_0/libsrc/uartps_v2_0/src -s libs -e "SHELL=/bin/sh" "COMPILER=arm-xilinx-eabi-gcc" "ARCHIVER=arm-xilinx-eabi-ar" "COMPILER_FLAGS=  -O2 -c" "EXTRA_COMPILER_FLAGS=-g"
Compiling uartps
Running Make libs in ps7_cortexa9_0/libsrc/usbps_v2_0/src
make -C ps7_cortexa9_0/libsrc/usbps_v2_0/src -s libs -e "SHELL=/bin/sh" "COMPILER=arm-xilinx-eabi-gcc" "ARCHIVER=arm-xilinx-eabi-ar" "COMPILER_FLAGS=  -O2 -c" "EXTRA_COMPILER_FLAGS=-g"
Compiling usbps
Running Make libs in ps7_cortexa9_0/libsrc/xadcps_v2_0/src
make -C ps7_cortexa9_0/libsrc/xadcps_v2_0/src -s libs -e "SHELL=/bin/sh" "COMPILER=arm-xilinx-eabi-gcc" "ARCHIVER=arm-xilinx-eabi-ar" "COMPILER_FLAGS=  -O2 -c" "EXTRA_COMPILER_FLAGS=-g"
Compiling xadcps
Running Make libs in ps7_cortexa9_0/libsrc/xilffs_v2_0/src
make -C ps7_cortexa9_0/libsrc/xilffs_v2_0/src -s libs -e "SHELL=/bin/sh" "COMPILER=arm-xilinx-eabi-gcc" "ARCHIVER=arm-xilinx-eabi-ar" "COMPILER_FLAGS=  -O2 -c" "EXTRA_COMPILER_FLAGS=-g"
Compiling XilFFs Library
Creating archive libxilffs.a
make[2]: Entering directory `/home/jared/Research/workspace/zynq_fsbl_0_bsp/ps7_cortexa9_0/libsrc/xilffs_v2_0/src'
rm -rf obj/ff.o obj/diskio.o	
rmdir obj
rm libxilffs.a
make[2]: Leaving directory `/home/jared/Research/workspace/zynq_fsbl_0_bsp/ps7_cortexa9_0/libsrc/xilffs_v2_0/src'
Finished building libraries
00:16:32 **** Build of configuration Debug for project zynq_fsbl_0 ****
make all 
Building file: ../src/ddr_init.c
Invoking: ARM gcc compiler
arm-xilinx-eabi-gcc -Wall -O0 -g3 -I"/home/jared/Research/workspace/ZC702_hw_platform" -c -fmessage-length=0 -I../../zynq_fsbl_0_bsp/ps7_cortexa9_0/include -MMD -MP -MF"src/ddr_init.d" -MT"src/ddr_init.d" -o "src/ddr_init.o" "../src/ddr_init.c"
Finished building: ../src/ddr_init.c
 
Building file: ../src/fsbl_handoff.S
Invoking: ARM gcc compiler
arm-xilinx-eabi-gcc -Wall -O0 -g3 -I"/home/jared/Research/workspace/ZC702_hw_platform" -c -fmessage-length=0 -I../../zynq_fsbl_0_bsp/ps7_cortexa9_0/include -MMD -MP -MF"src/fsbl_handoff.d" -MT"src/fsbl_handoff.d" -o "src/fsbl_handoff.o" "../src/fsbl_handoff.S"
Finished building: ../src/fsbl_handoff.S
 
Building file: ../src/fsbl_hooks.c
Invoking: ARM gcc compiler
arm-xilinx-eabi-gcc -Wall -O0 -g3 -I"/home/jared/Research/workspace/ZC702_hw_platform" -c -fmessage-length=0 -I../../zynq_fsbl_0_bsp/ps7_cortexa9_0/include -MMD -MP -MF"src/fsbl_hooks.d" -MT"src/fsbl_hooks.d" -o "src/fsbl_hooks.o" "../src/fsbl_hooks.c"
Finished building: ../src/fsbl_hooks.c
 
Building file: ../src/image_mover.c
Invoking: ARM gcc compiler
arm-xilinx-eabi-gcc -Wall -O0 -g3 -I"/home/jared/Research/workspace/ZC702_hw_platform" -c -fmessage-length=0 -I../../zynq_fsbl_0_bsp/ps7_cortexa9_0/include -MMD -MP -MF"src/image_mover.d" -MT"src/image_mover.d" -o "src/image_mover.o" "../src/image_mover.c"
Finished building: ../src/image_mover.c
 
Building file: ../src/main.c
Invoking: ARM gcc compiler
arm-xilinx-eabi-gcc -Wall -O0 -g3 -I"/home/jared/Research/workspace/ZC702_hw_platform" -c -fmessage-length=0 -I../../zynq_fsbl_0_bsp/ps7_cortexa9_0/include -MMD -MP -MF"src/main.d" -MT"src/main.d" -o "src/main.o" "../src/main.c"
Finished building: ../src/main.c
 
Building file: ../src/md5.c
Invoking: ARM gcc compiler
arm-xilinx-eabi-gcc -Wall -O0 -g3 -I"/home/jared/Research/workspace/ZC702_hw_platform" -c -fmessage-length=0 -I../../zynq_fsbl_0_bsp/ps7_cortexa9_0/include -MMD -MP -MF"src/md5.d" -MT"src/md5.d" -o "src/md5.o" "../src/md5.c"
Finished building: ../src/md5.c
 
Building file: ../src/nand.c
Invoking: ARM gcc compiler
arm-xilinx-eabi-gcc -Wall -O0 -g3 -I"/home/jared/Research/workspace/ZC702_hw_platform" -c -fmessage-length=0 -I../../zynq_fsbl_0_bsp/ps7_cortexa9_0/include -MMD -MP -MF"src/nand.d" -MT"src/nand.d" -o "src/nand.o" "../src/nand.c"
Finished building: ../src/nand.c
 
Building file: ../src/nor.c
Invoking: ARM gcc compiler
arm-xilinx-eabi-gcc -Wall -O0 -g3 -I"/home/jared/Research/workspace/ZC702_hw_platform" -c -fmessage-length=0 -I../../zynq_fsbl_0_bsp/ps7_cortexa9_0/include -MMD -MP -MF"src/nor.d" -MT"src/nor.d" -o "src/nor.o" "../src/nor.c"
Finished building: ../src/nor.c
 
Building file: ../src/pcap.c
Invoking: ARM gcc compiler
arm-xilinx-eabi-gcc -Wall -O0 -g3 -I"/home/jared/Research/workspace/ZC702_hw_platform" -c -fmessage-length=0 -I../../zynq_fsbl_0_bsp/ps7_cortexa9_0/include -MMD -MP -MF"src/pcap.d" -MT"src/pcap.d" -o "src/pcap.o" "../src/pcap.c"
Finished building: ../src/pcap.c
 
Building file: /opt/Xilinx/SDK/2014.1/data/embeddedsw/lib/hwplatform_templates/ZC702_hw_platform/ps7_init.c
Invoking: ARM gcc compiler
arm-xilinx-eabi-gcc -Wall -O0 -g3 -I"/home/jared/Research/workspace/ZC702_hw_platform" -c -fmessage-length=0 -I../../zynq_fsbl_0_bsp/ps7_cortexa9_0/include -MMD -MP -MF"src/ps7_init.d" -MT"src/ps7_init.d" -o "src/ps7_init.o" "/opt/Xilinx/SDK/2014.1/data/embeddedsw/lib/hwplatform_templates/ZC702_hw_platform/ps7_init.c"
Finished building: /opt/Xilinx/SDK/2014.1/data/embeddedsw/lib/hwplatform_templates/ZC702_hw_platform/ps7_init.c
 
Building file: ../src/qspi.c
Invoking: ARM gcc compiler
arm-xilinx-eabi-gcc -Wall -O0 -g3 -I"/home/jared/Research/workspace/ZC702_hw_platform" -c -fmessage-length=0 -I../../zynq_fsbl_0_bsp/ps7_cortexa9_0/include -MMD -MP -MF"src/qspi.d" -MT"src/qspi.d" -o "src/qspi.o" "../src/qspi.c"
Finished building: ../src/qspi.c
 
Building file: ../src/rsa.c
Invoking: ARM gcc compiler
arm-xilinx-eabi-gcc -Wall -O0 -g3 -I"/home/jared/Research/workspace/ZC702_hw_platform" -c -fmessage-length=0 -I../../zynq_fsbl_0_bsp/ps7_cortexa9_0/include -MMD -MP -MF"src/rsa.d" -MT"src/rsa.d" -o "src/rsa.o" "../src/rsa.c"
Finished building: ../src/rsa.c
 
Building file: ../src/sd.c
Invoking: ARM gcc compiler
arm-xilinx-eabi-gcc -Wall -O0 -g3 -I"/home/jared/Research/workspace/ZC702_hw_platform" -c -fmessage-length=0 -I../../zynq_fsbl_0_bsp/ps7_cortexa9_0/include -MMD -MP -MF"src/sd.d" -MT"src/sd.d" -o "src/sd.o" "../src/sd.c"
Finished building: ../src/sd.c
 
Building target: zynq_fsbl_0.elf
Invoking: ARM gcc linker
arm-xilinx-eabi-gcc -L"/home/jared/Research/workspace/zynq_fsbl_0/src" -Wl,-T -Wl,../src/lscript.ld -L../../zynq_fsbl_0_bsp/ps7_cortexa9_0/lib -o "zynq_fsbl_0.elf"  ./src/ddr_init.o ./src/fsbl_handoff.o ./src/fsbl_hooks.o ./src/image_mover.o ./src/main.o ./src/md5.o ./src/nand.o ./src/nor.o ./src/pcap.o ./src/ps7_init.o ./src/qspi.o ./src/rsa.o ./src/sd.o   -lrsa -Wl,--start-group,-lxil,-lgcc,-lc,--end-group -Wl,--start-group,-lxilffs,-lxil,-lgcc,-lc,--end-group
Finished building target: zynq_fsbl_0.elf
 
Invoking: ARM Print Size
arm-xilinx-eabi-size zynq_fsbl_0.elf  |tee "zynq_fsbl_0.elf.size"
   text	   data	    bss	    dec	    hex	filename
  70388	  12892	  73316	 156596	  263b4	zynq_fsbl_0.elf
Finished building: zynq_fsbl_0.elf.size
 
