21:35:36 **** Incremental Build of configuration Release for project zynq_bare ****
make all 
Building file: ../src/ddr_init.c
Invoking: ARM gcc compiler
arm-xilinx-eabi-gcc -Wall -O2 -I"/home/jared/Research/workspace/ZC702_hw_platform" -c -fmessage-length=0 -I../../zynq_bare_bsp/ps7_cortexa9_0/include -MMD -MP -MF"src/ddr_init.d" -MT"src/ddr_init.d" -o "src/ddr_init.o" "../src/ddr_init.c"
Finished building: ../src/ddr_init.c
 
Building file: ../src/fsbl_handoff.S
Invoking: ARM gcc compiler
arm-xilinx-eabi-gcc -Wall -O2 -I"/home/jared/Research/workspace/ZC702_hw_platform" -c -fmessage-length=0 -I../../zynq_bare_bsp/ps7_cortexa9_0/include -MMD -MP -MF"src/fsbl_handoff.d" -MT"src/fsbl_handoff.d" -o "src/fsbl_handoff.o" "../src/fsbl_handoff.S"
Finished building: ../src/fsbl_handoff.S
 
Building file: ../src/fsbl_hooks.c
Invoking: ARM gcc compiler
arm-xilinx-eabi-gcc -Wall -O2 -I"/home/jared/Research/workspace/ZC702_hw_platform" -c -fmessage-length=0 -I../../zynq_bare_bsp/ps7_cortexa9_0/include -MMD -MP -MF"src/fsbl_hooks.d" -MT"src/fsbl_hooks.d" -o "src/fsbl_hooks.o" "../src/fsbl_hooks.c"
Finished building: ../src/fsbl_hooks.c
 
Building file: ../src/image_mover.c
Invoking: ARM gcc compiler
arm-xilinx-eabi-gcc -Wall -O2 -I"/home/jared/Research/workspace/ZC702_hw_platform" -c -fmessage-length=0 -I../../zynq_bare_bsp/ps7_cortexa9_0/include -MMD -MP -MF"src/image_mover.d" -MT"src/image_mover.d" -o "src/image_mover.o" "../src/image_mover.c"
Finished building: ../src/image_mover.c
 
Building file: ../src/main.c
Invoking: ARM gcc compiler
arm-xilinx-eabi-gcc -Wall -O2 -I"/home/jared/Research/workspace/ZC702_hw_platform" -c -fmessage-length=0 -I../../zynq_bare_bsp/ps7_cortexa9_0/include -MMD -MP -MF"src/main.d" -MT"src/main.d" -o "src/main.o" "../src/main.c"
Finished building: ../src/main.c
 
Building file: ../src/md5.c
Invoking: ARM gcc compiler
arm-xilinx-eabi-gcc -Wall -O2 -I"/home/jared/Research/workspace/ZC702_hw_platform" -c -fmessage-length=0 -I../../zynq_bare_bsp/ps7_cortexa9_0/include -MMD -MP -MF"src/md5.d" -MT"src/md5.d" -o "src/md5.o" "../src/md5.c"
../src/md5.c: In function 'MD5Final':
../src/md5.c:445:2: warning: dereferencing type-punned pointer will break strict-aliasing rules [-Wstrict-aliasing]
  ( (u32 *)context->intermediate )[ 14 ] = context->bits[ 0 ];
  ^
../src/md5.c:446:2: warning: dereferencing type-punned pointer will break strict-aliasing rules [-Wstrict-aliasing]
  ( (u32 *)context->intermediate )[ 15 ] = context->bits[ 1 ];
  ^
Finished building: ../src/md5.c
 
Building file: ../src/nand.c
Invoking: ARM gcc compiler
arm-xilinx-eabi-gcc -Wall -O2 -I"/home/jared/Research/workspace/ZC702_hw_platform" -c -fmessage-length=0 -I../../zynq_bare_bsp/ps7_cortexa9_0/include -MMD -MP -MF"src/nand.d" -MT"src/nand.d" -o "src/nand.o" "../src/nand.c"
Finished building: ../src/nand.c
 
Building file: ../src/nor.c
Invoking: ARM gcc compiler
arm-xilinx-eabi-gcc -Wall -O2 -I"/home/jared/Research/workspace/ZC702_hw_platform" -c -fmessage-length=0 -I../../zynq_bare_bsp/ps7_cortexa9_0/include -MMD -MP -MF"src/nor.d" -MT"src/nor.d" -o "src/nor.o" "../src/nor.c"
Finished building: ../src/nor.c
 
Building file: ../src/pcap.c
Invoking: ARM gcc compiler
arm-xilinx-eabi-gcc -Wall -O2 -I"/home/jared/Research/workspace/ZC702_hw_platform" -c -fmessage-length=0 -I../../zynq_bare_bsp/ps7_cortexa9_0/include -MMD -MP -MF"src/pcap.d" -MT"src/pcap.d" -o "src/pcap.o" "../src/pcap.c"
Finished building: ../src/pcap.c
 
Building file: /opt/Xilinx/SDK/2014.2/data/embeddedsw/lib/hwplatform_templates/ZC702_hw_platform/ps7_init.c
Invoking: ARM gcc compiler
arm-xilinx-eabi-gcc -Wall -O2 -I"/home/jared/Research/workspace/ZC702_hw_platform" -c -fmessage-length=0 -I../../zynq_bare_bsp/ps7_cortexa9_0/include -MMD -MP -MF"src/ps7_init.d" -MT"src/ps7_init.d" -o "src/ps7_init.o" "/opt/Xilinx/SDK/2014.2/data/embeddedsw/lib/hwplatform_templates/ZC702_hw_platform/ps7_init.c"
Finished building: /opt/Xilinx/SDK/2014.2/data/embeddedsw/lib/hwplatform_templates/ZC702_hw_platform/ps7_init.c
 
Building file: ../src/qspi.c
Invoking: ARM gcc compiler
arm-xilinx-eabi-gcc -Wall -O2 -I"/home/jared/Research/workspace/ZC702_hw_platform" -c -fmessage-length=0 -I../../zynq_bare_bsp/ps7_cortexa9_0/include -MMD -MP -MF"src/qspi.d" -MT"src/qspi.d" -o "src/qspi.o" "../src/qspi.c"
Finished building: ../src/qspi.c
 
Building file: ../src/rsa.c
Invoking: ARM gcc compiler
arm-xilinx-eabi-gcc -Wall -O2 -I"/home/jared/Research/workspace/ZC702_hw_platform" -c -fmessage-length=0 -I../../zynq_bare_bsp/ps7_cortexa9_0/include -MMD -MP -MF"src/rsa.d" -MT"src/rsa.d" -o "src/rsa.o" "../src/rsa.c"
Finished building: ../src/rsa.c
 
Building file: ../src/sd.c
Invoking: ARM gcc compiler
arm-xilinx-eabi-gcc -Wall -O2 -I"/home/jared/Research/workspace/ZC702_hw_platform" -c -fmessage-length=0 -I../../zynq_bare_bsp/ps7_cortexa9_0/include -MMD -MP -MF"src/sd.d" -MT"src/sd.d" -o "src/sd.o" "../src/sd.c"
Finished building: ../src/sd.c
 
Building target: zynq_bare.elf
Invoking: ARM gcc linker
arm-xilinx-eabi-gcc -L"/home/jared/Research/workspace/zynq_bare/src" -Wl,-T -Wl,../src/lscript.ld -L../../zynq_bare_bsp/ps7_cortexa9_0/lib -o "zynq_bare.elf"  ./src/ddr_init.o ./src/fsbl_handoff.o ./src/fsbl_hooks.o ./src/image_mover.o ./src/main.o ./src/md5.o ./src/nand.o ./src/nor.o ./src/pcap.o ./src/ps7_init.o ./src/qspi.o ./src/rsa.o ./src/sd.o   -lrsa -Wl,--start-group,-lxil,-lgcc,-lc,--end-group -Wl,--start-group,-lxilffs,-lxil,-lgcc,-lc,--end-group -Wl,--start-group,-lrsa,-lxil,-lgcc,-lc,--end-group
Finished building target: zynq_bare.elf
 
Invoking: ARM Print Size
arm-xilinx-eabi-size zynq_bare.elf  |tee "zynq_bare.elf.size"
   text	   data	    bss	    dec	    hex	filename
  64380	  12508	  73316	 150204	  24abc	zynq_bare.elf
Finished building: zynq_bare.elf.size
 

21:35:37 Build Finished (took 1s.163ms)

