02:01:12 **** Build of project fsbl_bsp ****
make -k all 
Running Make include in ps7_cortexa9_0/libsrc/axidma_v8_0/src
make -C ps7_cortexa9_0/libsrc/axidma_v8_0/src -s include  "SHELL=/bin/sh" "COMPILER=arm-xilinx-eabi-gcc" "ARCHIVER=arm-xilinx-eabi-ar" "COMPILER_FLAGS=  -O2 -c" "EXTRA_COMPILER_FLAGS=-g"
Running Make include in ps7_cortexa9_0/libsrc/canps_v2_0/src
make -C ps7_cortexa9_0/libsrc/canps_v2_0/src -s include  "SHELL=/bin/sh" "COMPILER=arm-xilinx-eabi-gcc" "ARCHIVER=arm-xilinx-eabi-ar" "COMPILER_FLAGS=  -O2 -c" "EXTRA_COMPILER_FLAGS=-g"
Running Make include in ps7_cortexa9_0/libsrc/cpu_cortexa9_v2_0/src
make -C ps7_cortexa9_0/libsrc/cpu_cortexa9_v2_0/src -s include  "SHELL=/bin/sh" "COMPILER=arm-xilinx-eabi-gcc" "ARCHIVER=arm-xilinx-eabi-ar" "COMPILER_FLAGS=  -O2 -c" "EXTRA_COMPILER_FLAGS=-g"
Running Make include in ps7_cortexa9_0/libsrc/devcfg_v3_1/src
make -C ps7_cortexa9_0/libsrc/devcfg_v3_1/src -s include  "SHELL=/bin/sh" "COMPILER=arm-xilinx-eabi-gcc" "ARCHIVER=arm-xilinx-eabi-ar" "COMPILER_FLAGS=  -O2 -c" "EXTRA_COMPILER_FLAGS=-g"
Running Make include in ps7_cortexa9_0/libsrc/dmaps_v2_0/src
make -C ps7_cortexa9_0/libsrc/dmaps_v2_0/src -s include  "SHELL=/bin/sh" "COMPILER=arm-xilinx-eabi-gcc" "ARCHIVER=arm-xilinx-eabi-ar" "COMPILER_FLAGS=  -O2 -c" "EXTRA_COMPILER_FLAGS=-g"
Running Make include in ps7_cortexa9_0/libsrc/emacps_v2_0/src
make -C ps7_cortexa9_0/libsrc/emacps_v2_0/src -s include  "SHELL=/bin/sh" "COMPILER=arm-xilinx-eabi-gcc" "ARCHIVER=arm-xilinx-eabi-ar" "COMPILER_FLAGS=  -O2 -c" "EXTRA_COMPILER_FLAGS=-g"
Running Make include in ps7_cortexa9_0/libsrc/gpiops_v2_1/src
make -C ps7_cortexa9_0/libsrc/gpiops_v2_1/src -s include  "SHELL=/bin/sh" "COMPILER=arm-xilinx-eabi-gcc" "ARCHIVER=arm-xilinx-eabi-ar" "COMPILER_FLAGS=  -O2 -c" "EXTRA_COMPILER_FLAGS=-g"
Running Make include in ps7_cortexa9_0/libsrc/iicps_v2_1/src
make -C ps7_cortexa9_0/libsrc/iicps_v2_1/src -s include  "SHELL=/bin/sh" "COMPILER=arm-xilinx-eabi-gcc" "ARCHIVER=arm-xilinx-eabi-ar" "COMPILER_FLAGS=  -O2 -c" "EXTRA_COMPILER_FLAGS=-g"
Running Make include in ps7_cortexa9_0/libsrc/qspips_v3_0/src
make -C ps7_cortexa9_0/libsrc/qspips_v3_0/src -s include  "SHELL=/bin/sh" "COMPILER=arm-xilinx-eabi-gcc" "ARCHIVER=arm-xilinx-eabi-ar" "COMPILER_FLAGS=  -O2 -c" "EXTRA_COMPILER_FLAGS=-g"
Running Make include in ps7_cortexa9_0/libsrc/scugic_v2_1/src
make -C ps7_cortexa9_0/libsrc/scugic_v2_1/src -s include  "SHELL=/bin/sh" "COMPILER=arm-xilinx-eabi-gcc" "ARCHIVER=arm-xilinx-eabi-ar" "COMPILER_FLAGS=  -O2 -c" "EXTRA_COMPILER_FLAGS=-g"
Running Make include in ps7_cortexa9_0/libsrc/scutimer_v2_0/src
make -C ps7_cortexa9_0/libsrc/scutimer_v2_0/src -s include  "SHELL=/bin/sh" "COMPILER=arm-xilinx-eabi-gcc" "ARCHIVER=arm-xilinx-eabi-ar" "COMPILER_FLAGS=  -O2 -c" "EXTRA_COMPILER_FLAGS=-g"
Running Make include in ps7_cortexa9_0/libsrc/scuwdt_v2_0/src
make -C ps7_cortexa9_0/libsrc/scuwdt_v2_0/src -s include  "SHELL=/bin/sh" "COMPILER=arm-xilinx-eabi-gcc" "ARCHIVER=arm-xilinx-eabi-ar" "COMPILER_FLAGS=  -O2 -c" "EXTRA_COMPILER_FLAGS=-g"
Running Make include in ps7_cortexa9_0/libsrc/sdps_v2_1/src
make -C ps7_cortexa9_0/libsrc/sdps_v2_1/src -s include  "SHELL=/bin/sh" "COMPILER=arm-xilinx-eabi-gcc" "ARCHIVER=arm-xilinx-eabi-ar" "COMPILER_FLAGS=  -O2 -c" "EXTRA_COMPILER_FLAGS=-g"
Running Make include in ps7_cortexa9_0/libsrc/standalone_v4_1/src
make -C ps7_cortexa9_0/libsrc/standalone_v4_1/src -s include  "SHELL=/bin/sh" "COMPILER=arm-xilinx-eabi-gcc" "ARCHIVER=arm-xilinx-eabi-ar" "COMPILER_FLAGS=  -O2 -c" "EXTRA_COMPILER_FLAGS=-g"
Running Make include in ps7_cortexa9_0/libsrc/uartps_v2_1/src
make -C ps7_cortexa9_0/libsrc/uartps_v2_1/src -s include  "SHELL=/bin/sh" "COMPILER=arm-xilinx-eabi-gcc" "ARCHIVER=arm-xilinx-eabi-ar" "COMPILER_FLAGS=  -O2 -c" "EXTRA_COMPILER_FLAGS=-g"
Running Make include in ps7_cortexa9_0/libsrc/usbps_v2_1/src
make -C ps7_cortexa9_0/libsrc/usbps_v2_1/src -s include  "SHELL=/bin/sh" "COMPILER=arm-xilinx-eabi-gcc" "ARCHIVER=arm-xilinx-eabi-ar" "COMPILER_FLAGS=  -O2 -c" "EXTRA_COMPILER_FLAGS=-g"
Running Make include in ps7_cortexa9_0/libsrc/xadcps_v2_0/src
make -C ps7_cortexa9_0/libsrc/xadcps_v2_0/src -s include  "SHELL=/bin/sh" "COMPILER=arm-xilinx-eabi-gcc" "ARCHIVER=arm-xilinx-eabi-ar" "COMPILER_FLAGS=  -O2 -c" "EXTRA_COMPILER_FLAGS=-g"
Running Make include in ps7_cortexa9_0/libsrc/xilffs_v2_1/src
make -C ps7_cortexa9_0/libsrc/xilffs_v2_1/src -s include  "SHELL=/bin/sh" "COMPILER=arm-xilinx-eabi-gcc" "ARCHIVER=arm-xilinx-eabi-ar" "COMPILER_FLAGS=  -O2 -c" "EXTRA_COMPILER_FLAGS=-g"
Running Make include in ps7_cortexa9_0/libsrc/xilrsa_v1_1/src
make -C ps7_cortexa9_0/libsrc/xilrsa_v1_1/src -s include  "SHELL=/bin/sh" "COMPILER=arm-xilinx-eabi-gcc" "ARCHIVER=arm-xilinx-eabi-ar" "COMPILER_FLAGS=  -O2 -c" "EXTRA_COMPILER_FLAGS=-g"
Running Make libs in ps7_cortexa9_0/libsrc/axidma_v8_0/src
make -C ps7_cortexa9_0/libsrc/axidma_v8_0/src -s libs  "SHELL=/bin/sh" "COMPILER=arm-xilinx-eabi-gcc" "ARCHIVER=arm-xilinx-eabi-ar" "COMPILER_FLAGS=  -O2 -c" "EXTRA_COMPILER_FLAGS=-g"
Compiling axidma
arm-xilinx-eabi-ar: creating ../../../lib/libxil.a
Running Make libs in ps7_cortexa9_0/libsrc/canps_v2_0/src
make -C ps7_cortexa9_0/libsrc/canps_v2_0/src -s libs  "SHELL=/bin/sh" "COMPILER=arm-xilinx-eabi-gcc" "ARCHIVER=arm-xilinx-eabi-ar" "COMPILER_FLAGS=  -O2 -c" "EXTRA_COMPILER_FLAGS=-g"
Compiling canps
Running Make libs in ps7_cortexa9_0/libsrc/cpu_cortexa9_v2_0/src
make -C ps7_cortexa9_0/libsrc/cpu_cortexa9_v2_0/src -s libs  "SHELL=/bin/sh" "COMPILER=arm-xilinx-eabi-gcc" "ARCHIVER=arm-xilinx-eabi-ar" "COMPILER_FLAGS=  -O2 -c" "EXTRA_COMPILER_FLAGS=-g"
Compiling cpu_cortexa9
Running Make libs in ps7_cortexa9_0/libsrc/devcfg_v3_1/src
make -C ps7_cortexa9_0/libsrc/devcfg_v3_1/src -s libs  "SHELL=/bin/sh" "COMPILER=arm-xilinx-eabi-gcc" "ARCHIVER=arm-xilinx-eabi-ar" "COMPILER_FLAGS=  -O2 -c" "EXTRA_COMPILER_FLAGS=-g"
Compiling devcfg
Running Make libs in ps7_cortexa9_0/libsrc/dmaps_v2_0/src
make -C ps7_cortexa9_0/libsrc/dmaps_v2_0/src -s libs  "SHELL=/bin/sh" "COMPILER=arm-xilinx-eabi-gcc" "ARCHIVER=arm-xilinx-eabi-ar" "COMPILER_FLAGS=  -O2 -c" "EXTRA_COMPILER_FLAGS=-g"
Compiling dmaps
Running Make libs in ps7_cortexa9_0/libsrc/emacps_v2_0/src
make -C ps7_cortexa9_0/libsrc/emacps_v2_0/src -s libs  "SHELL=/bin/sh" "COMPILER=arm-xilinx-eabi-gcc" "ARCHIVER=arm-xilinx-eabi-ar" "COMPILER_FLAGS=  -O2 -c" "EXTRA_COMPILER_FLAGS=-g"
Compiling emacps
Running Make libs in ps7_cortexa9_0/libsrc/gpiops_v2_1/src
make -C ps7_cortexa9_0/libsrc/gpiops_v2_1/src -s libs  "SHELL=/bin/sh" "COMPILER=arm-xilinx-eabi-gcc" "ARCHIVER=arm-xilinx-eabi-ar" "COMPILER_FLAGS=  -O2 -c" "EXTRA_COMPILER_FLAGS=-g"
Compiling gpiops
Running Make libs in ps7_cortexa9_0/libsrc/iicps_v2_1/src
make -C ps7_cortexa9_0/libsrc/iicps_v2_1/src -s libs  "SHELL=/bin/sh" "COMPILER=arm-xilinx-eabi-gcc" "ARCHIVER=arm-xilinx-eabi-ar" "COMPILER_FLAGS=  -O2 -c" "EXTRA_COMPILER_FLAGS=-g"
Compiling iicps
Running Make libs in ps7_cortexa9_0/libsrc/qspips_v3_0/src
make -C ps7_cortexa9_0/libsrc/qspips_v3_0/src -s libs  "SHELL=/bin/sh" "COMPILER=arm-xilinx-eabi-gcc" "ARCHIVER=arm-xilinx-eabi-ar" "COMPILER_FLAGS=  -O2 -c" "EXTRA_COMPILER_FLAGS=-g"
Compiling qspips
Running Make libs in ps7_cortexa9_0/libsrc/scugic_v2_1/src
make -C ps7_cortexa9_0/libsrc/scugic_v2_1/src -s libs  "SHELL=/bin/sh" "COMPILER=arm-xilinx-eabi-gcc" "ARCHIVER=arm-xilinx-eabi-ar" "COMPILER_FLAGS=  -O2 -c" "EXTRA_COMPILER_FLAGS=-g"
Compiling scugic
Running Make libs in ps7_cortexa9_0/libsrc/scutimer_v2_0/src
make -C ps7_cortexa9_0/libsrc/scutimer_v2_0/src -s libs  "SHELL=/bin/sh" "COMPILER=arm-xilinx-eabi-gcc" "ARCHIVER=arm-xilinx-eabi-ar" "COMPILER_FLAGS=  -O2 -c" "EXTRA_COMPILER_FLAGS=-g"
Compiling scutimer
Running Make libs in ps7_cortexa9_0/libsrc/scuwdt_v2_0/src
make -C ps7_cortexa9_0/libsrc/scuwdt_v2_0/src -s libs  "SHELL=/bin/sh" "COMPILER=arm-xilinx-eabi-gcc" "ARCHIVER=arm-xilinx-eabi-ar" "COMPILER_FLAGS=  -O2 -c" "EXTRA_COMPILER_FLAGS=-g"
Compiling scuwdt
Running Make libs in ps7_cortexa9_0/libsrc/sdps_v2_1/src
make -C ps7_cortexa9_0/libsrc/sdps_v2_1/src -s libs  "SHELL=/bin/sh" "COMPILER=arm-xilinx-eabi-gcc" "ARCHIVER=arm-xilinx-eabi-ar" "COMPILER_FLAGS=  -O2 -c" "EXTRA_COMPILER_FLAGS=-g"
Compiling sdps
Running Make libs in ps7_cortexa9_0/libsrc/standalone_v4_1/src
make -C ps7_cortexa9_0/libsrc/standalone_v4_1/src -s libs  "SHELL=/bin/sh" "COMPILER=arm-xilinx-eabi-gcc" "ARCHIVER=arm-xilinx-eabi-ar" "COMPILER_FLAGS=  -O2 -c" "EXTRA_COMPILER_FLAGS=-g"
Compiling standalone
Running Make libs in ps7_cortexa9_0/libsrc/uartps_v2_1/src
make -C ps7_cortexa9_0/libsrc/uartps_v2_1/src -s libs  "SHELL=/bin/sh" "COMPILER=arm-xilinx-eabi-gcc" "ARCHIVER=arm-xilinx-eabi-ar" "COMPILER_FLAGS=  -O2 -c" "EXTRA_COMPILER_FLAGS=-g"
Compiling uartps
Running Make libs in ps7_cortexa9_0/libsrc/usbps_v2_1/src
make -C ps7_cortexa9_0/libsrc/usbps_v2_1/src -s libs  "SHELL=/bin/sh" "COMPILER=arm-xilinx-eabi-gcc" "ARCHIVER=arm-xilinx-eabi-ar" "COMPILER_FLAGS=  -O2 -c" "EXTRA_COMPILER_FLAGS=-g"
Compiling usbps
Running Make libs in ps7_cortexa9_0/libsrc/xadcps_v2_0/src
make -C ps7_cortexa9_0/libsrc/xadcps_v2_0/src -s libs  "SHELL=/bin/sh" "COMPILER=arm-xilinx-eabi-gcc" "ARCHIVER=arm-xilinx-eabi-ar" "COMPILER_FLAGS=  -O2 -c" "EXTRA_COMPILER_FLAGS=-g"
Compiling xadcps
Running Make libs in ps7_cortexa9_0/libsrc/xilffs_v2_1/src
make -C ps7_cortexa9_0/libsrc/xilffs_v2_1/src -s libs  "SHELL=/bin/sh" "COMPILER=arm-xilinx-eabi-gcc" "ARCHIVER=arm-xilinx-eabi-ar" "COMPILER_FLAGS=  -O2 -c" "EXTRA_COMPILER_FLAGS=-g"
Compiling XilFFs Library
Creating archive libxilffs.a
Running Make libs in ps7_cortexa9_0/libsrc/xilrsa_v1_1/src
make -C ps7_cortexa9_0/libsrc/xilrsa_v1_1/src -s libs  "SHELL=/bin/sh" "COMPILER=arm-xilinx-eabi-gcc" "ARCHIVER=arm-xilinx-eabi-ar" "COMPILER_FLAGS=  -O2 -c" "EXTRA_COMPILER_FLAGS=-g"
Finished building libraries
02:01:21 **** Build of configuration Debug for project fsbl ****
make all 
Building file: ../src/ddr_init.c
Invoking: ARM gcc compiler
arm-xilinx-eabi-gcc -Wall -O0 -g3 -I"/home/jared/Research/vivado_workspace/axi_loopback/vivado/project_1.sdk/design_1_wrapper_hw_platform_0" -c -fmessage-length=0 -I../../fsbl_bsp/ps7_cortexa9_0/include -MMD -MP -MF"src/ddr_init.d" -MT"src/ddr_init.d" -o "src/ddr_init.o" "../src/ddr_init.c"
Finished building: ../src/ddr_init.c
 
Building file: ../src/fsbl_handoff.S
Invoking: ARM gcc compiler
arm-xilinx-eabi-gcc -Wall -O0 -g3 -I"/home/jared/Research/vivado_workspace/axi_loopback/vivado/project_1.sdk/design_1_wrapper_hw_platform_0" -c -fmessage-length=0 -I../../fsbl_bsp/ps7_cortexa9_0/include -MMD -MP -MF"src/fsbl_handoff.d" -MT"src/fsbl_handoff.d" -o "src/fsbl_handoff.o" "../src/fsbl_handoff.S"
Finished building: ../src/fsbl_handoff.S
 
Building file: ../src/fsbl_hooks.c
Invoking: ARM gcc compiler
arm-xilinx-eabi-gcc -Wall -O0 -g3 -I"/home/jared/Research/vivado_workspace/axi_loopback/vivado/project_1.sdk/design_1_wrapper_hw_platform_0" -c -fmessage-length=0 -I../../fsbl_bsp/ps7_cortexa9_0/include -MMD -MP -MF"src/fsbl_hooks.d" -MT"src/fsbl_hooks.d" -o "src/fsbl_hooks.o" "../src/fsbl_hooks.c"
Finished building: ../src/fsbl_hooks.c
 
Building file: ../src/image_mover.c
Invoking: ARM gcc compiler
arm-xilinx-eabi-gcc -Wall -O0 -g3 -I"/home/jared/Research/vivado_workspace/axi_loopback/vivado/project_1.sdk/design_1_wrapper_hw_platform_0" -c -fmessage-length=0 -I../../fsbl_bsp/ps7_cortexa9_0/include -MMD -MP -MF"src/image_mover.d" -MT"src/image_mover.d" -o "src/image_mover.o" "../src/image_mover.c"
Finished building: ../src/image_mover.c
 
Building file: ../src/main.c
Invoking: ARM gcc compiler
arm-xilinx-eabi-gcc -Wall -O0 -g3 -I"/home/jared/Research/vivado_workspace/axi_loopback/vivado/project_1.sdk/design_1_wrapper_hw_platform_0" -c -fmessage-length=0 -I../../fsbl_bsp/ps7_cortexa9_0/include -MMD -MP -MF"src/main.d" -MT"src/main.d" -o "src/main.o" "../src/main.c"
Finished building: ../src/main.c
 
Building file: ../src/md5.c
Invoking: ARM gcc compiler
arm-xilinx-eabi-gcc -Wall -O0 -g3 -I"/home/jared/Research/vivado_workspace/axi_loopback/vivado/project_1.sdk/design_1_wrapper_hw_platform_0" -c -fmessage-length=0 -I../../fsbl_bsp/ps7_cortexa9_0/include -MMD -MP -MF"src/md5.d" -MT"src/md5.d" -o "src/md5.o" "../src/md5.c"
Finished building: ../src/md5.c
 
Building file: ../src/nand.c
Invoking: ARM gcc compiler
arm-xilinx-eabi-gcc -Wall -O0 -g3 -I"/home/jared/Research/vivado_workspace/axi_loopback/vivado/project_1.sdk/design_1_wrapper_hw_platform_0" -c -fmessage-length=0 -I../../fsbl_bsp/ps7_cortexa9_0/include -MMD -MP -MF"src/nand.d" -MT"src/nand.d" -o "src/nand.o" "../src/nand.c"
Finished building: ../src/nand.c
 
Building file: ../src/nor.c
Invoking: ARM gcc compiler
arm-xilinx-eabi-gcc -Wall -O0 -g3 -I"/home/jared/Research/vivado_workspace/axi_loopback/vivado/project_1.sdk/design_1_wrapper_hw_platform_0" -c -fmessage-length=0 -I../../fsbl_bsp/ps7_cortexa9_0/include -MMD -MP -MF"src/nor.d" -MT"src/nor.d" -o "src/nor.o" "../src/nor.c"
Finished building: ../src/nor.c
 
Building file: ../src/pcap.c
Invoking: ARM gcc compiler
arm-xilinx-eabi-gcc -Wall -O0 -g3 -I"/home/jared/Research/vivado_workspace/axi_loopback/vivado/project_1.sdk/design_1_wrapper_hw_platform_0" -c -fmessage-length=0 -I../../fsbl_bsp/ps7_cortexa9_0/include -MMD -MP -MF"src/pcap.d" -MT"src/pcap.d" -o "src/pcap.o" "../src/pcap.c"
Finished building: ../src/pcap.c
 
Building file: /home/jared/Research/vivado_workspace/axi_loopback/vivado/project_1.sdk/design_1_wrapper_hw_platform_0/ps7_init.c
Invoking: ARM gcc compiler
arm-xilinx-eabi-gcc -Wall -O0 -g3 -I"/home/jared/Research/vivado_workspace/axi_loopback/vivado/project_1.sdk/design_1_wrapper_hw_platform_0" -c -fmessage-length=0 -I../../fsbl_bsp/ps7_cortexa9_0/include -MMD -MP -MF"src/ps7_init.d" -MT"src/ps7_init.d" -o "src/ps7_init.o" "/home/jared/Research/vivado_workspace/axi_loopback/vivado/project_1.sdk/design_1_wrapper_hw_platform_0/ps7_init.c"
Finished building: /home/jared/Research/vivado_workspace/axi_loopback/vivado/project_1.sdk/design_1_wrapper_hw_platform_0/ps7_init.c
 
Building file: ../src/qspi.c
Invoking: ARM gcc compiler
arm-xilinx-eabi-gcc -Wall -O0 -g3 -I"/home/jared/Research/vivado_workspace/axi_loopback/vivado/project_1.sdk/design_1_wrapper_hw_platform_0" -c -fmessage-length=0 -I../../fsbl_bsp/ps7_cortexa9_0/include -MMD -MP -MF"src/qspi.d" -MT"src/qspi.d" -o "src/qspi.o" "../src/qspi.c"
Finished building: ../src/qspi.c
 
Building file: ../src/rsa.c
Invoking: ARM gcc compiler
arm-xilinx-eabi-gcc -Wall -O0 -g3 -I"/home/jared/Research/vivado_workspace/axi_loopback/vivado/project_1.sdk/design_1_wrapper_hw_platform_0" -c -fmessage-length=0 -I../../fsbl_bsp/ps7_cortexa9_0/include -MMD -MP -MF"src/rsa.d" -MT"src/rsa.d" -o "src/rsa.o" "../src/rsa.c"
Finished building: ../src/rsa.c
 
Building file: ../src/sd.c
Invoking: ARM gcc compiler
arm-xilinx-eabi-gcc -Wall -O0 -g3 -I"/home/jared/Research/vivado_workspace/axi_loopback/vivado/project_1.sdk/design_1_wrapper_hw_platform_0" -c -fmessage-length=0 -I../../fsbl_bsp/ps7_cortexa9_0/include -MMD -MP -MF"src/sd.d" -MT"src/sd.d" -o "src/sd.o" "../src/sd.c"
Finished building: ../src/sd.c
 
Building target: fsbl.elf
Invoking: ARM gcc linker
arm-xilinx-eabi-gcc -L"/home/jared/Research/vivado_workspace/axi_loopback/vivado/project_1.sdk/fsbl/src" -Wl,-T -Wl,../src/lscript.ld -L../../fsbl_bsp/ps7_cortexa9_0/lib -o "fsbl.elf"  ./src/ddr_init.o ./src/fsbl_handoff.o ./src/fsbl_hooks.o ./src/image_mover.o ./src/main.o ./src/md5.o ./src/nand.o ./src/nor.o ./src/pcap.o ./src/ps7_init.o ./src/qspi.o ./src/rsa.o ./src/sd.o   -lrsa -Wl,--start-group,-lxil,-lgcc,-lc,--end-group -Wl,--start-group,-lxilffs,-lxil,-lgcc,-lc,--end-group -Wl,--start-group,-lrsa,-lxil,-lgcc,-lc,--end-group
Finished building target: fsbl.elf
 
Invoking: ARM Print Size
arm-xilinx-eabi-size fsbl.elf  |tee "fsbl.elf.size"
   text	   data	    bss	    dec	    hex	filename
  70452	  12508	  73316	 156276	  26274	fsbl.elf
Finished building: fsbl.elf.size
 
02:03:09 **** Build of project device-tree_bsp_0 ****
make -k all 
make: Nothing to be done for `all'.
17:45:24 **** Build of project fsbl_vanilla_bsp ****
make -k all 
Running Make include in ps7_cortexa9_0/libsrc/canps_v2_0/src
make -C ps7_cortexa9_0/libsrc/canps_v2_0/src -s include  "SHELL=/bin/sh" "COMPILER=arm-xilinx-eabi-gcc" "ARCHIVER=arm-xilinx-eabi-ar" "COMPILER_FLAGS=  -O2 -c" "EXTRA_COMPILER_FLAGS=-g"
Running Make include in ps7_cortexa9_0/libsrc/cpu_cortexa9_v2_0/src
make -C ps7_cortexa9_0/libsrc/cpu_cortexa9_v2_0/src -s include  "SHELL=/bin/sh" "COMPILER=arm-xilinx-eabi-gcc" "ARCHIVER=arm-xilinx-eabi-ar" "COMPILER_FLAGS=  -O2 -c" "EXTRA_COMPILER_FLAGS=-g"
Running Make include in ps7_cortexa9_0/libsrc/devcfg_v3_1/src
make -C ps7_cortexa9_0/libsrc/devcfg_v3_1/src -s include  "SHELL=/bin/sh" "COMPILER=arm-xilinx-eabi-gcc" "ARCHIVER=arm-xilinx-eabi-ar" "COMPILER_FLAGS=  -O2 -c" "EXTRA_COMPILER_FLAGS=-g"
Running Make include in ps7_cortexa9_0/libsrc/dmaps_v2_0/src
make -C ps7_cortexa9_0/libsrc/dmaps_v2_0/src -s include  "SHELL=/bin/sh" "COMPILER=arm-xilinx-eabi-gcc" "ARCHIVER=arm-xilinx-eabi-ar" "COMPILER_FLAGS=  -O2 -c" "EXTRA_COMPILER_FLAGS=-g"
Running Make include in ps7_cortexa9_0/libsrc/emacps_v2_0/src
make -C ps7_cortexa9_0/libsrc/emacps_v2_0/src -s include  "SHELL=/bin/sh" "COMPILER=arm-xilinx-eabi-gcc" "ARCHIVER=arm-xilinx-eabi-ar" "COMPILER_FLAGS=  -O2 -c" "EXTRA_COMPILER_FLAGS=-g"
Running Make include in ps7_cortexa9_0/libsrc/gpiops_v2_1/src
make -C ps7_cortexa9_0/libsrc/gpiops_v2_1/src -s include  "SHELL=/bin/sh" "COMPILER=arm-xilinx-eabi-gcc" "ARCHIVER=arm-xilinx-eabi-ar" "COMPILER_FLAGS=  -O2 -c" "EXTRA_COMPILER_FLAGS=-g"
Running Make include in ps7_cortexa9_0/libsrc/iicps_v2_1/src
make -C ps7_cortexa9_0/libsrc/iicps_v2_1/src -s include  "SHELL=/bin/sh" "COMPILER=arm-xilinx-eabi-gcc" "ARCHIVER=arm-xilinx-eabi-ar" "COMPILER_FLAGS=  -O2 -c" "EXTRA_COMPILER_FLAGS=-g"
Running Make include in ps7_cortexa9_0/libsrc/qspips_v3_0/src
make -C ps7_cortexa9_0/libsrc/qspips_v3_0/src -s include  "SHELL=/bin/sh" "COMPILER=arm-xilinx-eabi-gcc" "ARCHIVER=arm-xilinx-eabi-ar" "COMPILER_FLAGS=  -O2 -c" "EXTRA_COMPILER_FLAGS=-g"
Running Make include in ps7_cortexa9_0/libsrc/scugic_v2_1/src
make -C ps7_cortexa9_0/libsrc/scugic_v2_1/src -s include  "SHELL=/bin/sh" "COMPILER=arm-xilinx-eabi-gcc" "ARCHIVER=arm-xilinx-eabi-ar" "COMPILER_FLAGS=  -O2 -c" "EXTRA_COMPILER_FLAGS=-g"
Running Make include in ps7_cortexa9_0/libsrc/scutimer_v2_0/src
make -C ps7_cortexa9_0/libsrc/scutimer_v2_0/src -s include  "SHELL=/bin/sh" "COMPILER=arm-xilinx-eabi-gcc" "ARCHIVER=arm-xilinx-eabi-ar" "COMPILER_FLAGS=  -O2 -c" "EXTRA_COMPILER_FLAGS=-g"
Running Make include in ps7_cortexa9_0/libsrc/scuwdt_v2_0/src
make -C ps7_cortexa9_0/libsrc/scuwdt_v2_0/src -s include  "SHELL=/bin/sh" "COMPILER=arm-xilinx-eabi-gcc" "ARCHIVER=arm-xilinx-eabi-ar" "COMPILER_FLAGS=  -O2 -c" "EXTRA_COMPILER_FLAGS=-g"
Running Make include in ps7_cortexa9_0/libsrc/sdps_v2_1/src
make -C ps7_cortexa9_0/libsrc/sdps_v2_1/src -s include  "SHELL=/bin/sh" "COMPILER=arm-xilinx-eabi-gcc" "ARCHIVER=arm-xilinx-eabi-ar" "COMPILER_FLAGS=  -O2 -c" "EXTRA_COMPILER_FLAGS=-g"
Running Make include in ps7_cortexa9_0/libsrc/standalone_v4_1/src
make -C ps7_cortexa9_0/libsrc/standalone_v4_1/src -s include  "SHELL=/bin/sh" "COMPILER=arm-xilinx-eabi-gcc" "ARCHIVER=arm-xilinx-eabi-ar" "COMPILER_FLAGS=  -O2 -c" "EXTRA_COMPILER_FLAGS=-g"
Running Make include in ps7_cortexa9_0/libsrc/ttcps_v2_0/src
make -C ps7_cortexa9_0/libsrc/ttcps_v2_0/src -s include  "SHELL=/bin/sh" "COMPILER=arm-xilinx-eabi-gcc" "ARCHIVER=arm-xilinx-eabi-ar" "COMPILER_FLAGS=  -O2 -c" "EXTRA_COMPILER_FLAGS=-g"
Running Make include in ps7_cortexa9_0/libsrc/uartps_v2_1/src
make -C ps7_cortexa9_0/libsrc/uartps_v2_1/src -s include  "SHELL=/bin/sh" "COMPILER=arm-xilinx-eabi-gcc" "ARCHIVER=arm-xilinx-eabi-ar" "COMPILER_FLAGS=  -O2 -c" "EXTRA_COMPILER_FLAGS=-g"
Running Make include in ps7_cortexa9_0/libsrc/usbps_v2_1/src
make -C ps7_cortexa9_0/libsrc/usbps_v2_1/src -s include  "SHELL=/bin/sh" "COMPILER=arm-xilinx-eabi-gcc" "ARCHIVER=arm-xilinx-eabi-ar" "COMPILER_FLAGS=  -O2 -c" "EXTRA_COMPILER_FLAGS=-g"
Running Make include in ps7_cortexa9_0/libsrc/xadcps_v2_0/src
make -C ps7_cortexa9_0/libsrc/xadcps_v2_0/src -s include  "SHELL=/bin/sh" "COMPILER=arm-xilinx-eabi-gcc" "ARCHIVER=arm-xilinx-eabi-ar" "COMPILER_FLAGS=  -O2 -c" "EXTRA_COMPILER_FLAGS=-g"
Running Make include in ps7_cortexa9_0/libsrc/xilffs_v2_1/src
make -C ps7_cortexa9_0/libsrc/xilffs_v2_1/src -s include  "SHELL=/bin/sh" "COMPILER=arm-xilinx-eabi-gcc" "ARCHIVER=arm-xilinx-eabi-ar" "COMPILER_FLAGS=  -O2 -c" "EXTRA_COMPILER_FLAGS=-g"
Running Make include in ps7_cortexa9_0/libsrc/xilrsa_v1_1/src
make -C ps7_cortexa9_0/libsrc/xilrsa_v1_1/src -s include  "SHELL=/bin/sh" "COMPILER=arm-xilinx-eabi-gcc" "ARCHIVER=arm-xilinx-eabi-ar" "COMPILER_FLAGS=  -O2 -c" "EXTRA_COMPILER_FLAGS=-g"
Running Make libs in ps7_cortexa9_0/libsrc/canps_v2_0/src
make -C ps7_cortexa9_0/libsrc/canps_v2_0/src -s libs  "SHELL=/bin/sh" "COMPILER=arm-xilinx-eabi-gcc" "ARCHIVER=arm-xilinx-eabi-ar" "COMPILER_FLAGS=  -O2 -c" "EXTRA_COMPILER_FLAGS=-g"
Compiling canps
arm-xilinx-eabi-ar: creating ../../../lib/libxil.a
Running Make libs in ps7_cortexa9_0/libsrc/cpu_cortexa9_v2_0/src
make -C ps7_cortexa9_0/libsrc/cpu_cortexa9_v2_0/src -s libs  "SHELL=/bin/sh" "COMPILER=arm-xilinx-eabi-gcc" "ARCHIVER=arm-xilinx-eabi-ar" "COMPILER_FLAGS=  -O2 -c" "EXTRA_COMPILER_FLAGS=-g"
Compiling cpu_cortexa9
Running Make libs in ps7_cortexa9_0/libsrc/devcfg_v3_1/src
make -C ps7_cortexa9_0/libsrc/devcfg_v3_1/src -s libs  "SHELL=/bin/sh" "COMPILER=arm-xilinx-eabi-gcc" "ARCHIVER=arm-xilinx-eabi-ar" "COMPILER_FLAGS=  -O2 -c" "EXTRA_COMPILER_FLAGS=-g"
Compiling devcfg
Running Make libs in ps7_cortexa9_0/libsrc/dmaps_v2_0/src
make -C ps7_cortexa9_0/libsrc/dmaps_v2_0/src -s libs  "SHELL=/bin/sh" "COMPILER=arm-xilinx-eabi-gcc" "ARCHIVER=arm-xilinx-eabi-ar" "COMPILER_FLAGS=  -O2 -c" "EXTRA_COMPILER_FLAGS=-g"
Compiling dmaps
Running Make libs in ps7_cortexa9_0/libsrc/emacps_v2_0/src
make -C ps7_cortexa9_0/libsrc/emacps_v2_0/src -s libs  "SHELL=/bin/sh" "COMPILER=arm-xilinx-eabi-gcc" "ARCHIVER=arm-xilinx-eabi-ar" "COMPILER_FLAGS=  -O2 -c" "EXTRA_COMPILER_FLAGS=-g"
Compiling emacps
Running Make libs in ps7_cortexa9_0/libsrc/gpiops_v2_1/src
make -C ps7_cortexa9_0/libsrc/gpiops_v2_1/src -s libs  "SHELL=/bin/sh" "COMPILER=arm-xilinx-eabi-gcc" "ARCHIVER=arm-xilinx-eabi-ar" "COMPILER_FLAGS=  -O2 -c" "EXTRA_COMPILER_FLAGS=-g"
Compiling gpiops
Running Make libs in ps7_cortexa9_0/libsrc/iicps_v2_1/src
make -C ps7_cortexa9_0/libsrc/iicps_v2_1/src -s libs  "SHELL=/bin/sh" "COMPILER=arm-xilinx-eabi-gcc" "ARCHIVER=arm-xilinx-eabi-ar" "COMPILER_FLAGS=  -O2 -c" "EXTRA_COMPILER_FLAGS=-g"
Compiling iicps
Running Make libs in ps7_cortexa9_0/libsrc/qspips_v3_0/src
make -C ps7_cortexa9_0/libsrc/qspips_v3_0/src -s libs  "SHELL=/bin/sh" "COMPILER=arm-xilinx-eabi-gcc" "ARCHIVER=arm-xilinx-eabi-ar" "COMPILER_FLAGS=  -O2 -c" "EXTRA_COMPILER_FLAGS=-g"
Compiling qspips
Running Make libs in ps7_cortexa9_0/libsrc/scugic_v2_1/src
make -C ps7_cortexa9_0/libsrc/scugic_v2_1/src -s libs  "SHELL=/bin/sh" "COMPILER=arm-xilinx-eabi-gcc" "ARCHIVER=arm-xilinx-eabi-ar" "COMPILER_FLAGS=  -O2 -c" "EXTRA_COMPILER_FLAGS=-g"
Compiling scugic
Running Make libs in ps7_cortexa9_0/libsrc/scutimer_v2_0/src
make -C ps7_cortexa9_0/libsrc/scutimer_v2_0/src -s libs  "SHELL=/bin/sh" "COMPILER=arm-xilinx-eabi-gcc" "ARCHIVER=arm-xilinx-eabi-ar" "COMPILER_FLAGS=  -O2 -c" "EXTRA_COMPILER_FLAGS=-g"
Compiling scutimer
Running Make libs in ps7_cortexa9_0/libsrc/scuwdt_v2_0/src
make -C ps7_cortexa9_0/libsrc/scuwdt_v2_0/src -s libs  "SHELL=/bin/sh" "COMPILER=arm-xilinx-eabi-gcc" "ARCHIVER=arm-xilinx-eabi-ar" "COMPILER_FLAGS=  -O2 -c" "EXTRA_COMPILER_FLAGS=-g"
Compiling scuwdt
Running Make libs in ps7_cortexa9_0/libsrc/sdps_v2_1/src
make -C ps7_cortexa9_0/libsrc/sdps_v2_1/src -s libs  "SHELL=/bin/sh" "COMPILER=arm-xilinx-eabi-gcc" "ARCHIVER=arm-xilinx-eabi-ar" "COMPILER_FLAGS=  -O2 -c" "EXTRA_COMPILER_FLAGS=-g"
Compiling sdps
Running Make libs in ps7_cortexa9_0/libsrc/standalone_v4_1/src
make -C ps7_cortexa9_0/libsrc/standalone_v4_1/src -s libs  "SHELL=/bin/sh" "COMPILER=arm-xilinx-eabi-gcc" "ARCHIVER=arm-xilinx-eabi-ar" "COMPILER_FLAGS=  -O2 -c" "EXTRA_COMPILER_FLAGS=-g"
Compiling standalone
Running Make libs in ps7_cortexa9_0/libsrc/ttcps_v2_0/src
make -C ps7_cortexa9_0/libsrc/ttcps_v2_0/src -s libs  "SHELL=/bin/sh" "COMPILER=arm-xilinx-eabi-gcc" "ARCHIVER=arm-xilinx-eabi-ar" "COMPILER_FLAGS=  -O2 -c" "EXTRA_COMPILER_FLAGS=-g"
Compiling ttcps
Running Make libs in ps7_cortexa9_0/libsrc/uartps_v2_1/src
make -C ps7_cortexa9_0/libsrc/uartps_v2_1/src -s libs  "SHELL=/bin/sh" "COMPILER=arm-xilinx-eabi-gcc" "ARCHIVER=arm-xilinx-eabi-ar" "COMPILER_FLAGS=  -O2 -c" "EXTRA_COMPILER_FLAGS=-g"
Compiling uartps
Running Make libs in ps7_cortexa9_0/libsrc/usbps_v2_1/src
make -C ps7_cortexa9_0/libsrc/usbps_v2_1/src -s libs  "SHELL=/bin/sh" "COMPILER=arm-xilinx-eabi-gcc" "ARCHIVER=arm-xilinx-eabi-ar" "COMPILER_FLAGS=  -O2 -c" "EXTRA_COMPILER_FLAGS=-g"
Compiling usbps
Running Make libs in ps7_cortexa9_0/libsrc/xadcps_v2_0/src
make -C ps7_cortexa9_0/libsrc/xadcps_v2_0/src -s libs  "SHELL=/bin/sh" "COMPILER=arm-xilinx-eabi-gcc" "ARCHIVER=arm-xilinx-eabi-ar" "COMPILER_FLAGS=  -O2 -c" "EXTRA_COMPILER_FLAGS=-g"
Compiling xadcps
Running Make libs in ps7_cortexa9_0/libsrc/xilffs_v2_1/src
make -C ps7_cortexa9_0/libsrc/xilffs_v2_1/src -s libs  "SHELL=/bin/sh" "COMPILER=arm-xilinx-eabi-gcc" "ARCHIVER=arm-xilinx-eabi-ar" "COMPILER_FLAGS=  -O2 -c" "EXTRA_COMPILER_FLAGS=-g"
Compiling XilFFs Library
Creating archive libxilffs.a
Running Make libs in ps7_cortexa9_0/libsrc/xilrsa_v1_1/src
make -C ps7_cortexa9_0/libsrc/xilrsa_v1_1/src -s libs  "SHELL=/bin/sh" "COMPILER=arm-xilinx-eabi-gcc" "ARCHIVER=arm-xilinx-eabi-ar" "COMPILER_FLAGS=  -O2 -c" "EXTRA_COMPILER_FLAGS=-g"
Finished building libraries
17:45:33 **** Build of configuration Debug for project fsbl_vanilla ****
make all 
Building file: ../src/ddr_init.c
Invoking: ARM gcc compiler
arm-xilinx-eabi-gcc -Wall -O0 -g3 -I"/home/jared/Research/vivado_workspace/axi_loopback/vivado/project_1.sdk/ZC702_hw_platform" -c -fmessage-length=0 -I/home/jared/Research/os/zynq-fsbl-vanilla/fsbl_vanilla_bsp/ps7_cortexa9_0/include -MMD -MP -MF"src/ddr_init.d" -MT"src/ddr_init.d" -o "src/ddr_init.o" "../src/ddr_init.c"
Finished building: ../src/ddr_init.c
 
Building file: ../src/fsbl_handoff.S
Invoking: ARM gcc compiler
arm-xilinx-eabi-gcc -Wall -O0 -g3 -I"/home/jared/Research/vivado_workspace/axi_loopback/vivado/project_1.sdk/ZC702_hw_platform" -c -fmessage-length=0 -I/home/jared/Research/os/zynq-fsbl-vanilla/fsbl_vanilla_bsp/ps7_cortexa9_0/include -MMD -MP -MF"src/fsbl_handoff.d" -MT"src/fsbl_handoff.d" -o "src/fsbl_handoff.o" "../src/fsbl_handoff.S"
Finished building: ../src/fsbl_handoff.S
 
Building file: ../src/fsbl_hooks.c
Invoking: ARM gcc compiler
arm-xilinx-eabi-gcc -Wall -O0 -g3 -I"/home/jared/Research/vivado_workspace/axi_loopback/vivado/project_1.sdk/ZC702_hw_platform" -c -fmessage-length=0 -I/home/jared/Research/os/zynq-fsbl-vanilla/fsbl_vanilla_bsp/ps7_cortexa9_0/include -MMD -MP -MF"src/fsbl_hooks.d" -MT"src/fsbl_hooks.d" -o "src/fsbl_hooks.o" "../src/fsbl_hooks.c"
Finished building: ../src/fsbl_hooks.c
 
Building file: ../src/image_mover.c
Invoking: ARM gcc compiler
arm-xilinx-eabi-gcc -Wall -O0 -g3 -I"/home/jared/Research/vivado_workspace/axi_loopback/vivado/project_1.sdk/ZC702_hw_platform" -c -fmessage-length=0 -I/home/jared/Research/os/zynq-fsbl-vanilla/fsbl_vanilla_bsp/ps7_cortexa9_0/include -MMD -MP -MF"src/image_mover.d" -MT"src/image_mover.d" -o "src/image_mover.o" "../src/image_mover.c"
Finished building: ../src/image_mover.c
 
Building file: ../src/main.c
Invoking: ARM gcc compiler
arm-xilinx-eabi-gcc -Wall -O0 -g3 -I"/home/jared/Research/vivado_workspace/axi_loopback/vivado/project_1.sdk/ZC702_hw_platform" -c -fmessage-length=0 -I/home/jared/Research/os/zynq-fsbl-vanilla/fsbl_vanilla_bsp/ps7_cortexa9_0/include -MMD -MP -MF"src/main.d" -MT"src/main.d" -o "src/main.o" "../src/main.c"
Finished building: ../src/main.c
 
Building file: ../src/md5.c
Invoking: ARM gcc compiler
arm-xilinx-eabi-gcc -Wall -O0 -g3 -I"/home/jared/Research/vivado_workspace/axi_loopback/vivado/project_1.sdk/ZC702_hw_platform" -c -fmessage-length=0 -I/home/jared/Research/os/zynq-fsbl-vanilla/fsbl_vanilla_bsp/ps7_cortexa9_0/include -MMD -MP -MF"src/md5.d" -MT"src/md5.d" -o "src/md5.o" "../src/md5.c"
Finished building: ../src/md5.c
 
Building file: ../src/nand.c
Invoking: ARM gcc compiler
arm-xilinx-eabi-gcc -Wall -O0 -g3 -I"/home/jared/Research/vivado_workspace/axi_loopback/vivado/project_1.sdk/ZC702_hw_platform" -c -fmessage-length=0 -I/home/jared/Research/os/zynq-fsbl-vanilla/fsbl_vanilla_bsp/ps7_cortexa9_0/include -MMD -MP -MF"src/nand.d" -MT"src/nand.d" -o "src/nand.o" "../src/nand.c"
Finished building: ../src/nand.c
 
Building file: ../src/nor.c
Invoking: ARM gcc compiler
arm-xilinx-eabi-gcc -Wall -O0 -g3 -I"/home/jared/Research/vivado_workspace/axi_loopback/vivado/project_1.sdk/ZC702_hw_platform" -c -fmessage-length=0 -I/home/jared/Research/os/zynq-fsbl-vanilla/fsbl_vanilla_bsp/ps7_cortexa9_0/include -MMD -MP -MF"src/nor.d" -MT"src/nor.d" -o "src/nor.o" "../src/nor.c"
Finished building: ../src/nor.c
 
Building file: ../src/pcap.c
Invoking: ARM gcc compiler
arm-xilinx-eabi-gcc -Wall -O0 -g3 -I"/home/jared/Research/vivado_workspace/axi_loopback/vivado/project_1.sdk/ZC702_hw_platform" -c -fmessage-length=0 -I/home/jared/Research/os/zynq-fsbl-vanilla/fsbl_vanilla_bsp/ps7_cortexa9_0/include -MMD -MP -MF"src/pcap.d" -MT"src/pcap.d" -o "src/pcap.o" "../src/pcap.c"
Finished building: ../src/pcap.c
 
Building file: /opt/Xilinx/SDK/2014.2/data/embeddedsw/lib/hwplatform_templates/ZC702_hw_platform/ps7_init.c
Invoking: ARM gcc compiler
arm-xilinx-eabi-gcc -Wall -O0 -g3 -I"/home/jared/Research/vivado_workspace/axi_loopback/vivado/project_1.sdk/ZC702_hw_platform" -c -fmessage-length=0 -I/home/jared/Research/os/zynq-fsbl-vanilla/fsbl_vanilla_bsp/ps7_cortexa9_0/include -MMD -MP -MF"src/ps7_init.d" -MT"src/ps7_init.d" -o "src/ps7_init.o" "/opt/Xilinx/SDK/2014.2/data/embeddedsw/lib/hwplatform_templates/ZC702_hw_platform/ps7_init.c"
Finished building: /opt/Xilinx/SDK/2014.2/data/embeddedsw/lib/hwplatform_templates/ZC702_hw_platform/ps7_init.c
 
Building file: ../src/qspi.c
Invoking: ARM gcc compiler
arm-xilinx-eabi-gcc -Wall -O0 -g3 -I"/home/jared/Research/vivado_workspace/axi_loopback/vivado/project_1.sdk/ZC702_hw_platform" -c -fmessage-length=0 -I/home/jared/Research/os/zynq-fsbl-vanilla/fsbl_vanilla_bsp/ps7_cortexa9_0/include -MMD -MP -MF"src/qspi.d" -MT"src/qspi.d" -o "src/qspi.o" "../src/qspi.c"
Finished building: ../src/qspi.c
 
Building file: ../src/rsa.c
Invoking: ARM gcc compiler
arm-xilinx-eabi-gcc -Wall -O0 -g3 -I"/home/jared/Research/vivado_workspace/axi_loopback/vivado/project_1.sdk/ZC702_hw_platform" -c -fmessage-length=0 -I/home/jared/Research/os/zynq-fsbl-vanilla/fsbl_vanilla_bsp/ps7_cortexa9_0/include -MMD -MP -MF"src/rsa.d" -MT"src/rsa.d" -o "src/rsa.o" "../src/rsa.c"
Finished building: ../src/rsa.c
 
Building file: ../src/sd.c
Invoking: ARM gcc compiler
arm-xilinx-eabi-gcc -Wall -O0 -g3 -I"/home/jared/Research/vivado_workspace/axi_loopback/vivado/project_1.sdk/ZC702_hw_platform" -c -fmessage-length=0 -I/home/jared/Research/os/zynq-fsbl-vanilla/fsbl_vanilla_bsp/ps7_cortexa9_0/include -MMD -MP -MF"src/sd.d" -MT"src/sd.d" -o "src/sd.o" "../src/sd.c"
Finished building: ../src/sd.c
 
Building file: ../fsbl_vanilla_bsp/ps7_cortexa9_0/libsrc/xilffs_v2_1/src/diskio.c
Invoking: ARM gcc compiler
arm-xilinx-eabi-gcc -Wall -O0 -g3 -I"/home/jared/Research/vivado_workspace/axi_loopback/vivado/project_1.sdk/ZC702_hw_platform" -c -fmessage-length=0 -I/home/jared/Research/os/zynq-fsbl-vanilla/fsbl_vanilla_bsp/ps7_cortexa9_0/include -MMD -MP -MF"fsbl_vanilla_bsp/ps7_cortexa9_0/libsrc/xilffs_v2_1/src/diskio.d" -MT"fsbl_vanilla_bsp/ps7_cortexa9_0/libsrc/xilffs_v2_1/src/diskio.d" -o "fsbl_vanilla_bsp/ps7_cortexa9_0/libsrc/xilffs_v2_1/src/diskio.o" "../fsbl_vanilla_bsp/ps7_cortexa9_0/libsrc/xilffs_v2_1/src/diskio.c"
Finished building: ../fsbl_vanilla_bsp/ps7_cortexa9_0/libsrc/xilffs_v2_1/src/diskio.c
 
Building file: ../fsbl_vanilla_bsp/ps7_cortexa9_0/libsrc/xilffs_v2_1/src/ff.c
Invoking: ARM gcc compiler
arm-xilinx-eabi-gcc -Wall -O0 -g3 -I"/home/jared/Research/vivado_workspace/axi_loopback/vivado/project_1.sdk/ZC702_hw_platform" -c -fmessage-length=0 -I/home/jared/Research/os/zynq-fsbl-vanilla/fsbl_vanilla_bsp/ps7_cortexa9_0/include -MMD -MP -MF"fsbl_vanilla_bsp/ps7_cortexa9_0/libsrc/xilffs_v2_1/src/ff.d" -MT"fsbl_vanilla_bsp/ps7_cortexa9_0/libsrc/xilffs_v2_1/src/ff.d" -o "fsbl_vanilla_bsp/ps7_cortexa9_0/libsrc/xilffs_v2_1/src/ff.o" "../fsbl_vanilla_bsp/ps7_cortexa9_0/libsrc/xilffs_v2_1/src/ff.c"
Finished building: ../fsbl_vanilla_bsp/ps7_cortexa9_0/libsrc/xilffs_v2_1/src/ff.c
 
Building file: ../fsbl_vanilla_bsp/ps7_cortexa9_0/libsrc/xadcps_v2_0/src/xadcps.c
Invoking: ARM gcc compiler
arm-xilinx-eabi-gcc -Wall -O0 -g3 -I"/home/jared/Research/vivado_workspace/axi_loopback/vivado/project_1.sdk/ZC702_hw_platform" -c -fmessage-length=0 -I/home/jared/Research/os/zynq-fsbl-vanilla/fsbl_vanilla_bsp/ps7_cortexa9_0/include -MMD -MP -MF"fsbl_vanilla_bsp/ps7_cortexa9_0/libsrc/xadcps_v2_0/src/xadcps.d" -MT"fsbl_vanilla_bsp/ps7_cortexa9_0/libsrc/xadcps_v2_0/src/xadcps.d" -o "fsbl_vanilla_bsp/ps7_cortexa9_0/libsrc/xadcps_v2_0/src/xadcps.o" "../fsbl_vanilla_bsp/ps7_cortexa9_0/libsrc/xadcps_v2_0/src/xadcps.c"
Finished building: ../fsbl_vanilla_bsp/ps7_cortexa9_0/libsrc/xadcps_v2_0/src/xadcps.c
 
Building file: ../fsbl_vanilla_bsp/ps7_cortexa9_0/libsrc/xadcps_v2_0/src/xadcps_g.c
Invoking: ARM gcc compiler
arm-xilinx-eabi-gcc -Wall -O0 -g3 -I"/home/jared/Research/vivado_workspace/axi_loopback/vivado/project_1.sdk/ZC702_hw_platform" -c -fmessage-length=0 -I/home/jared/Research/os/zynq-fsbl-vanilla/fsbl_vanilla_bsp/ps7_cortexa9_0/include -MMD -MP -MF"fsbl_vanilla_bsp/ps7_cortexa9_0/libsrc/xadcps_v2_0/src/xadcps_g.d" -MT"fsbl_vanilla_bsp/ps7_cortexa9_0/libsrc/xadcps_v2_0/src/xadcps_g.d" -o "fsbl_vanilla_bsp/ps7_cortexa9_0/libsrc/xadcps_v2_0/src/xadcps_g.o" "../fsbl_vanilla_bsp/ps7_cortexa9_0/libsrc/xadcps_v2_0/src/xadcps_g.c"
Finished building: ../fsbl_vanilla_bsp/ps7_cortexa9_0/libsrc/xadcps_v2_0/src/xadcps_g.c
 
Building file: ../fsbl_vanilla_bsp/ps7_cortexa9_0/libsrc/xadcps_v2_0/src/xadcps_intr.c
Invoking: ARM gcc compiler
arm-xilinx-eabi-gcc -Wall -O0 -g3 -I"/home/jared/Research/vivado_workspace/axi_loopback/vivado/project_1.sdk/ZC702_hw_platform" -c -fmessage-length=0 -I/home/jared/Research/os/zynq-fsbl-vanilla/fsbl_vanilla_bsp/ps7_cortexa9_0/include -MMD -MP -MF"fsbl_vanilla_bsp/ps7_cortexa9_0/libsrc/xadcps_v2_0/src/xadcps_intr.d" -MT"fsbl_vanilla_bsp/ps7_cortexa9_0/libsrc/xadcps_v2_0/src/xadcps_intr.d" -o "fsbl_vanilla_bsp/ps7_cortexa9_0/libsrc/xadcps_v2_0/src/xadcps_intr.o" "../fsbl_vanilla_bsp/ps7_cortexa9_0/libsrc/xadcps_v2_0/src/xadcps_intr.c"
Finished building: ../fsbl_vanilla_bsp/ps7_cortexa9_0/libsrc/xadcps_v2_0/src/xadcps_intr.c
 
Building file: ../fsbl_vanilla_bsp/ps7_cortexa9_0/libsrc/xadcps_v2_0/src/xadcps_selftest.c
Invoking: ARM gcc compiler
arm-xilinx-eabi-gcc -Wall -O0 -g3 -I"/home/jared/Research/vivado_workspace/axi_loopback/vivado/project_1.sdk/ZC702_hw_platform" -c -fmessage-length=0 -I/home/jared/Research/os/zynq-fsbl-vanilla/fsbl_vanilla_bsp/ps7_cortexa9_0/include -MMD -MP -MF"fsbl_vanilla_bsp/ps7_cortexa9_0/libsrc/xadcps_v2_0/src/xadcps_selftest.d" -MT"fsbl_vanilla_bsp/ps7_cortexa9_0/libsrc/xadcps_v2_0/src/xadcps_selftest.d" -o "fsbl_vanilla_bsp/ps7_cortexa9_0/libsrc/xadcps_v2_0/src/xadcps_selftest.o" "../fsbl_vanilla_bsp/ps7_cortexa9_0/libsrc/xadcps_v2_0/src/xadcps_selftest.c"
Finished building: ../fsbl_vanilla_bsp/ps7_cortexa9_0/libsrc/xadcps_v2_0/src/xadcps_selftest.c
 
Building file: ../fsbl_vanilla_bsp/ps7_cortexa9_0/libsrc/xadcps_v2_0/src/xadcps_sinit.c
Invoking: ARM gcc compiler
arm-xilinx-eabi-gcc -Wall -O0 -g3 -I"/home/jared/Research/vivado_workspace/axi_loopback/vivado/project_1.sdk/ZC702_hw_platform" -c -fmessage-length=0 -I/home/jared/Research/os/zynq-fsbl-vanilla/fsbl_vanilla_bsp/ps7_cortexa9_0/include -MMD -MP -MF"fsbl_vanilla_bsp/ps7_cortexa9_0/libsrc/xadcps_v2_0/src/xadcps_sinit.d" -MT"fsbl_vanilla_bsp/ps7_cortexa9_0/libsrc/xadcps_v2_0/src/xadcps_sinit.d" -o "fsbl_vanilla_bsp/ps7_cortexa9_0/libsrc/xadcps_v2_0/src/xadcps_sinit.o" "../fsbl_vanilla_bsp/ps7_cortexa9_0/libsrc/xadcps_v2_0/src/xadcps_sinit.c"
Finished building: ../fsbl_vanilla_bsp/ps7_cortexa9_0/libsrc/xadcps_v2_0/src/xadcps_sinit.c
 
Building file: ../fsbl_vanilla_bsp/ps7_cortexa9_0/libsrc/usbps_v2_1/src/xusbps.c
Invoking: ARM gcc compiler
arm-xilinx-eabi-gcc -Wall -O0 -g3 -I"/home/jared/Research/vivado_workspace/axi_loopback/vivado/project_1.sdk/ZC702_hw_platform" -c -fmessage-length=0 -I/home/jared/Research/os/zynq-fsbl-vanilla/fsbl_vanilla_bsp/ps7_cortexa9_0/include -MMD -MP -MF"fsbl_vanilla_bsp/ps7_cortexa9_0/libsrc/usbps_v2_1/src/xusbps.d" -MT"fsbl_vanilla_bsp/ps7_cortexa9_0/libsrc/usbps_v2_1/src/xusbps.d" -o "fsbl_vanilla_bsp/ps7_cortexa9_0/libsrc/usbps_v2_1/src/xusbps.o" "../fsbl_vanilla_bsp/ps7_cortexa9_0/libsrc/usbps_v2_1/src/xusbps.c"
Finished building: ../fsbl_vanilla_bsp/ps7_cortexa9_0/libsrc/usbps_v2_1/src/xusbps.c
 
Building file: ../fsbl_vanilla_bsp/ps7_cortexa9_0/libsrc/usbps_v2_1/src/xusbps_endpoint.c
Invoking: ARM gcc compiler
arm-xilinx-eabi-gcc -Wall -O0 -g3 -I"/home/jared/Research/vivado_workspace/axi_loopback/vivado/project_1.sdk/ZC702_hw_platform" -c -fmessage-length=0 -I/home/jared/Research/os/zynq-fsbl-vanilla/fsbl_vanilla_bsp/ps7_cortexa9_0/include -MMD -MP -MF"fsbl_vanilla_bsp/ps7_cortexa9_0/libsrc/usbps_v2_1/src/xusbps_endpoint.d" -MT"fsbl_vanilla_bsp/ps7_cortexa9_0/libsrc/usbps_v2_1/src/xusbps_endpoint.d" -o "fsbl_vanilla_bsp/ps7_cortexa9_0/libsrc/usbps_v2_1/src/xusbps_endpoint.o" "../fsbl_vanilla_bsp/ps7_cortexa9_0/libsrc/usbps_v2_1/src/xusbps_endpoint.c"
Finished building: ../fsbl_vanilla_bsp/ps7_cortexa9_0/libsrc/usbps_v2_1/src/xusbps_endpoint.c
 
Building file: ../fsbl_vanilla_bsp/ps7_cortexa9_0/libsrc/usbps_v2_1/src/xusbps_g.c
Invoking: ARM gcc compiler
arm-xilinx-eabi-gcc -Wall -O0 -g3 -I"/home/jared/Research/vivado_workspace/axi_loopback/vivado/project_1.sdk/ZC702_hw_platform" -c -fmessage-length=0 -I/home/jared/Research/os/zynq-fsbl-vanilla/fsbl_vanilla_bsp/ps7_cortexa9_0/include -MMD -MP -MF"fsbl_vanilla_bsp/ps7_cortexa9_0/libsrc/usbps_v2_1/src/xusbps_g.d" -MT"fsbl_vanilla_bsp/ps7_cortexa9_0/libsrc/usbps_v2_1/src/xusbps_g.d" -o "fsbl_vanilla_bsp/ps7_cortexa9_0/libsrc/usbps_v2_1/src/xusbps_g.o" "../fsbl_vanilla_bsp/ps7_cortexa9_0/libsrc/usbps_v2_1/src/xusbps_g.c"
Finished building: ../fsbl_vanilla_bsp/ps7_cortexa9_0/libsrc/usbps_v2_1/src/xusbps_g.c
 
Building file: ../fsbl_vanilla_bsp/ps7_cortexa9_0/libsrc/usbps_v2_1/src/xusbps_hw.c
Invoking: ARM gcc compiler
arm-xilinx-eabi-gcc -Wall -O0 -g3 -I"/home/jared/Research/vivado_workspace/axi_loopback/vivado/project_1.sdk/ZC702_hw_platform" -c -fmessage-length=0 -I/home/jared/Research/os/zynq-fsbl-vanilla/fsbl_vanilla_bsp/ps7_cortexa9_0/include -MMD -MP -MF"fsbl_vanilla_bsp/ps7_cortexa9_0/libsrc/usbps_v2_1/src/xusbps_hw.d" -MT"fsbl_vanilla_bsp/ps7_cortexa9_0/libsrc/usbps_v2_1/src/xusbps_hw.d" -o "fsbl_vanilla_bsp/ps7_cortexa9_0/libsrc/usbps_v2_1/src/xusbps_hw.o" "../fsbl_vanilla_bsp/ps7_cortexa9_0/libsrc/usbps_v2_1/src/xusbps_hw.c"
Finished building: ../fsbl_vanilla_bsp/ps7_cortexa9_0/libsrc/usbps_v2_1/src/xusbps_hw.c
 
Building file: ../fsbl_vanilla_bsp/ps7_cortexa9_0/libsrc/usbps_v2_1/src/xusbps_intr.c
Invoking: ARM gcc compiler
arm-xilinx-eabi-gcc -Wall -O0 -g3 -I"/home/jared/Research/vivado_workspace/axi_loopback/vivado/project_1.sdk/ZC702_hw_platform" -c -fmessage-length=0 -I/home/jared/Research/os/zynq-fsbl-vanilla/fsbl_vanilla_bsp/ps7_cortexa9_0/include -MMD -MP -MF"fsbl_vanilla_bsp/ps7_cortexa9_0/libsrc/usbps_v2_1/src/xusbps_intr.d" -MT"fsbl_vanilla_bsp/ps7_cortexa9_0/libsrc/usbps_v2_1/src/xusbps_intr.d" -o "fsbl_vanilla_bsp/ps7_cortexa9_0/libsrc/usbps_v2_1/src/xusbps_intr.o" "../fsbl_vanilla_bsp/ps7_cortexa9_0/libsrc/usbps_v2_1/src/xusbps_intr.c"
Finished building: ../fsbl_vanilla_bsp/ps7_cortexa9_0/libsrc/usbps_v2_1/src/xusbps_intr.c
 
Building file: ../fsbl_vanilla_bsp/ps7_cortexa9_0/libsrc/usbps_v2_1/src/xusbps_sinit.c
Invoking: ARM gcc compiler
arm-xilinx-eabi-gcc -Wall -O0 -g3 -I"/home/jared/Research/vivado_workspace/axi_loopback/vivado/project_1.sdk/ZC702_hw_platform" -c -fmessage-length=0 -I/home/jared/Research/os/zynq-fsbl-vanilla/fsbl_vanilla_bsp/ps7_cortexa9_0/include -MMD -MP -MF"fsbl_vanilla_bsp/ps7_cortexa9_0/libsrc/usbps_v2_1/src/xusbps_sinit.d" -MT"fsbl_vanilla_bsp/ps7_cortexa9_0/libsrc/usbps_v2_1/src/xusbps_sinit.d" -o "fsbl_vanilla_bsp/ps7_cortexa9_0/libsrc/usbps_v2_1/src/xusbps_sinit.o" "../fsbl_vanilla_bsp/ps7_cortexa9_0/libsrc/usbps_v2_1/src/xusbps_sinit.c"
In file included from ../fsbl_vanilla_bsp/ps7_cortexa9_0/libsrc/standalone_v4_1/src/profile/_profile_clean.c:21:0:
Finished building: ../fsbl_vanilla_bsp/ps7_cortexa9_0/libsrc/usbps_v2_1/src/xusbps_sinit.c
 
Building file: ../fsbl_vanilla_bsp/ps7_cortexa9_0/libsrc/uartps_v2_1/src/xuartps.c
Invoking: ARM gcc compiler
arm-xilinx-eabi-gcc -Wall -O0 -g3 -I"/home/jared/Research/vivado_workspace/axi_loopback/vivado/project_1.sdk/ZC702_hw_platform" -c -fmessage-length=0 -I/home/jared/Research/os/zynq-fsbl-vanilla/fsbl_vanilla_bsp/ps7_cortexa9_0/include -MMD -MP -MF"fsbl_vanilla_bsp/ps7_cortexa9_0/libsrc/uartps_v2_1/src/xuartps.d" -MT"fsbl_vanilla_bsp/ps7_cortexa9_0/libsrc/uartps_v2_1/src/xuartps.d" -o "fsbl_vanilla_bsp/ps7_cortexa9_0/libsrc/uartps_v2_1/src/xuartps.o" "../fsbl_vanilla_bsp/ps7_cortexa9_0/libsrc/uartps_v2_1/src/xuartps.c"
../fsbl_vanilla_bsp/ps7_cortexa9_0/libsrc/standalone_v4_1/src/profile/_profile_timer_hw.h:75:21: fatal error: xintc_l.h: No such file or directory
Finished building: ../fsbl_vanilla_bsp/ps7_cortexa9_0/libsrc/uartps_v2_1/src/xuartps.c
 #include "xintc_l.h"
 
                     ^
Building file: ../fsbl_vanilla_bsp/ps7_cortexa9_0/libsrc/uartps_v2_1/src/xuartps_g.c
compilation terminated.
Invoking: ARM gcc compiler
make: *** [fsbl_vanilla_bsp/ps7_cortexa9_0/libsrc/standalone_v4_1/src/profile/_profile_clean.o] Error 1
arm-xilinx-eabi-gcc -Wall -O0 -g3 -I"/home/jared/Research/vivado_workspace/axi_loopback/vivado/project_1.sdk/ZC702_hw_platform" -c -fmessage-length=0 -I/home/jared/Research/os/zynq-fsbl-vanilla/fsbl_vanilla_bsp/ps7_cortexa9_0/include -MMD -MP -MF"fsbl_vanilla_bsp/ps7_cortexa9_0/libsrc/uartps_v2_1/src/xuartps_g.d" -MT"fsbl_vanilla_bsp/ps7_cortexa9_0/libsrc/uartps_v2_1/src/xuartps_g.d" -o "fsbl_vanilla_bsp/ps7_cortexa9_0/libsrc/uartps_v2_1/src/xuartps_g.o" "../fsbl_vanilla_bsp/ps7_cortexa9_0/libsrc/uartps_v2_1/src/xuartps_g.c"
Finished building: ../fsbl_vanilla_bsp/ps7_cortexa9_0/libsrc/uartps_v2_1/src/xuartps_g.c
 
Building file: ../fsbl_vanilla_bsp/ps7_cortexa9_0/libsrc/uartps_v2_1/src/xuartps_hw.c
Invoking: ARM gcc compiler
arm-xilinx-eabi-gcc -Wall -O0 -g3 -I"/home/jared/Research/vivado_workspace/axi_loopback/vivado/project_1.sdk/ZC702_hw_platform" -c -fmessage-length=0 -I/home/jared/Research/os/zynq-fsbl-vanilla/fsbl_vanilla_bsp/ps7_cortexa9_0/include -MMD -MP -MF"fsbl_vanilla_bsp/ps7_cortexa9_0/libsrc/uartps_v2_1/src/xuartps_hw.d" -MT"fsbl_vanilla_bsp/ps7_cortexa9_0/libsrc/uartps_v2_1/src/xuartps_hw.d" -o "fsbl_vanilla_bsp/ps7_cortexa9_0/libsrc/uartps_v2_1/src/xuartps_hw.o" "../fsbl_vanilla_bsp/ps7_cortexa9_0/libsrc/uartps_v2_1/src/xuartps_hw.c"
Finished building: ../fsbl_vanilla_bsp/ps7_cortexa9_0/libsrc/uartps_v2_1/src/xuartps_hw.c
 
Building file: ../fsbl_vanilla_bsp/ps7_cortexa9_0/libsrc/uartps_v2_1/src/xuartps_intr.c
Invoking: ARM gcc compiler
arm-xilinx-eabi-gcc -Wall -O0 -g3 -I"/home/jared/Research/vivado_workspace/axi_loopback/vivado/project_1.sdk/ZC702_hw_platform" -c -fmessage-length=0 -I/home/jared/Research/os/zynq-fsbl-vanilla/fsbl_vanilla_bsp/ps7_cortexa9_0/include -MMD -MP -MF"fsbl_vanilla_bsp/ps7_cortexa9_0/libsrc/uartps_v2_1/src/xuartps_intr.d" -MT"fsbl_vanilla_bsp/ps7_cortexa9_0/libsrc/uartps_v2_1/src/xuartps_intr.d" -o "fsbl_vanilla_bsp/ps7_cortexa9_0/libsrc/uartps_v2_1/src/xuartps_intr.o" "../fsbl_vanilla_bsp/ps7_cortexa9_0/libsrc/uartps_v2_1/src/xuartps_intr.c"
Finished building: ../fsbl_vanilla_bsp/ps7_cortexa9_0/libsrc/uartps_v2_1/src/xuartps_intr.c
 
Building file: ../fsbl_vanilla_bsp/ps7_cortexa9_0/libsrc/uartps_v2_1/src/xuartps_options.c
Invoking: ARM gcc compiler
arm-xilinx-eabi-gcc -Wall -O0 -g3 -I"/home/jared/Research/vivado_workspace/axi_loopback/vivado/project_1.sdk/ZC702_hw_platform" -c -fmessage-length=0 -I/home/jared/Research/os/zynq-fsbl-vanilla/fsbl_vanilla_bsp/ps7_cortexa9_0/include -MMD -MP -MF"fsbl_vanilla_bsp/ps7_cortexa9_0/libsrc/uartps_v2_1/src/xuartps_options.d" -MT"fsbl_vanilla_bsp/ps7_cortexa9_0/libsrc/uartps_v2_1/src/xuartps_options.d" -o "fsbl_vanilla_bsp/ps7_cortexa9_0/libsrc/uartps_v2_1/src/xuartps_options.o" "../fsbl_vanilla_bsp/ps7_cortexa9_0/libsrc/uartps_v2_1/src/xuartps_options.c"
Finished building: ../fsbl_vanilla_bsp/ps7_cortexa9_0/libsrc/uartps_v2_1/src/xuartps_options.c
 
Building file: ../fsbl_vanilla_bsp/ps7_cortexa9_0/libsrc/uartps_v2_1/src/xuartps_selftest.c
Invoking: ARM gcc compiler
arm-xilinx-eabi-gcc -Wall -O0 -g3 -I"/home/jared/Research/vivado_workspace/axi_loopback/vivado/project_1.sdk/ZC702_hw_platform" -c -fmessage-length=0 -I/home/jared/Research/os/zynq-fsbl-vanilla/fsbl_vanilla_bsp/ps7_cortexa9_0/include -MMD -MP -MF"fsbl_vanilla_bsp/ps7_cortexa9_0/libsrc/uartps_v2_1/src/xuartps_selftest.d" -MT"fsbl_vanilla_bsp/ps7_cortexa9_0/libsrc/uartps_v2_1/src/xuartps_selftest.d" -o "fsbl_vanilla_bsp/ps7_cortexa9_0/libsrc/uartps_v2_1/src/xuartps_selftest.o" "../fsbl_vanilla_bsp/ps7_cortexa9_0/libsrc/uartps_v2_1/src/xuartps_selftest.c"
Finished building: ../fsbl_vanilla_bsp/ps7_cortexa9_0/libsrc/uartps_v2_1/src/xuartps_selftest.c
 
Building file: ../fsbl_vanilla_bsp/ps7_cortexa9_0/libsrc/uartps_v2_1/src/xuartps_sinit.c
Invoking: ARM gcc compiler
arm-xilinx-eabi-gcc -Wall -O0 -g3 -I"/home/jared/Research/vivado_workspace/axi_loopback/vivado/project_1.sdk/ZC702_hw_platform" -c -fmessage-length=0 -I/home/jared/Research/os/zynq-fsbl-vanilla/fsbl_vanilla_bsp/ps7_cortexa9_0/include -MMD -MP -MF"fsbl_vanilla_bsp/ps7_cortexa9_0/libsrc/uartps_v2_1/src/xuartps_sinit.d" -MT"fsbl_vanilla_bsp/ps7_cortexa9_0/libsrc/uartps_v2_1/src/xuartps_sinit.d" -o "fsbl_vanilla_bsp/ps7_cortexa9_0/libsrc/uartps_v2_1/src/xuartps_sinit.o" "../fsbl_vanilla_bsp/ps7_cortexa9_0/libsrc/uartps_v2_1/src/xuartps_sinit.c"
Finished building: ../fsbl_vanilla_bsp/ps7_cortexa9_0/libsrc/uartps_v2_1/src/xuartps_sinit.c
 
Building file: ../fsbl_vanilla_bsp/ps7_cortexa9_0/libsrc/ttcps_v2_0/src/xttcps.c
Invoking: ARM gcc compiler
arm-xilinx-eabi-gcc -Wall -O0 -g3 -I"/home/jared/Research/vivado_workspace/axi_loopback/vivado/project_1.sdk/ZC702_hw_platform" -c -fmessage-length=0 -I/home/jared/Research/os/zynq-fsbl-vanilla/fsbl_vanilla_bsp/ps7_cortexa9_0/include -MMD -MP -MF"fsbl_vanilla_bsp/ps7_cortexa9_0/libsrc/ttcps_v2_0/src/xttcps.d" -MT"fsbl_vanilla_bsp/ps7_cortexa9_0/libsrc/ttcps_v2_0/src/xttcps.d" -o "fsbl_vanilla_bsp/ps7_cortexa9_0/libsrc/ttcps_v2_0/src/xttcps.o" "../fsbl_vanilla_bsp/ps7_cortexa9_0/libsrc/ttcps_v2_0/src/xttcps.c"
Finished building: ../fsbl_vanilla_bsp/ps7_cortexa9_0/libsrc/ttcps_v2_0/src/xttcps.c
 
Building file: ../fsbl_vanilla_bsp/ps7_cortexa9_0/libsrc/ttcps_v2_0/src/xttcps_g.c
Invoking: ARM gcc compiler
arm-xilinx-eabi-gcc -Wall -O0 -g3 -I"/home/jared/Research/vivado_workspace/axi_loopback/vivado/project_1.sdk/ZC702_hw_platform" -c -fmessage-length=0 -I/home/jared/Research/os/zynq-fsbl-vanilla/fsbl_vanilla_bsp/ps7_cortexa9_0/include -MMD -MP -MF"fsbl_vanilla_bsp/ps7_cortexa9_0/libsrc/ttcps_v2_0/src/xttcps_g.d" -MT"fsbl_vanilla_bsp/ps7_cortexa9_0/libsrc/ttcps_v2_0/src/xttcps_g.d" -o "fsbl_vanilla_bsp/ps7_cortexa9_0/libsrc/ttcps_v2_0/src/xttcps_g.o" "../fsbl_vanilla_bsp/ps7_cortexa9_0/libsrc/ttcps_v2_0/src/xttcps_g.c"
Finished building: ../fsbl_vanilla_bsp/ps7_cortexa9_0/libsrc/ttcps_v2_0/src/xttcps_g.c
 
Building file: ../fsbl_vanilla_bsp/ps7_cortexa9_0/libsrc/ttcps_v2_0/src/xttcps_options.c
Invoking: ARM gcc compiler
arm-xilinx-eabi-gcc -Wall -O0 -g3 -I"/home/jared/Research/vivado_workspace/axi_loopback/vivado/project_1.sdk/ZC702_hw_platform" -c -fmessage-length=0 -I/home/jared/Research/os/zynq-fsbl-vanilla/fsbl_vanilla_bsp/ps7_cortexa9_0/include -MMD -MP -MF"fsbl_vanilla_bsp/ps7_cortexa9_0/libsrc/ttcps_v2_0/src/xttcps_options.d" -MT"fsbl_vanilla_bsp/ps7_cortexa9_0/libsrc/ttcps_v2_0/src/xttcps_options.d" -o "fsbl_vanilla_bsp/ps7_cortexa9_0/libsrc/ttcps_v2_0/src/xttcps_options.o" "../fsbl_vanilla_bsp/ps7_cortexa9_0/libsrc/ttcps_v2_0/src/xttcps_options.c"
Finished building: ../fsbl_vanilla_bsp/ps7_cortexa9_0/libsrc/ttcps_v2_0/src/xttcps_options.c
 
Building file: ../fsbl_vanilla_bsp/ps7_cortexa9_0/libsrc/ttcps_v2_0/src/xttcps_selftest.c
Invoking: ARM gcc compiler
arm-xilinx-eabi-gcc -Wall -O0 -g3 -I"/home/jared/Research/vivado_workspace/axi_loopback/vivado/project_1.sdk/ZC702_hw_platform" -c -fmessage-length=0 -I/home/jared/Research/os/zynq-fsbl-vanilla/fsbl_vanilla_bsp/ps7_cortexa9_0/include -MMD -MP -MF"fsbl_vanilla_bsp/ps7_cortexa9_0/libsrc/ttcps_v2_0/src/xttcps_selftest.d" -MT"fsbl_vanilla_bsp/ps7_cortexa9_0/libsrc/ttcps_v2_0/src/xttcps_selftest.d" -o "fsbl_vanilla_bsp/ps7_cortexa9_0/libsrc/ttcps_v2_0/src/xttcps_selftest.o" "../fsbl_vanilla_bsp/ps7_cortexa9_0/libsrc/ttcps_v2_0/src/xttcps_selftest.c"
Finished building: ../fsbl_vanilla_bsp/ps7_cortexa9_0/libsrc/ttcps_v2_0/src/xttcps_selftest.c
 
Building file: ../fsbl_vanilla_bsp/ps7_cortexa9_0/libsrc/ttcps_v2_0/src/xttcps_sinit.c
Invoking: ARM gcc compiler
arm-xilinx-eabi-gcc -Wall -O0 -g3 -I"/home/jared/Research/vivado_workspace/axi_loopback/vivado/project_1.sdk/ZC702_hw_platform" -c -fmessage-length=0 -I/home/jared/Research/os/zynq-fsbl-vanilla/fsbl_vanilla_bsp/ps7_cortexa9_0/include -MMD -MP -MF"fsbl_vanilla_bsp/ps7_cortexa9_0/libsrc/ttcps_v2_0/src/xttcps_sinit.d" -MT"fsbl_vanilla_bsp/ps7_cortexa9_0/libsrc/ttcps_v2_0/src/xttcps_sinit.d" -o "fsbl_vanilla_bsp/ps7_cortexa9_0/libsrc/ttcps_v2_0/src/xttcps_sinit.o" "../fsbl_vanilla_bsp/ps7_cortexa9_0/libsrc/ttcps_v2_0/src/xttcps_sinit.c"
Finished building: ../fsbl_vanilla_bsp/ps7_cortexa9_0/libsrc/ttcps_v2_0/src/xttcps_sinit.c
 
Building file: ../fsbl_vanilla_bsp/ps7_cortexa9_0/libsrc/standalone_v4_1/src/profile/_profile_clean.c
Invoking: ARM gcc compiler
arm-xilinx-eabi-gcc -Wall -O0 -g3 -I"/home/jared/Research/vivado_workspace/axi_loopback/vivado/project_1.sdk/ZC702_hw_platform" -c -fmessage-length=0 -I/home/jared/Research/os/zynq-fsbl-vanilla/fsbl_vanilla_bsp/ps7_cortexa9_0/include -MMD -MP -MF"fsbl_vanilla_bsp/ps7_cortexa9_0/libsrc/standalone_v4_1/src/profile/_profile_clean.d" -MT"fsbl_vanilla_bsp/ps7_cortexa9_0/libsrc/standalone_v4_1/src/profile/_profile_clean.d" -o "fsbl_vanilla_bsp/ps7_cortexa9_0/libsrc/standalone_v4_1/src/profile/_profile_clean.o" "../fsbl_vanilla_bsp/ps7_cortexa9_0/libsrc/standalone_v4_1/src/profile/_profile_clean.c"
